[0.007s][info][gc,heap] Heap region size: 16M
[0.646s][info][gc     ] Using G1
[0.646s][info][gc,heap,coops] Heap address: 0x00000005c0000000, size: 8192 MB, Compressed Oops mode: Zero based, Oop shift amount: 3
[2.061s][info][gc,start     ] GC(0) Pause Young (Normal) (G1 Evacuation Pause)
[2.061s][info][gc,task      ] GC(0) Using 8 workers of 8 for evacuation
[2.103s][info][gc,mmu       ] GC(0) MMU target violated: 11.0ms (10.0ms/11.0ms)
[2.103s][info][gc,phases    ] GC(0)   Pre Evacuate Collection Set: 0.1ms
[2.103s][info][gc,phases    ] GC(0)   Evacuate Collection Set: 41.1ms
[2.103s][info][gc,phases    ] GC(0)   Post Evacuate Collection Set: 0.3ms
[2.103s][info][gc,phases    ] GC(0)   Other: 0.1ms
[2.103s][info][gc,heap      ] GC(0) Eden regions: 204->0(198)
[2.103s][info][gc,heap      ] GC(0) Survivor regions: 0->6(26)
[2.103s][info][gc,heap      ] GC(0) Old regions: 0->0
[2.103s][info][gc,heap      ] GC(0) Humongous regions: 0->0
[2.103s][info][gc,metaspace ] GC(0) Metaspace: 14453K(14976K)->14453K(14976K) NonClass: 13225K(13568K)->13225K(13568K) Class: 1228K(1408K)->1228K(1408K)
[2.103s][info][gc           ] GC(0) Pause Young (Normal) (G1 Evacuation Pause) 3264M->87M(8192M) 41.641ms
[2.103s][info][gc,cpu       ] GC(0) User=0.15s Sys=0.06s Real=0.04s
[2.516s][info][gc,start     ] GC(1) Pause Young (Normal) (G1 Evacuation Pause)
[2.516s][info][gc,task      ] GC(1) Using 8 workers of 8 for evacuation
[2.534s][info][gc,mmu       ] GC(1) MMU target violated: 11.0ms (10.0ms/11.0ms)
[2.535s][info][gc,phases    ] GC(1)   Pre Evacuate Collection Set: 0.0ms
[2.535s][info][gc,phases    ] GC(1)   Evacuate Collection Set: 17.9ms
[2.535s][info][gc,phases    ] GC(1)   Post Evacuate Collection Set: 0.3ms
[2.535s][info][gc,phases    ] GC(1)   Other: 0.1ms
[2.535s][info][gc,heap      ] GC(1) Eden regions: 198->0(198)
[2.535s][info][gc,heap      ] GC(1) Survivor regions: 6->6(26)
[2.535s][info][gc,heap      ] GC(1) Old regions: 0->0
[2.535s][info][gc,heap      ] GC(1) Humongous regions: 0->0
[2.535s][info][gc,metaspace ] GC(1) Metaspace: 14455K(14976K)->14455K(14976K) NonClass: 13226K(13568K)->13226K(13568K) Class: 1228K(1408K)->1228K(1408K)
[2.535s][info][gc           ] GC(1) Pause Young (Normal) (G1 Evacuation Pause) 3255M->94M(8192M) 18.395ms
[2.535s][info][gc,cpu       ] GC(1) User=0.14s Sys=0.00s Real=0.02s
[2.880s][info][gc,start     ] GC(2) Pause Young (Normal) (G1 Evacuation Pause)
[2.880s][info][gc,task      ] GC(2) Using 8 workers of 8 for evacuation
[2.899s][info][gc,mmu       ] GC(2) MMU target violated: 11.0ms (10.0ms/11.0ms)
[2.899s][info][gc,phases    ] GC(2)   Pre Evacuate Collection Set: 0.0ms
[2.899s][info][gc,phases    ] GC(2)   Evacuate Collection Set: 18.2ms
[2.899s][info][gc,phases    ] GC(2)   Post Evacuate Collection Set: 0.4ms
[2.899s][info][gc,phases    ] GC(2)   Other: 0.3ms
[2.899s][info][gc,heap      ] GC(2) Eden regions: 198->0(198)
[2.899s][info][gc,heap      ] GC(2) Survivor regions: 6->6(26)
[2.899s][info][gc,heap      ] GC(2) Old regions: 0->0
[2.899s][info][gc,heap      ] GC(2) Humongous regions: 0->0
[2.899s][info][gc,metaspace ] GC(2) Metaspace: 14455K(14976K)->14455K(14976K) NonClass: 13226K(13568K)->13226K(13568K) Class: 1228K(1408K)->1228K(1408K)
[2.899s][info][gc           ] GC(2) Pause Young (Normal) (G1 Evacuation Pause) 3262M->95M(8192M) 18.866ms
[2.899s][info][gc,cpu       ] GC(2) User=0.15s Sys=0.00s Real=0.02s
[3.244s][info][gc,start     ] GC(3) Pause Young (Normal) (G1 Evacuation Pause)
[3.244s][info][gc,task      ] GC(3) Using 8 workers of 8 for evacuation
[3.262s][info][gc,mmu       ] GC(3) MMU target violated: 11.0ms (10.0ms/11.0ms)
[3.262s][info][gc,phases    ] GC(3)   Pre Evacuate Collection Set: 0.0ms
[3.262s][info][gc,phases    ] GC(3)   Evacuate Collection Set: 17.0ms
[3.262s][info][gc,phases    ] GC(3)   Post Evacuate Collection Set: 0.4ms
[3.262s][info][gc,phases    ] GC(3)   Other: 0.1ms
[3.262s][info][gc,heap      ] GC(3) Eden regions: 198->0(198)
[3.262s][info][gc,heap      ] GC(3) Survivor regions: 6->6(26)
[3.262s][info][gc,heap      ] GC(3) Old regions: 0->0
[3.262s][info][gc,heap      ] GC(3) Humongous regions: 0->0
[3.262s][info][gc,metaspace ] GC(3) Metaspace: 14455K(14976K)->14455K(14976K) NonClass: 13226K(13568K)->13226K(13568K) Class: 1228K(1408K)->1228K(1408K)
[3.262s][info][gc           ] GC(3) Pause Young (Normal) (G1 Evacuation Pause) 3263M->95M(8192M) 17.612ms
[3.262s][info][gc,cpu       ] GC(3) User=0.13s Sys=0.00s Real=0.02s
[3.606s][info][gc,start     ] GC(4) Pause Young (Normal) (G1 Evacuation Pause)
[3.606s][info][gc,task      ] GC(4) Using 8 workers of 8 for evacuation
[3.624s][info][gc,mmu       ] GC(4) MMU target violated: 11.0ms (10.0ms/11.0ms)
[3.624s][info][gc,phases    ] GC(4)   Pre Evacuate Collection Set: 0.0ms
[3.624s][info][gc,phases    ] GC(4)   Evacuate Collection Set: 17.4ms
[3.624s][info][gc,phases    ] GC(4)   Post Evacuate Collection Set: 0.3ms
[3.624s][info][gc,phases    ] GC(4)   Other: 0.1ms
[3.624s][info][gc,heap      ] GC(4) Eden regions: 198->0(198)
[3.624s][info][gc,heap      ] GC(4) Survivor regions: 6->6(26)
[3.624s][info][gc,heap      ] GC(4) Old regions: 0->0
[3.624s][info][gc,heap      ] GC(4) Humongous regions: 0->0
[3.624s][info][gc,metaspace ] GC(4) Metaspace: 14455K(14976K)->14455K(14976K) NonClass: 13226K(13568K)->13226K(13568K) Class: 1228K(1408K)->1228K(1408K)
[3.624s][info][gc           ] GC(4) Pause Young (Normal) (G1 Evacuation Pause) 3263M->96M(8192M) 17.915ms
[3.624s][info][gc,cpu       ] GC(4) User=0.13s Sys=0.00s Real=0.02s
[3.968s][info][gc,start     ] GC(5) Pause Young (Normal) (G1 Evacuation Pause)
[3.968s][info][gc,task      ] GC(5) Using 8 workers of 8 for evacuation
[3.985s][info][gc,mmu       ] GC(5) MMU target violated: 11.0ms (10.0ms/11.0ms)
[3.985s][info][gc,phases    ] GC(5)   Pre Evacuate Collection Set: 0.0ms
[3.985s][info][gc,phases    ] GC(5)   Evacuate Collection Set: 16.3ms
[3.985s][info][gc,phases    ] GC(5)   Post Evacuate Collection Set: 0.4ms
[3.985s][info][gc,phases    ] GC(5)   Other: 0.1ms
[3.985s][info][gc,heap      ] GC(5) Eden regions: 198->0(198)
[3.985s][info][gc,heap      ] GC(5) Survivor regions: 6->6(26)
[3.985s][info][gc,heap      ] GC(5) Old regions: 0->0
[3.985s][info][gc,heap      ] GC(5) Humongous regions: 0->0
[3.985s][info][gc,metaspace ] GC(5) Metaspace: 14455K(14976K)->14455K(14976K) NonClass: 13226K(13568K)->13226K(13568K) Class: 1228K(1408K)->1228K(1408K)
[3.985s][info][gc           ] GC(5) Pause Young (Normal) (G1 Evacuation Pause) 3264M->90M(8192M) 16.895ms
[3.985s][info][gc,cpu       ] GC(5) User=0.12s Sys=0.00s Real=0.01s
[4.364s][info][gc,start     ] GC(6) Pause Young (Normal) (G1 Evacuation Pause)
[4.364s][info][gc,task      ] GC(6) Using 8 workers of 8 for evacuation
[4.384s][info][gc,mmu       ] GC(6) MMU target violated: 11.0ms (10.0ms/11.0ms)
[4.385s][info][gc,phases    ] GC(6)   Pre Evacuate Collection Set: 0.0ms
[4.385s][info][gc,phases    ] GC(6)   Evacuate Collection Set: 20.3ms
[4.385s][info][gc,phases    ] GC(6)   Post Evacuate Collection Set: 0.4ms
[4.385s][info][gc,phases    ] GC(6)   Other: 0.1ms
[4.385s][info][gc,heap      ] GC(6) Eden regions: 198->0(198)
[4.385s][info][gc,heap      ] GC(6) Survivor regions: 6->6(26)
[4.385s][info][gc,heap      ] GC(6) Old regions: 0->0
[4.385s][info][gc,heap      ] GC(6) Humongous regions: 0->0
[4.385s][info][gc,metaspace ] GC(6) Metaspace: 14610K(15232K)->14610K(15232K) NonClass: 13367K(13824K)->13367K(13824K) Class: 1243K(1408K)->1243K(1408K)
[4.385s][info][gc           ] GC(6) Pause Young (Normal) (G1 Evacuation Pause) 3258M->95M(8192M) 20.858ms
[4.385s][info][gc,cpu       ] GC(6) User=0.16s Sys=0.00s Real=0.02s
[4.735s][info][gc,start     ] GC(7) Pause Young (Normal) (G1 Evacuation Pause)
[4.735s][info][gc,task      ] GC(7) Using 8 workers of 8 for evacuation
[4.751s][info][gc,mmu       ] GC(7) MMU target violated: 11.0ms (10.0ms/11.0ms)
[4.751s][info][gc,phases    ] GC(7)   Pre Evacuate Collection Set: 0.0ms
[4.751s][info][gc,phases    ] GC(7)   Evacuate Collection Set: 16.2ms
[4.751s][info][gc,phases    ] GC(7)   Post Evacuate Collection Set: 0.4ms
[4.751s][info][gc,phases    ] GC(7)   Other: 0.1ms
[4.751s][info][gc,heap      ] GC(7) Eden regions: 198->0(198)
[4.751s][info][gc,heap      ] GC(7) Survivor regions: 6->6(26)
[4.751s][info][gc,heap      ] GC(7) Old regions: 0->0
[4.751s][info][gc,heap      ] GC(7) Humongous regions: 0->0
[4.751s][info][gc,metaspace ] GC(7) Metaspace: 14610K(15232K)->14610K(15232K) NonClass: 13367K(13824K)->13367K(13824K) Class: 1243K(1408K)->1243K(1408K)
[4.751s][info][gc           ] GC(7) Pause Young (Normal) (G1 Evacuation Pause) 3263M->96M(8192M) 16.765ms
[4.751s][info][gc,cpu       ] GC(7) User=0.12s Sys=0.00s Real=0.02s
[5.101s][info][gc,start     ] GC(8) Pause Young (Normal) (G1 Evacuation Pause)
[5.101s][info][gc,task      ] GC(8) Using 8 workers of 8 for evacuation
[5.120s][info][gc,mmu       ] GC(8) MMU target violated: 11.0ms (10.0ms/11.0ms)
[5.120s][info][gc,phases    ] GC(8)   Pre Evacuate Collection Set: 0.0ms
[5.120s][info][gc,phases    ] GC(8)   Evacuate Collection Set: 18.2ms
[5.120s][info][gc,phases    ] GC(8)   Post Evacuate Collection Set: 0.4ms
[5.120s][info][gc,phases    ] GC(8)   Other: 0.1ms
[5.120s][info][gc,heap      ] GC(8) Eden regions: 198->0(198)
[5.120s][info][gc,heap      ] GC(8) Survivor regions: 6->6(26)
[5.120s][info][gc,heap      ] GC(8) Old regions: 0->0
[5.120s][info][gc,heap      ] GC(8) Humongous regions: 0->0
[5.120s][info][gc,metaspace ] GC(8) Metaspace: 14610K(15232K)->14610K(15232K) NonClass: 13367K(13824K)->13367K(13824K) Class: 1243K(1408K)->1243K(1408K)
[5.120s][info][gc           ] GC(8) Pause Young (Normal) (G1 Evacuation Pause) 3264M->95M(8192M) 18.736ms
[5.120s][info][gc,cpu       ] GC(8) User=0.14s Sys=0.01s Real=0.02s
[5.469s][info][gc,start     ] GC(9) Pause Young (Normal) (G1 Evacuation Pause)
[5.469s][info][gc,task      ] GC(9) Using 8 workers of 8 for evacuation
[5.487s][info][gc,mmu       ] GC(9) MMU target violated: 11.0ms (10.0ms/11.0ms)
[5.487s][info][gc,phases    ] GC(9)   Pre Evacuate Collection Set: 0.0ms
[5.487s][info][gc,phases    ] GC(9)   Evacuate Collection Set: 17.0ms
[5.487s][info][gc,phases    ] GC(9)   Post Evacuate Collection Set: 0.3ms
[5.487s][info][gc,phases    ] GC(9)   Other: 0.1ms
[5.487s][info][gc,heap      ] GC(9) Eden regions: 198->0(198)
[5.487s][info][gc,heap      ] GC(9) Survivor regions: 6->6(26)
[5.487s][info][gc,heap      ] GC(9) Old regions: 0->0
[5.487s][info][gc,heap      ] GC(9) Humongous regions: 0->0
[5.487s][info][gc,metaspace ] GC(9) Metaspace: 14610K(15232K)->14610K(15232K) NonClass: 13367K(13824K)->13367K(13824K) Class: 1243K(1408K)->1243K(1408K)
[5.487s][info][gc           ] GC(9) Pause Young (Normal) (G1 Evacuation Pause) 3263M->95M(8192M) 17.552ms
[5.487s][info][gc,cpu       ] GC(9) User=0.13s Sys=0.00s Real=0.01s
[5.836s][info][gc,start     ] GC(10) Pause Young (Normal) (G1 Evacuation Pause)
[5.836s][info][gc,task      ] GC(10) Using 8 workers of 8 for evacuation
[5.856s][info][gc,mmu       ] GC(10) MMU target violated: 11.0ms (10.0ms/11.0ms)
[5.856s][info][gc,phases    ] GC(10)   Pre Evacuate Collection Set: 0.0ms
[5.856s][info][gc,phases    ] GC(10)   Evacuate Collection Set: 19.1ms
[5.856s][info][gc,phases    ] GC(10)   Post Evacuate Collection Set: 0.4ms
[5.856s][info][gc,phases    ] GC(10)   Other: 0.1ms
[5.856s][info][gc,heap      ] GC(10) Eden regions: 198->0(198)
[5.856s][info][gc,heap      ] GC(10) Survivor regions: 6->6(26)
[5.856s][info][gc,heap      ] GC(10) Old regions: 0->0
[5.856s][info][gc,heap      ] GC(10) Humongous regions: 0->0
[5.856s][info][gc,metaspace ] GC(10) Metaspace: 14610K(15232K)->14610K(15232K) NonClass: 13367K(13824K)->13367K(13824K) Class: 1243K(1408K)->1243K(1408K)
[5.856s][info][gc           ] GC(10) Pause Young (Normal) (G1 Evacuation Pause) 3263M->96M(8192M) 19.710ms
[5.856s][info][gc,cpu       ] GC(10) User=0.15s Sys=0.00s Real=0.02s
[6.206s][info][gc,start     ] GC(11) Pause Young (Normal) (G1 Evacuation Pause)
[6.206s][info][gc,task      ] GC(11) Using 8 workers of 8 for evacuation
[6.223s][info][gc,mmu       ] GC(11) MMU target violated: 11.0ms (10.0ms/11.0ms)
[6.223s][info][gc,phases    ] GC(11)   Pre Evacuate Collection Set: 0.0ms
[6.223s][info][gc,phases    ] GC(11)   Evacuate Collection Set: 16.7ms
[6.223s][info][gc,phases    ] GC(11)   Post Evacuate Collection Set: 0.3ms
[6.223s][info][gc,phases    ] GC(11)   Other: 0.1ms
[6.223s][info][gc,heap      ] GC(11) Eden regions: 198->0(198)
[6.223s][info][gc,heap      ] GC(11) Survivor regions: 6->6(26)
[6.223s][info][gc,heap      ] GC(11) Old regions: 0->0
[6.223s][info][gc,heap      ] GC(11) Humongous regions: 0->0
[6.223s][info][gc,metaspace ] GC(11) Metaspace: 14610K(15232K)->14610K(15232K) NonClass: 13367K(13824K)->13367K(13824K) Class: 1243K(1408K)->1243K(1408K)
[6.223s][info][gc           ] GC(11) Pause Young (Normal) (G1 Evacuation Pause) 3264M->95M(8192M) 17.227ms
[6.223s][info][gc,cpu       ] GC(11) User=0.13s Sys=0.00s Real=0.02s
[6.571s][info][gc,start     ] GC(12) Pause Young (Normal) (G1 Evacuation Pause)
[6.571s][info][gc,task      ] GC(12) Using 8 workers of 8 for evacuation
[6.588s][info][gc,mmu       ] GC(12) MMU target violated: 11.0ms (10.0ms/11.0ms)
[6.588s][info][gc,phases    ] GC(12)   Pre Evacuate Collection Set: 0.0ms
[6.588s][info][gc,phases    ] GC(12)   Evacuate Collection Set: 16.8ms
[6.588s][info][gc,phases    ] GC(12)   Post Evacuate Collection Set: 0.3ms
[6.588s][info][gc,phases    ] GC(12)   Other: 0.1ms
[6.588s][info][gc,heap      ] GC(12) Eden regions: 198->0(198)
[6.588s][info][gc,heap      ] GC(12) Survivor regions: 6->6(26)
[6.588s][info][gc,heap      ] GC(12) Old regions: 0->0
[6.588s][info][gc,heap      ] GC(12) Humongous regions: 0->0
[6.588s][info][gc,metaspace ] GC(12) Metaspace: 14610K(15232K)->14610K(15232K) NonClass: 13367K(13824K)->13367K(13824K) Class: 1243K(1408K)->1243K(1408K)
[6.588s][info][gc           ] GC(12) Pause Young (Normal) (G1 Evacuation Pause) 3263M->96M(8192M) 17.333ms
[6.588s][info][gc,cpu       ] GC(12) User=0.12s Sys=0.00s Real=0.02s
[6.939s][info][gc,start     ] GC(13) Pause Young (Normal) (G1 Evacuation Pause)
[6.939s][info][gc,task      ] GC(13) Using 8 workers of 8 for evacuation
[6.956s][info][gc,mmu       ] GC(13) MMU target violated: 11.0ms (10.0ms/11.0ms)
[6.956s][info][gc,phases    ] GC(13)   Pre Evacuate Collection Set: 0.0ms
[6.956s][info][gc,phases    ] GC(13)   Evacuate Collection Set: 16.7ms
[6.956s][info][gc,phases    ] GC(13)   Post Evacuate Collection Set: 0.3ms
[6.956s][info][gc,phases    ] GC(13)   Other: 0.1ms
[6.956s][info][gc,heap      ] GC(13) Eden regions: 198->0(198)
[6.956s][info][gc,heap      ] GC(13) Survivor regions: 6->6(26)
[6.956s][info][gc,heap      ] GC(13) Old regions: 0->0
[6.956s][info][gc,heap      ] GC(13) Humongous regions: 0->0
[6.956s][info][gc,metaspace ] GC(13) Metaspace: 14610K(15232K)->14610K(15232K) NonClass: 13367K(13824K)->13367K(13824K) Class: 1243K(1408K)->1243K(1408K)
[6.956s][info][gc           ] GC(13) Pause Young (Normal) (G1 Evacuation Pause) 3264M->95M(8192M) 17.170ms
[6.956s][info][gc,cpu       ] GC(13) User=0.13s Sys=0.00s Real=0.01s
[7.305s][info][gc,start     ] GC(14) Pause Young (Normal) (G1 Evacuation Pause)
[7.305s][info][gc,task      ] GC(14) Using 8 workers of 8 for evacuation
[7.324s][info][gc,mmu       ] GC(14) MMU target violated: 11.0ms (10.0ms/11.0ms)
[7.324s][info][gc,phases    ] GC(14)   Pre Evacuate Collection Set: 0.0ms
[7.324s][info][gc,phases    ] GC(14)   Evacuate Collection Set: 18.2ms
[7.324s][info][gc,phases    ] GC(14)   Post Evacuate Collection Set: 0.4ms
[7.324s][info][gc,phases    ] GC(14)   Other: 0.1ms
[7.324s][info][gc,heap      ] GC(14) Eden regions: 198->0(198)
[7.324s][info][gc,heap      ] GC(14) Survivor regions: 6->6(26)
[7.324s][info][gc,heap      ] GC(14) Old regions: 0->0
[7.324s][info][gc,heap      ] GC(14) Humongous regions: 0->0
[7.324s][info][gc,metaspace ] GC(14) Metaspace: 14624K(15232K)->14624K(15232K) NonClass: 13381K(13824K)->13381K(13824K) Class: 1243K(1408K)->1243K(1408K)
[7.324s][info][gc           ] GC(14) Pause Young (Normal) (G1 Evacuation Pause) 3263M->96M(8192M) 18.786ms
[7.324s][info][gc,cpu       ] GC(14) User=0.12s Sys=0.00s Real=0.02s
[7.662s][info][gc,start     ] GC(15) Pause Young (Normal) (G1 Evacuation Pause)
[7.662s][info][gc,task      ] GC(15) Using 8 workers of 8 for evacuation
[7.688s][info][gc,mmu       ] GC(15) MMU target violated: 11.0ms (10.0ms/11.0ms)
[7.688s][info][gc,phases    ] GC(15)   Pre Evacuate Collection Set: 0.0ms
[7.688s][info][gc,phases    ] GC(15)   Evacuate Collection Set: 25.7ms
[7.688s][info][gc,phases    ] GC(15)   Post Evacuate Collection Set: 0.3ms
[7.688s][info][gc,phases    ] GC(15)   Other: 0.1ms
[7.688s][info][gc,heap      ] GC(15) Eden regions: 198->0(203)
[7.688s][info][gc,heap      ] GC(15) Survivor regions: 6->1(26)
[7.688s][info][gc,heap      ] GC(15) Old regions: 0->6
[7.688s][info][gc,heap      ] GC(15) Humongous regions: 0->0
[7.688s][info][gc,metaspace ] GC(15) Metaspace: 14624K(15232K)->14624K(15232K) NonClass: 13381K(13824K)->13381K(13824K) Class: 1243K(1408K)->1243K(1408K)
[7.688s][info][gc           ] GC(15) Pause Young (Normal) (G1 Evacuation Pause) 3264M->106M(8192M) 26.130ms
[7.688s][info][gc,cpu       ] GC(15) User=0.17s Sys=0.01s Real=0.03s
[8.032s][info][gc,start     ] GC(16) Pause Young (Normal) (G1 Evacuation Pause)
[8.032s][info][gc,task      ] GC(16) Using 8 workers of 8 for evacuation
[8.033s][info][gc,phases    ] GC(16)   Pre Evacuate Collection Set: 0.0ms
[8.033s][info][gc,phases    ] GC(16)   Evacuate Collection Set: 0.2ms
[8.033s][info][gc,phases    ] GC(16)   Post Evacuate Collection Set: 0.2ms
[8.033s][info][gc,phases    ] GC(16)   Other: 0.1ms
[8.033s][info][gc,heap      ] GC(16) Eden regions: 203->0(203)
[8.033s][info][gc,heap      ] GC(16) Survivor regions: 1->1(26)
[8.033s][info][gc,heap      ] GC(16) Old regions: 6->6
[8.033s][info][gc,heap      ] GC(16) Humongous regions: 0->0
[8.033s][info][gc,metaspace ] GC(16) Metaspace: 14624K(15232K)->14624K(15232K) NonClass: 13381K(13824K)->13381K(13824K) Class: 1243K(1408K)->1243K(1408K)
[8.033s][info][gc           ] GC(16) Pause Young (Normal) (G1 Evacuation Pause) 3354M->94M(8192M) 0.485ms
[8.033s][info][gc,cpu       ] GC(16) User=0.01s Sys=0.00s Real=0.00s
[8.377s][info][gc,start     ] GC(17) Pause Young (Normal) (G1 Evacuation Pause)
[8.377s][info][gc,task      ] GC(17) Using 8 workers of 8 for evacuation
[8.378s][info][gc,phases    ] GC(17)   Pre Evacuate Collection Set: 0.0ms
[8.378s][info][gc,phases    ] GC(17)   Evacuate Collection Set: 0.2ms
[8.378s][info][gc,phases    ] GC(17)   Post Evacuate Collection Set: 0.2ms
[8.378s][info][gc,phases    ] GC(17)   Other: 0.1ms
[8.378s][info][gc,heap      ] GC(17) Eden regions: 203->0(203)
[8.378s][info][gc,heap      ] GC(17) Survivor regions: 1->1(26)
[8.378s][info][gc,heap      ] GC(17) Old regions: 6->6
[8.378s][info][gc,heap      ] GC(17) Humongous regions: 0->0
[8.378s][info][gc,metaspace ] GC(17) Metaspace: 14624K(15232K)->14624K(15232K) NonClass: 13381K(13824K)->13381K(13824K) Class: 1243K(1408K)->1243K(1408K)
[8.378s][info][gc           ] GC(17) Pause Young (Normal) (G1 Evacuation Pause) 3342M->91M(8192M) 0.492ms
[8.378s][info][gc,cpu       ] GC(17) User=0.00s Sys=0.00s Real=0.01s
[8.721s][info][gc,start     ] GC(18) Pause Young (Normal) (G1 Evacuation Pause)
[8.722s][info][gc,task      ] GC(18) Using 8 workers of 8 for evacuation
[8.722s][info][gc,phases    ] GC(18)   Pre Evacuate Collection Set: 0.0ms
[8.722s][info][gc,phases    ] GC(18)   Evacuate Collection Set: 0.2ms
[8.722s][info][gc,phases    ] GC(18)   Post Evacuate Collection Set: 0.2ms
[8.722s][info][gc,phases    ] GC(18)   Other: 0.1ms
[8.722s][info][gc,heap      ] GC(18) Eden regions: 203->0(203)
[8.722s][info][gc,heap      ] GC(18) Survivor regions: 1->1(26)
[8.722s][info][gc,heap      ] GC(18) Old regions: 6->6
[8.722s][info][gc,heap      ] GC(18) Humongous regions: 0->0
[8.722s][info][gc,metaspace ] GC(18) Metaspace: 14624K(15232K)->14624K(15232K) NonClass: 13381K(13824K)->13381K(13824K) Class: 1243K(1408K)->1243K(1408K)
[8.722s][info][gc           ] GC(18) Pause Young (Normal) (G1 Evacuation Pause) 3339M->90M(8192M) 0.499ms
[8.722s][info][gc,cpu       ] GC(18) User=0.00s Sys=0.00s Real=0.00s
[9.066s][info][gc,start     ] GC(19) Pause Young (Normal) (G1 Evacuation Pause)
[9.066s][info][gc,task      ] GC(19) Using 8 workers of 8 for evacuation
[9.066s][info][gc,phases    ] GC(19)   Pre Evacuate Collection Set: 0.0ms
[9.066s][info][gc,phases    ] GC(19)   Evacuate Collection Set: 0.2ms
[9.066s][info][gc,phases    ] GC(19)   Post Evacuate Collection Set: 0.2ms
[9.066s][info][gc,phases    ] GC(19)   Other: 0.1ms
[9.066s][info][gc,heap      ] GC(19) Eden regions: 203->0(205)
[9.066s][info][gc,heap      ] GC(19) Survivor regions: 1->1(26)
[9.066s][info][gc,heap      ] GC(19) Old regions: 6->6
[9.066s][info][gc,heap      ] GC(19) Humongous regions: 0->0
[9.066s][info][gc,metaspace ] GC(19) Metaspace: 14624K(15232K)->14624K(15232K) NonClass: 13381K(13824K)->13381K(13824K) Class: 1243K(1408K)->1243K(1408K)
[9.066s][info][gc           ] GC(19) Pause Young (Normal) (G1 Evacuation Pause) 3338M->90M(8192M) 0.491ms
[9.066s][info][gc,cpu       ] GC(19) User=0.01s Sys=0.00s Real=0.00s
[9.415s][info][gc,start     ] GC(20) Pause Young (Normal) (G1 Evacuation Pause)
[9.415s][info][gc,task      ] GC(20) Using 8 workers of 8 for evacuation
[9.415s][info][gc,phases    ] GC(20)   Pre Evacuate Collection Set: 0.0ms
[9.415s][info][gc,phases    ] GC(20)   Evacuate Collection Set: 0.2ms
[9.415s][info][gc,phases    ] GC(20)   Post Evacuate Collection Set: 0.3ms
[9.415s][info][gc,phases    ] GC(20)   Other: 0.1ms
[9.415s][info][gc,heap      ] GC(20) Eden regions: 205->0(224)
[9.415s][info][gc,heap      ] GC(20) Survivor regions: 1->1(26)
[9.415s][info][gc,heap      ] GC(20) Old regions: 6->6
[9.415s][info][gc,heap      ] GC(20) Humongous regions: 0->0
[9.415s][info][gc,metaspace ] GC(20) Metaspace: 14624K(15232K)->14624K(15232K) NonClass: 13381K(13824K)->13381K(13824K) Class: 1243K(1408K)->1243K(1408K)
[9.415s][info][gc           ] GC(20) Pause Young (Normal) (G1 Evacuation Pause) 3370M->90M(8192M) 0.620ms
[9.415s][info][gc,cpu       ] GC(20) User=0.00s Sys=0.00s Real=0.00s
[9.867s][info][gc,start     ] GC(21) Pause Young (Normal) (G1 Evacuation Pause)
[9.867s][info][gc,task      ] GC(21) Using 8 workers of 8 for evacuation
[9.867s][info][gc,phases    ] GC(21)   Pre Evacuate Collection Set: 0.0ms
[9.867s][info][gc,phases    ] GC(21)   Evacuate Collection Set: 0.2ms
[9.867s][info][gc,phases    ] GC(21)   Post Evacuate Collection Set: 0.2ms
[9.867s][info][gc,phases    ] GC(21)   Other: 0.4ms
[9.867s][info][gc,heap      ] GC(21) Eden regions: 224->0(255)
[9.867s][info][gc,heap      ] GC(21) Survivor regions: 1->1(29)
[9.867s][info][gc,heap      ] GC(21) Old regions: 6->6
[9.867s][info][gc,heap      ] GC(21) Humongous regions: 0->0
[9.867s][info][gc,metaspace ] GC(21) Metaspace: 14624K(15232K)->14624K(15232K) NonClass: 13381K(13824K)->13381K(13824K) Class: 1243K(1408K)->1243K(1408K)
[9.867s][info][gc           ] GC(21) Pause Young (Normal) (G1 Evacuation Pause) 3674M->90M(8192M) 0.789ms
[9.867s][info][gc,cpu       ] GC(21) User=0.00s Sys=0.00s Real=0.01s
[10.434s][info][gc,start     ] GC(22) Pause Young (Normal) (G1 Evacuation Pause)
[10.434s][info][gc,task      ] GC(22) Using 8 workers of 8 for evacuation
[10.434s][info][gc,phases    ] GC(22)   Pre Evacuate Collection Set: 0.0ms
[10.434s][info][gc,phases    ] GC(22)   Evacuate Collection Set: 0.2ms
[10.434s][info][gc,phases    ] GC(22)   Post Evacuate Collection Set: 0.3ms
[10.434s][info][gc,phases    ] GC(22)   Other: 0.1ms
[10.434s][info][gc,heap      ] GC(22) Eden regions: 255->0(255)
[10.434s][info][gc,heap      ] GC(22) Survivor regions: 1->1(32)
[10.434s][info][gc,heap      ] GC(22) Old regions: 6->6
[10.434s][info][gc,heap      ] GC(22) Humongous regions: 0->0
[10.434s][info][gc,metaspace ] GC(22) Metaspace: 14629K(15232K)->14629K(15232K) NonClass: 13385K(13824K)->13385K(13824K) Class: 1243K(1408K)->1243K(1408K)
[10.434s][info][gc           ] GC(22) Pause Young (Normal) (G1 Evacuation Pause) 4170M->90M(8192M) 0.648ms
[10.434s][info][gc,cpu       ] GC(22) User=0.00s Sys=0.00s Real=0.00s
[10.891s][info][gc,start     ] GC(23) Pause Young (Normal) (G1 Evacuation Pause)
[10.891s][info][gc,task      ] GC(23) Using 8 workers of 8 for evacuation
[10.892s][info][gc,phases    ] GC(23)   Pre Evacuate Collection Set: 0.0ms
[10.892s][info][gc,phases    ] GC(23)   Evacuate Collection Set: 0.1ms
[10.892s][info][gc,phases    ] GC(23)   Post Evacuate Collection Set: 0.2ms
[10.892s][info][gc,phases    ] GC(23)   Other: 0.1ms
[10.892s][info][gc,heap      ] GC(23) Eden regions: 255->0(255)
[10.892s][info][gc,heap      ] GC(23) Survivor regions: 1->1(32)
[10.892s][info][gc,heap      ] GC(23) Old regions: 6->6
[10.892s][info][gc,heap      ] GC(23) Humongous regions: 0->0
[10.892s][info][gc,metaspace ] GC(23) Metaspace: 14629K(15232K)->14629K(15232K) NonClass: 13385K(13824K)->13385K(13824K) Class: 1243K(1408K)->1243K(1408K)
[10.892s][info][gc           ] GC(23) Pause Young (Normal) (G1 Evacuation Pause) 4170M->90M(8192M) 0.522ms
[10.892s][info][gc,cpu       ] GC(23) User=0.00s Sys=0.00s Real=0.00s
[11.325s][info][gc,start     ] GC(24) Pause Young (Normal) (G1 Evacuation Pause)
[11.325s][info][gc,task      ] GC(24) Using 8 workers of 8 for evacuation
[11.325s][info][gc,phases    ] GC(24)   Pre Evacuate Collection Set: 0.0ms
[11.325s][info][gc,phases    ] GC(24)   Evacuate Collection Set: 0.1ms
[11.325s][info][gc,phases    ] GC(24)   Post Evacuate Collection Set: 0.2ms
[11.325s][info][gc,phases    ] GC(24)   Other: 0.1ms
[11.325s][info][gc,heap      ] GC(24) Eden regions: 255->0(255)
[11.325s][info][gc,heap      ] GC(24) Survivor regions: 1->1(32)
[11.325s][info][gc,heap      ] GC(24) Old regions: 6->6
[11.325s][info][gc,heap      ] GC(24) Humongous regions: 0->0
[11.325s][info][gc,metaspace ] GC(24) Metaspace: 14629K(15232K)->14629K(15232K) NonClass: 13385K(13824K)->13385K(13824K) Class: 1243K(1408K)->1243K(1408K)
[11.325s][info][gc           ] GC(24) Pause Young (Normal) (G1 Evacuation Pause) 4170M->90M(8192M) 0.487ms
[11.325s][info][gc,cpu       ] GC(24) User=0.00s Sys=0.00s Real=0.00s
[11.757s][info][gc,start     ] GC(25) Pause Young (Normal) (G1 Evacuation Pause)
[11.757s][info][gc,task      ] GC(25) Using 8 workers of 8 for evacuation
[11.758s][info][gc,phases    ] GC(25)   Pre Evacuate Collection Set: 0.0ms
[11.758s][info][gc,phases    ] GC(25)   Evacuate Collection Set: 0.1ms
[11.758s][info][gc,phases    ] GC(25)   Post Evacuate Collection Set: 0.2ms
[11.758s][info][gc,phases    ] GC(25)   Other: 0.1ms
[11.758s][info][gc,heap      ] GC(25) Eden regions: 255->0(255)
[11.758s][info][gc,heap      ] GC(25) Survivor regions: 1->1(32)
[11.758s][info][gc,heap      ] GC(25) Old regions: 6->6
[11.758s][info][gc,heap      ] GC(25) Humongous regions: 0->0
[11.758s][info][gc,metaspace ] GC(25) Metaspace: 14629K(15232K)->14629K(15232K) NonClass: 13385K(13824K)->13385K(13824K) Class: 1243K(1408K)->1243K(1408K)
[11.758s][info][gc           ] GC(25) Pause Young (Normal) (G1 Evacuation Pause) 4170M->90M(8192M) 0.501ms
[11.758s][info][gc,cpu       ] GC(25) User=0.00s Sys=0.00s Real=0.00s
[12.190s][info][gc,start     ] GC(26) Pause Young (Normal) (G1 Evacuation Pause)
[12.190s][info][gc,task      ] GC(26) Using 8 workers of 8 for evacuation
[12.190s][info][gc,phases    ] GC(26)   Pre Evacuate Collection Set: 0.0ms
[12.190s][info][gc,phases    ] GC(26)   Evacuate Collection Set: 0.2ms
[12.190s][info][gc,phases    ] GC(26)   Post Evacuate Collection Set: 0.2ms
[12.190s][info][gc,phases    ] GC(26)   Other: 0.1ms
[12.190s][info][gc,heap      ] GC(26) Eden regions: 255->0(255)
[12.190s][info][gc,heap      ] GC(26) Survivor regions: 1->1(32)
[12.190s][info][gc,heap      ] GC(26) Old regions: 6->6
[12.190s][info][gc,heap      ] GC(26) Humongous regions: 0->0
[12.190s][info][gc,metaspace ] GC(26) Metaspace: 14629K(15232K)->14629K(15232K) NonClass: 13385K(13824K)->13385K(13824K) Class: 1243K(1408K)->1243K(1408K)
[12.190s][info][gc           ] GC(26) Pause Young (Normal) (G1 Evacuation Pause) 4170M->90M(8192M) 0.502ms
[12.190s][info][gc,cpu       ] GC(26) User=0.00s Sys=0.00s Real=0.00s
[12.622s][info][gc,start     ] GC(27) Pause Young (Normal) (G1 Evacuation Pause)
[12.622s][info][gc,task      ] GC(27) Using 8 workers of 8 for evacuation
[12.622s][info][gc,phases    ] GC(27)   Pre Evacuate Collection Set: 0.0ms
[12.622s][info][gc,phases    ] GC(27)   Evacuate Collection Set: 0.1ms
[12.622s][info][gc,phases    ] GC(27)   Post Evacuate Collection Set: 0.2ms
[12.622s][info][gc,phases    ] GC(27)   Other: 0.1ms
[12.622s][info][gc,heap      ] GC(27) Eden regions: 255->0(255)
[12.622s][info][gc,heap      ] GC(27) Survivor regions: 1->1(32)
[12.622s][info][gc,heap      ] GC(27) Old regions: 6->6
[12.622s][info][gc,heap      ] GC(27) Humongous regions: 0->0
[12.622s][info][gc,metaspace ] GC(27) Metaspace: 14629K(15232K)->14629K(15232K) NonClass: 13385K(13824K)->13385K(13824K) Class: 1243K(1408K)->1243K(1408K)
[12.622s][info][gc           ] GC(27) Pause Young (Normal) (G1 Evacuation Pause) 4170M->90M(8192M) 0.520ms
[12.622s][info][gc,cpu       ] GC(27) User=0.00s Sys=0.00s Real=0.00s
[13.059s][info][gc,start     ] GC(28) Pause Young (Normal) (G1 Evacuation Pause)
[13.059s][info][gc,task      ] GC(28) Using 8 workers of 8 for evacuation
[13.059s][info][gc,phases    ] GC(28)   Pre Evacuate Collection Set: 0.0ms
[13.060s][info][gc,phases    ] GC(28)   Evacuate Collection Set: 0.2ms
[13.060s][info][gc,phases    ] GC(28)   Post Evacuate Collection Set: 0.2ms
[13.060s][info][gc,phases    ] GC(28)   Other: 0.1ms
[13.060s][info][gc,heap      ] GC(28) Eden regions: 255->0(255)
[13.060s][info][gc,heap      ] GC(28) Survivor regions: 1->1(32)
[13.060s][info][gc,heap      ] GC(28) Old regions: 6->6
[13.060s][info][gc,heap      ] GC(28) Humongous regions: 0->0
[13.060s][info][gc,metaspace ] GC(28) Metaspace: 14629K(15232K)->14629K(15232K) NonClass: 13385K(13824K)->13385K(13824K) Class: 1243K(1408K)->1243K(1408K)
[13.060s][info][gc           ] GC(28) Pause Young (Normal) (G1 Evacuation Pause) 4170M->90M(8192M) 0.532ms
[13.060s][info][gc,cpu       ] GC(28) User=0.00s Sys=0.00s Real=0.00s
[13.497s][info][gc,start     ] GC(29) Pause Young (Normal) (G1 Evacuation Pause)
[13.497s][info][gc,task      ] GC(29) Using 8 workers of 8 for evacuation
[13.497s][info][gc,phases    ] GC(29)   Pre Evacuate Collection Set: 0.0ms
[13.497s][info][gc,phases    ] GC(29)   Evacuate Collection Set: 0.2ms
[13.497s][info][gc,phases    ] GC(29)   Post Evacuate Collection Set: 0.2ms
[13.497s][info][gc,phases    ] GC(29)   Other: 0.1ms
[13.497s][info][gc,heap      ] GC(29) Eden regions: 255->0(255)
[13.497s][info][gc,heap      ] GC(29) Survivor regions: 1->1(32)
[13.497s][info][gc,heap      ] GC(29) Old regions: 6->6
[13.497s][info][gc,heap      ] GC(29) Humongous regions: 0->0
[13.497s][info][gc,metaspace ] GC(29) Metaspace: 14629K(15232K)->14629K(15232K) NonClass: 13385K(13824K)->13385K(13824K) Class: 1243K(1408K)->1243K(1408K)
[13.497s][info][gc           ] GC(29) Pause Young (Normal) (G1 Evacuation Pause) 4170M->90M(8192M) 0.519ms
[13.497s][info][gc,cpu       ] GC(29) User=0.01s Sys=0.00s Real=0.01s
[13.930s][info][gc,start     ] GC(30) Pause Young (Normal) (G1 Evacuation Pause)
[13.930s][info][gc,task      ] GC(30) Using 8 workers of 8 for evacuation
[13.930s][info][gc,phases    ] GC(30)   Pre Evacuate Collection Set: 0.0ms
[13.930s][info][gc,phases    ] GC(30)   Evacuate Collection Set: 0.1ms
[13.930s][info][gc,phases    ] GC(30)   Post Evacuate Collection Set: 0.2ms
[13.930s][info][gc,phases    ] GC(30)   Other: 0.1ms
[13.930s][info][gc,heap      ] GC(30) Eden regions: 255->0(255)
[13.930s][info][gc,heap      ] GC(30) Survivor regions: 1->1(32)
[13.930s][info][gc,heap      ] GC(30) Old regions: 6->6
[13.930s][info][gc,heap      ] GC(30) Humongous regions: 0->0
[13.930s][info][gc,metaspace ] GC(30) Metaspace: 14629K(15232K)->14629K(15232K) NonClass: 13385K(13824K)->13385K(13824K) Class: 1243K(1408K)->1243K(1408K)
[13.930s][info][gc           ] GC(30) Pause Young (Normal) (G1 Evacuation Pause) 4170M->90M(8192M) 0.513ms
[13.930s][info][gc,cpu       ] GC(30) User=0.00s Sys=0.00s Real=0.00s
[14.363s][info][gc,start     ] GC(31) Pause Young (Normal) (G1 Evacuation Pause)
[14.363s][info][gc,task      ] GC(31) Using 8 workers of 8 for evacuation
[14.363s][info][gc,phases    ] GC(31)   Pre Evacuate Collection Set: 0.0ms
[14.363s][info][gc,phases    ] GC(31)   Evacuate Collection Set: 0.2ms
[14.363s][info][gc,phases    ] GC(31)   Post Evacuate Collection Set: 0.2ms
[14.363s][info][gc,phases    ] GC(31)   Other: 0.1ms
[14.363s][info][gc,heap      ] GC(31) Eden regions: 255->0(255)
[14.363s][info][gc,heap      ] GC(31) Survivor regions: 1->1(32)
[14.363s][info][gc,heap      ] GC(31) Old regions: 6->6
[14.363s][info][gc,heap      ] GC(31) Humongous regions: 0->0
[14.363s][info][gc,metaspace ] GC(31) Metaspace: 14629K(15232K)->14629K(15232K) NonClass: 13385K(13824K)->13385K(13824K) Class: 1243K(1408K)->1243K(1408K)
[14.363s][info][gc           ] GC(31) Pause Young (Normal) (G1 Evacuation Pause) 4170M->90M(8192M) 0.537ms
[14.363s][info][gc,cpu       ] GC(31) User=0.00s Sys=0.00s Real=0.00s
[14.795s][info][gc,start     ] GC(32) Pause Young (Normal) (G1 Evacuation Pause)
[14.795s][info][gc,task      ] GC(32) Using 8 workers of 8 for evacuation
[14.796s][info][gc,phases    ] GC(32)   Pre Evacuate Collection Set: 0.0ms
[14.796s][info][gc,phases    ] GC(32)   Evacuate Collection Set: 0.2ms
[14.796s][info][gc,phases    ] GC(32)   Post Evacuate Collection Set: 0.2ms
[14.796s][info][gc,phases    ] GC(32)   Other: 0.1ms
[14.796s][info][gc,heap      ] GC(32) Eden regions: 255->0(255)
[14.796s][info][gc,heap      ] GC(32) Survivor regions: 1->1(32)
[14.796s][info][gc,heap      ] GC(32) Old regions: 6->6
[14.796s][info][gc,heap      ] GC(32) Humongous regions: 0->0
[14.796s][info][gc,metaspace ] GC(32) Metaspace: 14629K(15232K)->14629K(15232K) NonClass: 13385K(13824K)->13385K(13824K) Class: 1243K(1408K)->1243K(1408K)
[14.796s][info][gc           ] GC(32) Pause Young (Normal) (G1 Evacuation Pause) 4170M->90M(8192M) 0.564ms
[14.796s][info][gc,cpu       ] GC(32) User=0.00s Sys=0.00s Real=0.00s
[15.228s][info][gc,start     ] GC(33) Pause Young (Normal) (G1 Evacuation Pause)
[15.228s][info][gc,task      ] GC(33) Using 8 workers of 8 for evacuation
[15.228s][info][gc,phases    ] GC(33)   Pre Evacuate Collection Set: 0.0ms
[15.228s][info][gc,phases    ] GC(33)   Evacuate Collection Set: 0.1ms
[15.228s][info][gc,phases    ] GC(33)   Post Evacuate Collection Set: 0.2ms
[15.228s][info][gc,phases    ] GC(33)   Other: 0.1ms
[15.228s][info][gc,heap      ] GC(33) Eden regions: 255->0(255)
[15.228s][info][gc,heap      ] GC(33) Survivor regions: 1->1(32)
[15.228s][info][gc,heap      ] GC(33) Old regions: 6->6
[15.228s][info][gc,heap      ] GC(33) Humongous regions: 0->0
[15.228s][info][gc,metaspace ] GC(33) Metaspace: 14629K(15232K)->14629K(15232K) NonClass: 13385K(13824K)->13385K(13824K) Class: 1243K(1408K)->1243K(1408K)
[15.228s][info][gc           ] GC(33) Pause Young (Normal) (G1 Evacuation Pause) 4170M->90M(8192M) 0.506ms
[15.228s][info][gc,cpu       ] GC(33) User=0.00s Sys=0.00s Real=0.00s
[15.659s][info][gc,start     ] GC(34) Pause Young (Normal) (G1 Evacuation Pause)
[15.659s][info][gc,task      ] GC(34) Using 8 workers of 8 for evacuation
[15.659s][info][gc,phases    ] GC(34)   Pre Evacuate Collection Set: 0.0ms
[15.659s][info][gc,phases    ] GC(34)   Evacuate Collection Set: 0.2ms
[15.659s][info][gc,phases    ] GC(34)   Post Evacuate Collection Set: 0.2ms
[15.659s][info][gc,phases    ] GC(34)   Other: 0.2ms
[15.659s][info][gc,heap      ] GC(34) Eden regions: 255->0(255)
[15.659s][info][gc,heap      ] GC(34) Survivor regions: 1->1(32)
[15.659s][info][gc,heap      ] GC(34) Old regions: 6->6
[15.659s][info][gc,heap      ] GC(34) Humongous regions: 0->0
[15.659s][info][gc,metaspace ] GC(34) Metaspace: 14629K(15232K)->14629K(15232K) NonClass: 13385K(13824K)->13385K(13824K) Class: 1243K(1408K)->1243K(1408K)
[15.659s][info][gc           ] GC(34) Pause Young (Normal) (G1 Evacuation Pause) 4170M->90M(8192M) 0.646ms
[15.659s][info][gc,cpu       ] GC(34) User=0.00s Sys=0.00s Real=0.00s
[16.099s][info][gc,start     ] GC(35) Pause Young (Normal) (G1 Evacuation Pause)
[16.100s][info][gc,task      ] GC(35) Using 8 workers of 8 for evacuation
[16.100s][info][gc,phases    ] GC(35)   Pre Evacuate Collection Set: 0.0ms
[16.100s][info][gc,phases    ] GC(35)   Evacuate Collection Set: 0.2ms
[16.100s][info][gc,phases    ] GC(35)   Post Evacuate Collection Set: 0.2ms
[16.100s][info][gc,phases    ] GC(35)   Other: 0.2ms
[16.100s][info][gc,heap      ] GC(35) Eden regions: 255->0(255)
[16.100s][info][gc,heap      ] GC(35) Survivor regions: 1->1(32)
[16.100s][info][gc,heap      ] GC(35) Old regions: 6->6
[16.100s][info][gc,heap      ] GC(35) Humongous regions: 0->0
[16.100s][info][gc,metaspace ] GC(35) Metaspace: 14629K(15232K)->14629K(15232K) NonClass: 13386K(13824K)->13386K(13824K) Class: 1243K(1408K)->1243K(1408K)
[16.100s][info][gc           ] GC(35) Pause Young (Normal) (G1 Evacuation Pause) 4170M->90M(8192M) 0.638ms
[16.100s][info][gc,cpu       ] GC(35) User=0.00s Sys=0.00s Real=0.00s
[16.539s][info][gc,start     ] GC(36) Pause Young (Normal) (G1 Evacuation Pause)
[16.539s][info][gc,task      ] GC(36) Using 8 workers of 8 for evacuation
[16.539s][info][gc,phases    ] GC(36)   Pre Evacuate Collection Set: 0.0ms
[16.539s][info][gc,phases    ] GC(36)   Evacuate Collection Set: 0.2ms
[16.539s][info][gc,phases    ] GC(36)   Post Evacuate Collection Set: 0.2ms
[16.539s][info][gc,phases    ] GC(36)   Other: 0.1ms
[16.539s][info][gc,heap      ] GC(36) Eden regions: 255->0(255)
[16.539s][info][gc,heap      ] GC(36) Survivor regions: 1->1(32)
[16.539s][info][gc,heap      ] GC(36) Old regions: 6->6
[16.539s][info][gc,heap      ] GC(36) Humongous regions: 0->0
[16.539s][info][gc,metaspace ] GC(36) Metaspace: 14629K(15232K)->14629K(15232K) NonClass: 13386K(13824K)->13386K(13824K) Class: 1243K(1408K)->1243K(1408K)
[16.539s][info][gc           ] GC(36) Pause Young (Normal) (G1 Evacuation Pause) 4170M->90M(8192M) 0.517ms
[16.539s][info][gc,cpu       ] GC(36) User=0.00s Sys=0.00s Real=0.00s
[16.972s][info][gc,start     ] GC(37) Pause Young (Normal) (G1 Evacuation Pause)
[16.972s][info][gc,task      ] GC(37) Using 8 workers of 8 for evacuation
[16.973s][info][gc,phases    ] GC(37)   Pre Evacuate Collection Set: 0.0ms
[16.973s][info][gc,phases    ] GC(37)   Evacuate Collection Set: 0.1ms
[16.973s][info][gc,phases    ] GC(37)   Post Evacuate Collection Set: 0.2ms
[16.973s][info][gc,phases    ] GC(37)   Other: 0.1ms
[16.973s][info][gc,heap      ] GC(37) Eden regions: 255->0(255)
[16.973s][info][gc,heap      ] GC(37) Survivor regions: 1->1(32)
[16.973s][info][gc,heap      ] GC(37) Old regions: 6->6
[16.973s][info][gc,heap      ] GC(37) Humongous regions: 0->0
[16.973s][info][gc,metaspace ] GC(37) Metaspace: 14629K(15232K)->14629K(15232K) NonClass: 13386K(13824K)->13386K(13824K) Class: 1243K(1408K)->1243K(1408K)
[16.973s][info][gc           ] GC(37) Pause Young (Normal) (G1 Evacuation Pause) 4170M->90M(8192M) 0.511ms
[16.973s][info][gc,cpu       ] GC(37) User=0.00s Sys=0.00s Real=0.00s
[17.406s][info][gc,start     ] GC(38) Pause Young (Normal) (G1 Evacuation Pause)
[17.406s][info][gc,task      ] GC(38) Using 8 workers of 8 for evacuation
[17.406s][info][gc,phases    ] GC(38)   Pre Evacuate Collection Set: 0.0ms
[17.406s][info][gc,phases    ] GC(38)   Evacuate Collection Set: 0.2ms
[17.406s][info][gc,phases    ] GC(38)   Post Evacuate Collection Set: 0.2ms
[17.406s][info][gc,phases    ] GC(38)   Other: 0.1ms
[17.406s][info][gc,heap      ] GC(38) Eden regions: 255->0(255)
[17.406s][info][gc,heap      ] GC(38) Survivor regions: 1->1(32)
[17.406s][info][gc,heap      ] GC(38) Old regions: 6->6
[17.406s][info][gc,heap      ] GC(38) Humongous regions: 0->0
[17.406s][info][gc,metaspace ] GC(38) Metaspace: 14629K(15232K)->14629K(15232K) NonClass: 13386K(13824K)->13386K(13824K) Class: 1243K(1408K)->1243K(1408K)
[17.406s][info][gc           ] GC(38) Pause Young (Normal) (G1 Evacuation Pause) 4170M->90M(8192M) 0.526ms
[17.406s][info][gc,cpu       ] GC(38) User=0.00s Sys=0.00s Real=0.00s
[17.838s][info][gc,start     ] GC(39) Pause Young (Normal) (G1 Evacuation Pause)
[17.838s][info][gc,task      ] GC(39) Using 8 workers of 8 for evacuation
[17.838s][info][gc,phases    ] GC(39)   Pre Evacuate Collection Set: 0.0ms
[17.838s][info][gc,phases    ] GC(39)   Evacuate Collection Set: 0.1ms
[17.838s][info][gc,phases    ] GC(39)   Post Evacuate Collection Set: 0.2ms
[17.838s][info][gc,phases    ] GC(39)   Other: 0.1ms
[17.838s][info][gc,heap      ] GC(39) Eden regions: 255->0(255)
[17.838s][info][gc,heap      ] GC(39) Survivor regions: 1->1(32)
[17.838s][info][gc,heap      ] GC(39) Old regions: 6->6
[17.838s][info][gc,heap      ] GC(39) Humongous regions: 0->0
[17.838s][info][gc,metaspace ] GC(39) Metaspace: 14629K(15232K)->14629K(15232K) NonClass: 13386K(13824K)->13386K(13824K) Class: 1243K(1408K)->1243K(1408K)
[17.838s][info][gc           ] GC(39) Pause Young (Normal) (G1 Evacuation Pause) 4170M->90M(8192M) 0.513ms
[17.838s][info][gc,cpu       ] GC(39) User=0.00s Sys=0.00s Real=0.00s
[18.271s][info][gc,start     ] GC(40) Pause Young (Normal) (G1 Evacuation Pause)
[18.271s][info][gc,task      ] GC(40) Using 8 workers of 8 for evacuation
[18.271s][info][gc,phases    ] GC(40)   Pre Evacuate Collection Set: 0.0ms
[18.271s][info][gc,phases    ] GC(40)   Evacuate Collection Set: 0.1ms
[18.271s][info][gc,phases    ] GC(40)   Post Evacuate Collection Set: 0.2ms
[18.272s][info][gc,phases    ] GC(40)   Other: 0.1ms
[18.272s][info][gc,heap      ] GC(40) Eden regions: 255->0(255)
[18.272s][info][gc,heap      ] GC(40) Survivor regions: 1->1(32)
[18.272s][info][gc,heap      ] GC(40) Old regions: 6->6
[18.272s][info][gc,heap      ] GC(40) Humongous regions: 0->0
[18.272s][info][gc,metaspace ] GC(40) Metaspace: 14629K(15232K)->14629K(15232K) NonClass: 13386K(13824K)->13386K(13824K) Class: 1243K(1408K)->1243K(1408K)
[18.272s][info][gc           ] GC(40) Pause Young (Normal) (G1 Evacuation Pause) 4170M->90M(8192M) 0.515ms
[18.272s][info][gc,cpu       ] GC(40) User=0.01s Sys=0.00s Real=0.00s
[18.703s][info][gc,start     ] GC(41) Pause Young (Normal) (G1 Evacuation Pause)
[18.703s][info][gc,task      ] GC(41) Using 8 workers of 8 for evacuation
[18.704s][info][gc,phases    ] GC(41)   Pre Evacuate Collection Set: 0.0ms
[18.704s][info][gc,phases    ] GC(41)   Evacuate Collection Set: 0.1ms
[18.704s][info][gc,phases    ] GC(41)   Post Evacuate Collection Set: 0.2ms
[18.704s][info][gc,phases    ] GC(41)   Other: 0.1ms
[18.704s][info][gc,heap      ] GC(41) Eden regions: 255->0(255)
[18.704s][info][gc,heap      ] GC(41) Survivor regions: 1->1(32)
[18.704s][info][gc,heap      ] GC(41) Old regions: 6->6
[18.704s][info][gc,heap      ] GC(41) Humongous regions: 0->0
[18.704s][info][gc,metaspace ] GC(41) Metaspace: 14629K(15232K)->14629K(15232K) NonClass: 13386K(13824K)->13386K(13824K) Class: 1243K(1408K)->1243K(1408K)
[18.704s][info][gc           ] GC(41) Pause Young (Normal) (G1 Evacuation Pause) 4170M->90M(8192M) 0.508ms
[18.704s][info][gc,cpu       ] GC(41) User=0.01s Sys=0.00s Real=0.00s
[19.135s][info][gc,start     ] GC(42) Pause Young (Normal) (G1 Evacuation Pause)
[19.135s][info][gc,task      ] GC(42) Using 8 workers of 8 for evacuation
[19.136s][info][gc,phases    ] GC(42)   Pre Evacuate Collection Set: 0.0ms
[19.136s][info][gc,phases    ] GC(42)   Evacuate Collection Set: 0.1ms
[19.136s][info][gc,phases    ] GC(42)   Post Evacuate Collection Set: 0.2ms
[19.136s][info][gc,phases    ] GC(42)   Other: 0.1ms
[19.136s][info][gc,heap      ] GC(42) Eden regions: 255->0(255)
[19.136s][info][gc,heap      ] GC(42) Survivor regions: 1->1(32)
[19.136s][info][gc,heap      ] GC(42) Old regions: 6->6
[19.136s][info][gc,heap      ] GC(42) Humongous regions: 0->0
[19.136s][info][gc,metaspace ] GC(42) Metaspace: 14629K(15232K)->14629K(15232K) NonClass: 13386K(13824K)->13386K(13824K) Class: 1243K(1408K)->1243K(1408K)
[19.136s][info][gc           ] GC(42) Pause Young (Normal) (G1 Evacuation Pause) 4170M->90M(8192M) 0.527ms
[19.136s][info][gc,cpu       ] GC(42) User=0.01s Sys=0.00s Real=0.00s
[19.568s][info][gc,start     ] GC(43) Pause Young (Normal) (G1 Evacuation Pause)
[19.568s][info][gc,task      ] GC(43) Using 8 workers of 8 for evacuation
[19.569s][info][gc,phases    ] GC(43)   Pre Evacuate Collection Set: 0.0ms
[19.569s][info][gc,phases    ] GC(43)   Evacuate Collection Set: 0.1ms
[19.569s][info][gc,phases    ] GC(43)   Post Evacuate Collection Set: 0.2ms
[19.569s][info][gc,phases    ] GC(43)   Other: 0.1ms
[19.569s][info][gc,heap      ] GC(43) Eden regions: 255->0(255)
[19.569s][info][gc,heap      ] GC(43) Survivor regions: 1->1(32)
[19.569s][info][gc,heap      ] GC(43) Old regions: 6->6
[19.569s][info][gc,heap      ] GC(43) Humongous regions: 0->0
[19.569s][info][gc,metaspace ] GC(43) Metaspace: 14629K(15232K)->14629K(15232K) NonClass: 13386K(13824K)->13386K(13824K) Class: 1243K(1408K)->1243K(1408K)
[19.569s][info][gc           ] GC(43) Pause Young (Normal) (G1 Evacuation Pause) 4170M->90M(8192M) 0.516ms
[19.569s][info][gc,cpu       ] GC(43) User=0.00s Sys=0.00s Real=0.00s
[20.000s][info][gc,start     ] GC(44) Pause Young (Normal) (G1 Evacuation Pause)
[20.000s][info][gc,task      ] GC(44) Using 8 workers of 8 for evacuation
[20.000s][info][gc,phases    ] GC(44)   Pre Evacuate Collection Set: 0.0ms
[20.000s][info][gc,phases    ] GC(44)   Evacuate Collection Set: 0.1ms
[20.000s][info][gc,phases    ] GC(44)   Post Evacuate Collection Set: 0.2ms
[20.000s][info][gc,phases    ] GC(44)   Other: 0.1ms
[20.000s][info][gc,heap      ] GC(44) Eden regions: 255->0(255)
[20.000s][info][gc,heap      ] GC(44) Survivor regions: 1->1(32)
[20.000s][info][gc,heap      ] GC(44) Old regions: 6->6
[20.000s][info][gc,heap      ] GC(44) Humongous regions: 0->0
[20.000s][info][gc,metaspace ] GC(44) Metaspace: 14629K(15232K)->14629K(15232K) NonClass: 13386K(13824K)->13386K(13824K) Class: 1243K(1408K)->1243K(1408K)
[20.000s][info][gc           ] GC(44) Pause Young (Normal) (G1 Evacuation Pause) 4170M->90M(8192M) 0.525ms
[20.000s][info][gc,cpu       ] GC(44) User=0.00s Sys=0.00s Real=0.00s
[20.432s][info][gc,start     ] GC(45) Pause Young (Normal) (G1 Evacuation Pause)
[20.432s][info][gc,task      ] GC(45) Using 8 workers of 8 for evacuation
[20.433s][info][gc,phases    ] GC(45)   Pre Evacuate Collection Set: 0.0ms
[20.433s][info][gc,phases    ] GC(45)   Evacuate Collection Set: 0.1ms
[20.433s][info][gc,phases    ] GC(45)   Post Evacuate Collection Set: 0.2ms
[20.433s][info][gc,phases    ] GC(45)   Other: 0.1ms
[20.433s][info][gc,heap      ] GC(45) Eden regions: 255->0(255)
[20.433s][info][gc,heap      ] GC(45) Survivor regions: 1->1(32)
[20.433s][info][gc,heap      ] GC(45) Old regions: 6->6
[20.433s][info][gc,heap      ] GC(45) Humongous regions: 0->0
[20.433s][info][gc,metaspace ] GC(45) Metaspace: 14629K(15232K)->14629K(15232K) NonClass: 13386K(13824K)->13386K(13824K) Class: 1243K(1408K)->1243K(1408K)
[20.433s][info][gc           ] GC(45) Pause Young (Normal) (G1 Evacuation Pause) 4170M->90M(8192M) 0.487ms
[20.433s][info][gc,cpu       ] GC(45) User=0.00s Sys=0.01s Real=0.00s
[20.864s][info][gc,start     ] GC(46) Pause Young (Normal) (G1 Evacuation Pause)
[20.864s][info][gc,task      ] GC(46) Using 8 workers of 8 for evacuation
[20.864s][info][gc,phases    ] GC(46)   Pre Evacuate Collection Set: 0.0ms
[20.864s][info][gc,phases    ] GC(46)   Evacuate Collection Set: 0.2ms
[20.864s][info][gc,phases    ] GC(46)   Post Evacuate Collection Set: 0.2ms
[20.864s][info][gc,phases    ] GC(46)   Other: 0.1ms
[20.864s][info][gc,heap      ] GC(46) Eden regions: 255->0(255)
[20.864s][info][gc,heap      ] GC(46) Survivor regions: 1->1(32)
[20.864s][info][gc,heap      ] GC(46) Old regions: 6->6
[20.864s][info][gc,heap      ] GC(46) Humongous regions: 0->0
[20.864s][info][gc,metaspace ] GC(46) Metaspace: 14629K(15232K)->14629K(15232K) NonClass: 13386K(13824K)->13386K(13824K) Class: 1243K(1408K)->1243K(1408K)
[20.864s][info][gc           ] GC(46) Pause Young (Normal) (G1 Evacuation Pause) 4170M->90M(8192M) 0.551ms
[20.864s][info][gc,cpu       ] GC(46) User=0.00s Sys=0.00s Real=0.00s
[21.310s][info][gc,start     ] GC(47) Pause Young (Normal) (G1 Evacuation Pause)
[21.310s][info][gc,task      ] GC(47) Using 8 workers of 8 for evacuation
[21.310s][info][gc,phases    ] GC(47)   Pre Evacuate Collection Set: 0.0ms
[21.310s][info][gc,phases    ] GC(47)   Evacuate Collection Set: 0.2ms
[21.310s][info][gc,phases    ] GC(47)   Post Evacuate Collection Set: 0.3ms
[21.310s][info][gc,phases    ] GC(47)   Other: 0.1ms
[21.310s][info][gc,heap      ] GC(47) Eden regions: 255->0(255)
[21.310s][info][gc,heap      ] GC(47) Survivor regions: 1->1(32)
[21.310s][info][gc,heap      ] GC(47) Old regions: 6->6
[21.310s][info][gc,heap      ] GC(47) Humongous regions: 0->0
[21.310s][info][gc,metaspace ] GC(47) Metaspace: 14635K(15232K)->14635K(15232K) NonClass: 13391K(13824K)->13391K(13824K) Class: 1244K(1408K)->1244K(1408K)
[21.310s][info][gc           ] GC(47) Pause Young (Normal) (G1 Evacuation Pause) 4170M->90M(8192M) 0.719ms
[21.310s][info][gc,cpu       ] GC(47) User=0.01s Sys=0.00s Real=0.00s
[21.745s][info][gc,start     ] GC(48) Pause Young (Normal) (G1 Evacuation Pause)
[21.745s][info][gc,task      ] GC(48) Using 8 workers of 8 for evacuation
[21.746s][info][gc,phases    ] GC(48)   Pre Evacuate Collection Set: 0.0ms
[21.746s][info][gc,phases    ] GC(48)   Evacuate Collection Set: 0.1ms
[21.746s][info][gc,phases    ] GC(48)   Post Evacuate Collection Set: 0.2ms
[21.746s][info][gc,phases    ] GC(48)   Other: 0.4ms
[21.746s][info][gc,heap      ] GC(48) Eden regions: 255->0(255)
[21.746s][info][gc,heap      ] GC(48) Survivor regions: 1->1(32)
[21.746s][info][gc,heap      ] GC(48) Old regions: 6->6
[21.746s][info][gc,heap      ] GC(48) Humongous regions: 0->0
[21.746s][info][gc,metaspace ] GC(48) Metaspace: 14635K(15232K)->14635K(15232K) NonClass: 13391K(13824K)->13391K(13824K) Class: 1244K(1408K)->1244K(1408K)
[21.746s][info][gc           ] GC(48) Pause Young (Normal) (G1 Evacuation Pause) 4170M->90M(8192M) 0.767ms
[21.746s][info][gc,cpu       ] GC(48) User=0.00s Sys=0.00s Real=0.00s
[22.178s][info][gc,start     ] GC(49) Pause Young (Normal) (G1 Evacuation Pause)
[22.178s][info][gc,task      ] GC(49) Using 8 workers of 8 for evacuation
[22.179s][info][gc,phases    ] GC(49)   Pre Evacuate Collection Set: 0.0ms
[22.179s][info][gc,phases    ] GC(49)   Evacuate Collection Set: 0.2ms
[22.179s][info][gc,phases    ] GC(49)   Post Evacuate Collection Set: 0.3ms
[22.179s][info][gc,phases    ] GC(49)   Other: 0.1ms
[22.179s][info][gc,heap      ] GC(49) Eden regions: 255->0(255)
[22.179s][info][gc,heap      ] GC(49) Survivor regions: 1->1(32)
[22.179s][info][gc,heap      ] GC(49) Old regions: 6->6
[22.179s][info][gc,heap      ] GC(49) Humongous regions: 0->0
[22.179s][info][gc,metaspace ] GC(49) Metaspace: 14635K(15232K)->14635K(15232K) NonClass: 13391K(13824K)->13391K(13824K) Class: 1244K(1408K)->1244K(1408K)
[22.179s][info][gc           ] GC(49) Pause Young (Normal) (G1 Evacuation Pause) 4170M->90M(8192M) 0.651ms
[22.179s][info][gc,cpu       ] GC(49) User=0.00s Sys=0.00s Real=0.00s
[22.611s][info][gc,start     ] GC(50) Pause Young (Normal) (G1 Evacuation Pause)
[22.611s][info][gc,task      ] GC(50) Using 8 workers of 8 for evacuation
[22.612s][info][gc,phases    ] GC(50)   Pre Evacuate Collection Set: 0.0ms
[22.612s][info][gc,phases    ] GC(50)   Evacuate Collection Set: 0.1ms
[22.612s][info][gc,phases    ] GC(50)   Post Evacuate Collection Set: 0.3ms
[22.612s][info][gc,phases    ] GC(50)   Other: 0.1ms
[22.612s][info][gc,heap      ] GC(50) Eden regions: 255->0(255)
[22.612s][info][gc,heap      ] GC(50) Survivor regions: 1->1(32)
[22.612s][info][gc,heap      ] GC(50) Old regions: 6->6
[22.612s][info][gc,heap      ] GC(50) Humongous regions: 0->0
[22.612s][info][gc,metaspace ] GC(50) Metaspace: 14635K(15232K)->14635K(15232K) NonClass: 13391K(13824K)->13391K(13824K) Class: 1244K(1408K)->1244K(1408K)
[22.612s][info][gc           ] GC(50) Pause Young (Normal) (G1 Evacuation Pause) 4170M->90M(8192M) 0.630ms
[22.612s][info][gc,cpu       ] GC(50) User=0.00s Sys=0.00s Real=0.00s
[23.044s][info][gc,start     ] GC(51) Pause Young (Normal) (G1 Evacuation Pause)
[23.044s][info][gc,task      ] GC(51) Using 8 workers of 8 for evacuation
[23.044s][info][gc,phases    ] GC(51)   Pre Evacuate Collection Set: 0.0ms
[23.044s][info][gc,phases    ] GC(51)   Evacuate Collection Set: 0.1ms
[23.044s][info][gc,phases    ] GC(51)   Post Evacuate Collection Set: 0.2ms
[23.044s][info][gc,phases    ] GC(51)   Other: 0.1ms
[23.044s][info][gc,heap      ] GC(51) Eden regions: 255->0(255)
[23.044s][info][gc,heap      ] GC(51) Survivor regions: 1->1(32)
[23.044s][info][gc,heap      ] GC(51) Old regions: 6->6
[23.044s][info][gc,heap      ] GC(51) Humongous regions: 0->0
[23.044s][info][gc,metaspace ] GC(51) Metaspace: 14635K(15232K)->14635K(15232K) NonClass: 13391K(13824K)->13391K(13824K) Class: 1244K(1408K)->1244K(1408K)
[23.044s][info][gc           ] GC(51) Pause Young (Normal) (G1 Evacuation Pause) 4170M->90M(8192M) 0.513ms
[23.044s][info][gc,cpu       ] GC(51) User=0.00s Sys=0.00s Real=0.00s
[23.482s][info][gc,start     ] GC(52) Pause Young (Normal) (G1 Evacuation Pause)
[23.483s][info][gc,task      ] GC(52) Using 8 workers of 8 for evacuation
[23.483s][info][gc,phases    ] GC(52)   Pre Evacuate Collection Set: 0.0ms
[23.483s][info][gc,phases    ] GC(52)   Evacuate Collection Set: 0.2ms
[23.483s][info][gc,phases    ] GC(52)   Post Evacuate Collection Set: 0.2ms
[23.483s][info][gc,phases    ] GC(52)   Other: 0.1ms
[23.483s][info][gc,heap      ] GC(52) Eden regions: 255->0(255)
[23.483s][info][gc,heap      ] GC(52) Survivor regions: 1->1(32)
[23.483s][info][gc,heap      ] GC(52) Old regions: 6->6
[23.483s][info][gc,heap      ] GC(52) Humongous regions: 0->0
[23.483s][info][gc,metaspace ] GC(52) Metaspace: 14635K(15232K)->14635K(15232K) NonClass: 13391K(13824K)->13391K(13824K) Class: 1244K(1408K)->1244K(1408K)
[23.483s][info][gc           ] GC(52) Pause Young (Normal) (G1 Evacuation Pause) 4170M->90M(8192M) 0.590ms
[23.483s][info][gc,cpu       ] GC(52) User=0.00s Sys=0.00s Real=0.00s
[23.937s][info][gc,start     ] GC(53) Pause Young (Normal) (G1 Evacuation Pause)
[23.937s][info][gc,task      ] GC(53) Using 8 workers of 8 for evacuation
[23.937s][info][gc,phases    ] GC(53)   Pre Evacuate Collection Set: 0.0ms
[23.937s][info][gc,phases    ] GC(53)   Evacuate Collection Set: 0.2ms
[23.937s][info][gc,phases    ] GC(53)   Post Evacuate Collection Set: 0.2ms
[23.937s][info][gc,phases    ] GC(53)   Other: 0.1ms
[23.937s][info][gc,heap      ] GC(53) Eden regions: 255->0(255)
[23.937s][info][gc,heap      ] GC(53) Survivor regions: 1->1(32)
[23.937s][info][gc,heap      ] GC(53) Old regions: 6->6
[23.937s][info][gc,heap      ] GC(53) Humongous regions: 0->0
[23.937s][info][gc,metaspace ] GC(53) Metaspace: 14635K(15232K)->14635K(15232K) NonClass: 13391K(13824K)->13391K(13824K) Class: 1244K(1408K)->1244K(1408K)
[23.937s][info][gc           ] GC(53) Pause Young (Normal) (G1 Evacuation Pause) 4170M->90M(8192M) 0.559ms
[23.937s][info][gc,cpu       ] GC(53) User=0.01s Sys=0.00s Real=0.01s
[24.383s][info][gc,start     ] GC(54) Pause Young (Normal) (G1 Evacuation Pause)
[24.383s][info][gc,task      ] GC(54) Using 8 workers of 8 for evacuation
[24.384s][info][gc,phases    ] GC(54)   Pre Evacuate Collection Set: 0.0ms
[24.384s][info][gc,phases    ] GC(54)   Evacuate Collection Set: 0.1ms
[24.384s][info][gc,phases    ] GC(54)   Post Evacuate Collection Set: 0.2ms
[24.384s][info][gc,phases    ] GC(54)   Other: 0.1ms
[24.384s][info][gc,heap      ] GC(54) Eden regions: 255->0(255)
[24.384s][info][gc,heap      ] GC(54) Survivor regions: 1->1(32)
[24.384s][info][gc,heap      ] GC(54) Old regions: 6->6
[24.384s][info][gc,heap      ] GC(54) Humongous regions: 0->0
[24.384s][info][gc,metaspace ] GC(54) Metaspace: 14635K(15232K)->14635K(15232K) NonClass: 13391K(13824K)->13391K(13824K) Class: 1244K(1408K)->1244K(1408K)
[24.384s][info][gc           ] GC(54) Pause Young (Normal) (G1 Evacuation Pause) 4170M->90M(8192M) 0.510ms
[24.384s][info][gc,cpu       ] GC(54) User=0.00s Sys=0.00s Real=0.00s
[24.816s][info][gc,start     ] GC(55) Pause Young (Normal) (G1 Evacuation Pause)
[24.816s][info][gc,task      ] GC(55) Using 8 workers of 8 for evacuation
[24.816s][info][gc,phases    ] GC(55)   Pre Evacuate Collection Set: 0.0ms
[24.816s][info][gc,phases    ] GC(55)   Evacuate Collection Set: 0.1ms
[24.816s][info][gc,phases    ] GC(55)   Post Evacuate Collection Set: 0.2ms
[24.816s][info][gc,phases    ] GC(55)   Other: 0.1ms
[24.816s][info][gc,heap      ] GC(55) Eden regions: 255->0(255)
[24.816s][info][gc,heap      ] GC(55) Survivor regions: 1->1(32)
[24.816s][info][gc,heap      ] GC(55) Old regions: 6->6
[24.816s][info][gc,heap      ] GC(55) Humongous regions: 0->0
[24.816s][info][gc,metaspace ] GC(55) Metaspace: 14635K(15232K)->14635K(15232K) NonClass: 13391K(13824K)->13391K(13824K) Class: 1244K(1408K)->1244K(1408K)
[24.816s][info][gc           ] GC(55) Pause Young (Normal) (G1 Evacuation Pause) 4170M->90M(8192M) 0.516ms
[24.816s][info][gc,cpu       ] GC(55) User=0.00s Sys=0.00s Real=0.00s
[25.247s][info][gc,start     ] GC(56) Pause Young (Normal) (G1 Evacuation Pause)
[25.247s][info][gc,task      ] GC(56) Using 8 workers of 8 for evacuation
[25.248s][info][gc,phases    ] GC(56)   Pre Evacuate Collection Set: 0.0ms
[25.248s][info][gc,phases    ] GC(56)   Evacuate Collection Set: 0.2ms
[25.248s][info][gc,phases    ] GC(56)   Post Evacuate Collection Set: 0.3ms
[25.248s][info][gc,phases    ] GC(56)   Other: 0.1ms
[25.248s][info][gc,heap      ] GC(56) Eden regions: 255->0(255)
[25.248s][info][gc,heap      ] GC(56) Survivor regions: 1->1(32)
[25.248s][info][gc,heap      ] GC(56) Old regions: 6->6
[25.248s][info][gc,heap      ] GC(56) Humongous regions: 0->0
[25.248s][info][gc,metaspace ] GC(56) Metaspace: 14635K(15232K)->14635K(15232K) NonClass: 13391K(13824K)->13391K(13824K) Class: 1244K(1408K)->1244K(1408K)
[25.248s][info][gc           ] GC(56) Pause Young (Normal) (G1 Evacuation Pause) 4170M->90M(8192M) 0.593ms
[25.248s][info][gc,cpu       ] GC(56) User=0.00s Sys=0.00s Real=0.00s
[25.683s][info][gc,start     ] GC(57) Pause Young (Normal) (G1 Evacuation Pause)
[25.683s][info][gc,task      ] GC(57) Using 8 workers of 8 for evacuation
[25.684s][info][gc,phases    ] GC(57)   Pre Evacuate Collection Set: 0.0ms
[25.684s][info][gc,phases    ] GC(57)   Evacuate Collection Set: 0.2ms
[25.684s][info][gc,phases    ] GC(57)   Post Evacuate Collection Set: 0.2ms
[25.684s][info][gc,phases    ] GC(57)   Other: 0.1ms
[25.684s][info][gc,heap      ] GC(57) Eden regions: 255->0(255)
[25.684s][info][gc,heap      ] GC(57) Survivor regions: 1->1(32)
[25.684s][info][gc,heap      ] GC(57) Old regions: 6->6
[25.684s][info][gc,heap      ] GC(57) Humongous regions: 0->0
[25.684s][info][gc,metaspace ] GC(57) Metaspace: 14635K(15232K)->14635K(15232K) NonClass: 13391K(13824K)->13391K(13824K) Class: 1244K(1408K)->1244K(1408K)
[25.684s][info][gc           ] GC(57) Pause Young (Normal) (G1 Evacuation Pause) 4170M->90M(8192M) 0.543ms
[25.684s][info][gc,cpu       ] GC(57) User=0.00s Sys=0.00s Real=0.00s
[26.132s][info][gc,start     ] GC(58) Pause Young (Normal) (G1 Evacuation Pause)
[26.132s][info][gc,task      ] GC(58) Using 8 workers of 8 for evacuation
[26.132s][info][gc,phases    ] GC(58)   Pre Evacuate Collection Set: 0.0ms
[26.132s][info][gc,phases    ] GC(58)   Evacuate Collection Set: 0.2ms
[26.132s][info][gc,phases    ] GC(58)   Post Evacuate Collection Set: 0.2ms
[26.132s][info][gc,phases    ] GC(58)   Other: 0.1ms
[26.132s][info][gc,heap      ] GC(58) Eden regions: 255->0(255)
[26.132s][info][gc,heap      ] GC(58) Survivor regions: 1->1(32)
[26.133s][info][gc,heap      ] GC(58) Old regions: 6->6
[26.133s][info][gc,heap      ] GC(58) Humongous regions: 0->0
[26.133s][info][gc,metaspace ] GC(58) Metaspace: 14635K(15232K)->14635K(15232K) NonClass: 13391K(13824K)->13391K(13824K) Class: 1244K(1408K)->1244K(1408K)
[26.133s][info][gc           ] GC(58) Pause Young (Normal) (G1 Evacuation Pause) 4170M->90M(8192M) 0.523ms
[26.133s][info][gc,cpu       ] GC(58) User=0.00s Sys=0.01s Real=0.00s
[26.570s][info][gc,start     ] GC(59) Pause Young (Normal) (G1 Evacuation Pause)
[26.570s][info][gc,task      ] GC(59) Using 8 workers of 8 for evacuation
[26.570s][info][gc,phases    ] GC(59)   Pre Evacuate Collection Set: 0.0ms
[26.570s][info][gc,phases    ] GC(59)   Evacuate Collection Set: 0.1ms
[26.570s][info][gc,phases    ] GC(59)   Post Evacuate Collection Set: 0.2ms
[26.570s][info][gc,phases    ] GC(59)   Other: 0.1ms
[26.570s][info][gc,heap      ] GC(59) Eden regions: 255->0(255)
[26.570s][info][gc,heap      ] GC(59) Survivor regions: 1->1(32)
[26.570s][info][gc,heap      ] GC(59) Old regions: 6->6
[26.570s][info][gc,heap      ] GC(59) Humongous regions: 0->0
[26.570s][info][gc,metaspace ] GC(59) Metaspace: 14635K(15232K)->14635K(15232K) NonClass: 13391K(13824K)->13391K(13824K) Class: 1244K(1408K)->1244K(1408K)
[26.570s][info][gc           ] GC(59) Pause Young (Normal) (G1 Evacuation Pause) 4170M->90M(8192M) 0.534ms
[26.570s][info][gc,cpu       ] GC(59) User=0.01s Sys=0.00s Real=0.00s
[27.003s][info][gc,start     ] GC(60) Pause Young (Normal) (G1 Evacuation Pause)
[27.003s][info][gc,task      ] GC(60) Using 8 workers of 8 for evacuation
[27.004s][info][gc,phases    ] GC(60)   Pre Evacuate Collection Set: 0.0ms
[27.004s][info][gc,phases    ] GC(60)   Evacuate Collection Set: 0.1ms
[27.004s][info][gc,phases    ] GC(60)   Post Evacuate Collection Set: 0.2ms
[27.004s][info][gc,phases    ] GC(60)   Other: 0.1ms
[27.004s][info][gc,heap      ] GC(60) Eden regions: 255->0(255)
[27.004s][info][gc,heap      ] GC(60) Survivor regions: 1->1(32)
[27.004s][info][gc,heap      ] GC(60) Old regions: 6->6
[27.004s][info][gc,heap      ] GC(60) Humongous regions: 0->0
[27.004s][info][gc,metaspace ] GC(60) Metaspace: 14635K(15232K)->14635K(15232K) NonClass: 13391K(13824K)->13391K(13824K) Class: 1244K(1408K)->1244K(1408K)
[27.004s][info][gc           ] GC(60) Pause Young (Normal) (G1 Evacuation Pause) 4170M->90M(8192M) 0.498ms
[27.004s][info][gc,cpu       ] GC(60) User=0.00s Sys=0.00s Real=0.00s
[27.437s][info][gc,start     ] GC(61) Pause Young (Normal) (G1 Evacuation Pause)
[27.437s][info][gc,task      ] GC(61) Using 8 workers of 8 for evacuation
[27.437s][info][gc,phases    ] GC(61)   Pre Evacuate Collection Set: 0.0ms
[27.437s][info][gc,phases    ] GC(61)   Evacuate Collection Set: 0.1ms
[27.437s][info][gc,phases    ] GC(61)   Post Evacuate Collection Set: 0.2ms
[27.437s][info][gc,phases    ] GC(61)   Other: 0.1ms
[27.437s][info][gc,heap      ] GC(61) Eden regions: 255->0(255)
[27.437s][info][gc,heap      ] GC(61) Survivor regions: 1->1(32)
[27.437s][info][gc,heap      ] GC(61) Old regions: 6->6
[27.437s][info][gc,heap      ] GC(61) Humongous regions: 0->0
[27.437s][info][gc,metaspace ] GC(61) Metaspace: 14635K(15232K)->14635K(15232K) NonClass: 13391K(13824K)->13391K(13824K) Class: 1244K(1408K)->1244K(1408K)
[27.437s][info][gc           ] GC(61) Pause Young (Normal) (G1 Evacuation Pause) 4170M->90M(8192M) 0.507ms
[27.437s][info][gc,cpu       ] GC(61) User=0.00s Sys=0.00s Real=0.01s
[27.869s][info][gc,start     ] GC(62) Pause Young (Normal) (G1 Evacuation Pause)
[27.869s][info][gc,task      ] GC(62) Using 8 workers of 8 for evacuation
[27.869s][info][gc,phases    ] GC(62)   Pre Evacuate Collection Set: 0.0ms
[27.869s][info][gc,phases    ] GC(62)   Evacuate Collection Set: 0.2ms
[27.869s][info][gc,phases    ] GC(62)   Post Evacuate Collection Set: 0.2ms
[27.869s][info][gc,phases    ] GC(62)   Other: 0.1ms
[27.869s][info][gc,heap      ] GC(62) Eden regions: 255->0(255)
[27.869s][info][gc,heap      ] GC(62) Survivor regions: 1->1(32)
[27.869s][info][gc,heap      ] GC(62) Old regions: 6->6
[27.869s][info][gc,heap      ] GC(62) Humongous regions: 0->0
[27.869s][info][gc,metaspace ] GC(62) Metaspace: 14635K(15232K)->14635K(15232K) NonClass: 13391K(13824K)->13391K(13824K) Class: 1244K(1408K)->1244K(1408K)
[27.869s][info][gc           ] GC(62) Pause Young (Normal) (G1 Evacuation Pause) 4170M->90M(8192M) 0.536ms
[27.869s][info][gc,cpu       ] GC(62) User=0.00s Sys=0.00s Real=0.00s
[28.302s][info][gc,start     ] GC(63) Pause Young (Normal) (G1 Evacuation Pause)
[28.302s][info][gc,task      ] GC(63) Using 8 workers of 8 for evacuation
[28.302s][info][gc,phases    ] GC(63)   Pre Evacuate Collection Set: 0.0ms
[28.302s][info][gc,phases    ] GC(63)   Evacuate Collection Set: 0.1ms
[28.302s][info][gc,phases    ] GC(63)   Post Evacuate Collection Set: 0.2ms
[28.302s][info][gc,phases    ] GC(63)   Other: 0.1ms
[28.302s][info][gc,heap      ] GC(63) Eden regions: 255->0(255)
[28.302s][info][gc,heap      ] GC(63) Survivor regions: 1->1(32)
[28.302s][info][gc,heap      ] GC(63) Old regions: 6->6
[28.302s][info][gc,heap      ] GC(63) Humongous regions: 0->0
[28.302s][info][gc,metaspace ] GC(63) Metaspace: 14635K(15232K)->14635K(15232K) NonClass: 13391K(13824K)->13391K(13824K) Class: 1244K(1408K)->1244K(1408K)
[28.302s][info][gc           ] GC(63) Pause Young (Normal) (G1 Evacuation Pause) 4170M->90M(8192M) 0.486ms
[28.302s][info][gc,cpu       ] GC(63) User=0.00s Sys=0.00s Real=0.00s
[28.734s][info][gc,start     ] GC(64) Pause Young (Normal) (G1 Evacuation Pause)
[28.734s][info][gc,task      ] GC(64) Using 8 workers of 8 for evacuation
[28.734s][info][gc,phases    ] GC(64)   Pre Evacuate Collection Set: 0.0ms
[28.734s][info][gc,phases    ] GC(64)   Evacuate Collection Set: 0.1ms
[28.734s][info][gc,phases    ] GC(64)   Post Evacuate Collection Set: 0.2ms
[28.734s][info][gc,phases    ] GC(64)   Other: 0.1ms
[28.734s][info][gc,heap      ] GC(64) Eden regions: 255->0(255)
[28.734s][info][gc,heap      ] GC(64) Survivor regions: 1->1(32)
[28.734s][info][gc,heap      ] GC(64) Old regions: 6->6
[28.734s][info][gc,heap      ] GC(64) Humongous regions: 0->0
[28.734s][info][gc,metaspace ] GC(64) Metaspace: 14635K(15232K)->14635K(15232K) NonClass: 13391K(13824K)->13391K(13824K) Class: 1244K(1408K)->1244K(1408K)
[28.734s][info][gc           ] GC(64) Pause Young (Normal) (G1 Evacuation Pause) 4170M->90M(8192M) 0.496ms
[28.734s][info][gc,cpu       ] GC(64) User=0.00s Sys=0.00s Real=0.00s
[29.165s][info][gc,start     ] GC(65) Pause Young (Normal) (G1 Evacuation Pause)
[29.165s][info][gc,task      ] GC(65) Using 8 workers of 8 for evacuation
[29.166s][info][gc,phases    ] GC(65)   Pre Evacuate Collection Set: 0.0ms
[29.166s][info][gc,phases    ] GC(65)   Evacuate Collection Set: 0.1ms
[29.166s][info][gc,phases    ] GC(65)   Post Evacuate Collection Set: 0.2ms
[29.166s][info][gc,phases    ] GC(65)   Other: 0.1ms
[29.166s][info][gc,heap      ] GC(65) Eden regions: 255->0(255)
[29.166s][info][gc,heap      ] GC(65) Survivor regions: 1->1(32)
[29.166s][info][gc,heap      ] GC(65) Old regions: 6->6
[29.166s][info][gc,heap      ] GC(65) Humongous regions: 0->0
[29.166s][info][gc,metaspace ] GC(65) Metaspace: 14635K(15232K)->14635K(15232K) NonClass: 13391K(13824K)->13391K(13824K) Class: 1244K(1408K)->1244K(1408K)
[29.166s][info][gc           ] GC(65) Pause Young (Normal) (G1 Evacuation Pause) 4170M->90M(8192M) 0.484ms
[29.166s][info][gc,cpu       ] GC(65) User=0.00s Sys=0.00s Real=0.00s
[29.598s][info][gc,start     ] GC(66) Pause Young (Normal) (G1 Evacuation Pause)
[29.598s][info][gc,task      ] GC(66) Using 8 workers of 8 for evacuation
[29.598s][info][gc,phases    ] GC(66)   Pre Evacuate Collection Set: 0.0ms
[29.598s][info][gc,phases    ] GC(66)   Evacuate Collection Set: 0.1ms
[29.598s][info][gc,phases    ] GC(66)   Post Evacuate Collection Set: 0.2ms
[29.598s][info][gc,phases    ] GC(66)   Other: 0.1ms
[29.598s][info][gc,heap      ] GC(66) Eden regions: 255->0(255)
[29.598s][info][gc,heap      ] GC(66) Survivor regions: 1->1(32)
[29.598s][info][gc,heap      ] GC(66) Old regions: 6->6
[29.598s][info][gc,heap      ] GC(66) Humongous regions: 0->0
[29.598s][info][gc,metaspace ] GC(66) Metaspace: 14635K(15232K)->14635K(15232K) NonClass: 13391K(13824K)->13391K(13824K) Class: 1244K(1408K)->1244K(1408K)
[29.598s][info][gc           ] GC(66) Pause Young (Normal) (G1 Evacuation Pause) 4170M->90M(8192M) 0.491ms
[29.598s][info][gc,cpu       ] GC(66) User=0.00s Sys=0.00s Real=0.00s
[30.029s][info][gc,start     ] GC(67) Pause Young (Normal) (G1 Evacuation Pause)
[30.029s][info][gc,task      ] GC(67) Using 8 workers of 8 for evacuation
[30.030s][info][gc,phases    ] GC(67)   Pre Evacuate Collection Set: 0.0ms
[30.030s][info][gc,phases    ] GC(67)   Evacuate Collection Set: 0.1ms
[30.030s][info][gc,phases    ] GC(67)   Post Evacuate Collection Set: 0.2ms
[30.030s][info][gc,phases    ] GC(67)   Other: 0.1ms
[30.030s][info][gc,heap      ] GC(67) Eden regions: 255->0(255)
[30.030s][info][gc,heap      ] GC(67) Survivor regions: 1->1(32)
[30.030s][info][gc,heap      ] GC(67) Old regions: 6->6
[30.030s][info][gc,heap      ] GC(67) Humongous regions: 0->0
[30.030s][info][gc,metaspace ] GC(67) Metaspace: 14635K(15232K)->14635K(15232K) NonClass: 13391K(13824K)->13391K(13824K) Class: 1244K(1408K)->1244K(1408K)
[30.030s][info][gc           ] GC(67) Pause Young (Normal) (G1 Evacuation Pause) 4170M->90M(8192M) 0.485ms
[30.030s][info][gc,cpu       ] GC(67) User=0.00s Sys=0.00s Real=0.00s
[30.466s][info][gc,start     ] GC(68) Pause Young (Normal) (G1 Evacuation Pause)
[30.466s][info][gc,task      ] GC(68) Using 8 workers of 8 for evacuation
[30.467s][info][gc,phases    ] GC(68)   Pre Evacuate Collection Set: 0.0ms
[30.467s][info][gc,phases    ] GC(68)   Evacuate Collection Set: 0.2ms
[30.467s][info][gc,phases    ] GC(68)   Post Evacuate Collection Set: 0.2ms
[30.467s][info][gc,phases    ] GC(68)   Other: 0.1ms
[30.467s][info][gc,heap      ] GC(68) Eden regions: 255->0(255)
[30.467s][info][gc,heap      ] GC(68) Survivor regions: 1->1(32)
[30.467s][info][gc,heap      ] GC(68) Old regions: 6->6
[30.467s][info][gc,heap      ] GC(68) Humongous regions: 0->0
[30.467s][info][gc,metaspace ] GC(68) Metaspace: 14635K(15232K)->14635K(15232K) NonClass: 13391K(13824K)->13391K(13824K) Class: 1244K(1408K)->1244K(1408K)
[30.467s][info][gc           ] GC(68) Pause Young (Normal) (G1 Evacuation Pause) 4170M->90M(8192M) 0.546ms
[30.467s][info][gc,cpu       ] GC(68) User=0.00s Sys=0.00s Real=0.00s
[30.897s][info][gc,start     ] GC(69) Pause Young (Normal) (G1 Evacuation Pause)
[30.897s][info][gc,task      ] GC(69) Using 8 workers of 8 for evacuation
[30.898s][info][gc,phases    ] GC(69)   Pre Evacuate Collection Set: 0.0ms
[30.898s][info][gc,phases    ] GC(69)   Evacuate Collection Set: 0.1ms
[30.898s][info][gc,phases    ] GC(69)   Post Evacuate Collection Set: 0.2ms
[30.898s][info][gc,phases    ] GC(69)   Other: 0.1ms
[30.898s][info][gc,heap      ] GC(69) Eden regions: 255->0(255)
[30.898s][info][gc,heap      ] GC(69) Survivor regions: 1->1(32)
[30.898s][info][gc,heap      ] GC(69) Old regions: 6->6
[30.898s][info][gc,heap      ] GC(69) Humongous regions: 0->0
[30.898s][info][gc,metaspace ] GC(69) Metaspace: 14635K(15232K)->14635K(15232K) NonClass: 13391K(13824K)->13391K(13824K) Class: 1244K(1408K)->1244K(1408K)
[30.898s][info][gc           ] GC(69) Pause Young (Normal) (G1 Evacuation Pause) 4170M->90M(8192M) 0.491ms
[30.898s][info][gc,cpu       ] GC(69) User=0.00s Sys=0.00s Real=0.00s
[31.344s][info][gc,start     ] GC(70) Pause Young (Normal) (G1 Evacuation Pause)
[31.344s][info][gc,task      ] GC(70) Using 8 workers of 8 for evacuation
[31.345s][info][gc,phases    ] GC(70)   Pre Evacuate Collection Set: 0.0ms
[31.345s][info][gc,phases    ] GC(70)   Evacuate Collection Set: 0.2ms
[31.345s][info][gc,phases    ] GC(70)   Post Evacuate Collection Set: 0.3ms
[31.345s][info][gc,phases    ] GC(70)   Other: 0.1ms
[31.345s][info][gc,heap      ] GC(70) Eden regions: 255->0(255)
[31.345s][info][gc,heap      ] GC(70) Survivor regions: 1->1(32)
[31.345s][info][gc,heap      ] GC(70) Old regions: 6->6
[31.345s][info][gc,heap      ] GC(70) Humongous regions: 0->0
[31.345s][info][gc,metaspace ] GC(70) Metaspace: 14638K(15232K)->14638K(15232K) NonClass: 13394K(13824K)->13394K(13824K) Class: 1244K(1408K)->1244K(1408K)
[31.345s][info][gc           ] GC(70) Pause Young (Normal) (G1 Evacuation Pause) 4170M->90M(8192M) 0.638ms
[31.345s][info][gc,cpu       ] GC(70) User=0.00s Sys=0.00s Real=0.00s
[31.779s][info][gc,start     ] GC(71) Pause Young (Normal) (G1 Evacuation Pause)
[31.779s][info][gc,task      ] GC(71) Using 8 workers of 8 for evacuation
[31.780s][info][gc,phases    ] GC(71)   Pre Evacuate Collection Set: 0.0ms
[31.780s][info][gc,phases    ] GC(71)   Evacuate Collection Set: 0.2ms
[31.780s][info][gc,phases    ] GC(71)   Post Evacuate Collection Set: 0.2ms
[31.780s][info][gc,phases    ] GC(71)   Other: 0.1ms
[31.780s][info][gc,heap      ] GC(71) Eden regions: 255->0(255)
[31.780s][info][gc,heap      ] GC(71) Survivor regions: 1->1(32)
[31.780s][info][gc,heap      ] GC(71) Old regions: 6->6
[31.780s][info][gc,heap      ] GC(71) Humongous regions: 0->0
[31.780s][info][gc,metaspace ] GC(71) Metaspace: 14638K(15232K)->14638K(15232K) NonClass: 13394K(13824K)->13394K(13824K) Class: 1244K(1408K)->1244K(1408K)
[31.780s][info][gc           ] GC(71) Pause Young (Normal) (G1 Evacuation Pause) 4170M->90M(8192M) 0.518ms
[31.780s][info][gc,cpu       ] GC(71) User=0.00s Sys=0.00s Real=0.00s
[32.212s][info][gc,start     ] GC(72) Pause Young (Normal) (G1 Evacuation Pause)
[32.212s][info][gc,task      ] GC(72) Using 8 workers of 8 for evacuation
[32.212s][info][gc,phases    ] GC(72)   Pre Evacuate Collection Set: 0.0ms
[32.212s][info][gc,phases    ] GC(72)   Evacuate Collection Set: 0.1ms
[32.212s][info][gc,phases    ] GC(72)   Post Evacuate Collection Set: 0.2ms
[32.212s][info][gc,phases    ] GC(72)   Other: 0.1ms
[32.212s][info][gc,heap      ] GC(72) Eden regions: 255->0(255)
[32.212s][info][gc,heap      ] GC(72) Survivor regions: 1->1(32)
[32.212s][info][gc,heap      ] GC(72) Old regions: 6->6
[32.212s][info][gc,heap      ] GC(72) Humongous regions: 0->0
[32.212s][info][gc,metaspace ] GC(72) Metaspace: 14638K(15232K)->14638K(15232K) NonClass: 13394K(13824K)->13394K(13824K) Class: 1244K(1408K)->1244K(1408K)
[32.213s][info][gc           ] GC(72) Pause Young (Normal) (G1 Evacuation Pause) 4170M->90M(8192M) 0.497ms
[32.213s][info][gc,cpu       ] GC(72) User=0.01s Sys=0.00s Real=0.00s
[32.645s][info][gc,start     ] GC(73) Pause Young (Normal) (G1 Evacuation Pause)
[32.645s][info][gc,task      ] GC(73) Using 8 workers of 8 for evacuation
[32.646s][info][gc,phases    ] GC(73)   Pre Evacuate Collection Set: 0.0ms
[32.646s][info][gc,phases    ] GC(73)   Evacuate Collection Set: 0.2ms
[32.646s][info][gc,phases    ] GC(73)   Post Evacuate Collection Set: 0.2ms
[32.646s][info][gc,phases    ] GC(73)   Other: 0.1ms
[32.646s][info][gc,heap      ] GC(73) Eden regions: 255->0(255)
[32.646s][info][gc,heap      ] GC(73) Survivor regions: 1->1(32)
[32.646s][info][gc,heap      ] GC(73) Old regions: 6->6
[32.646s][info][gc,heap      ] GC(73) Humongous regions: 0->0
[32.646s][info][gc,metaspace ] GC(73) Metaspace: 14638K(15232K)->14638K(15232K) NonClass: 13394K(13824K)->13394K(13824K) Class: 1244K(1408K)->1244K(1408K)
[32.646s][info][gc           ] GC(73) Pause Young (Normal) (G1 Evacuation Pause) 4170M->90M(8192M) 0.517ms
[32.646s][info][gc,cpu       ] GC(73) User=0.01s Sys=0.00s Real=0.00s
[33.077s][info][gc,start     ] GC(74) Pause Young (Normal) (G1 Evacuation Pause)
[33.077s][info][gc,task      ] GC(74) Using 8 workers of 8 for evacuation
[33.077s][info][gc,phases    ] GC(74)   Pre Evacuate Collection Set: 0.0ms
[33.078s][info][gc,phases    ] GC(74)   Evacuate Collection Set: 0.2ms
[33.078s][info][gc,phases    ] GC(74)   Post Evacuate Collection Set: 0.3ms
[33.078s][info][gc,phases    ] GC(74)   Other: 0.1ms
[33.078s][info][gc,heap      ] GC(74) Eden regions: 255->0(255)
[33.078s][info][gc,heap      ] GC(74) Survivor regions: 1->1(32)
[33.078s][info][gc,heap      ] GC(74) Old regions: 6->6
[33.078s][info][gc,heap      ] GC(74) Humongous regions: 0->0
[33.078s][info][gc,metaspace ] GC(74) Metaspace: 14638K(15232K)->14638K(15232K) NonClass: 13394K(13824K)->13394K(13824K) Class: 1244K(1408K)->1244K(1408K)
[33.078s][info][gc           ] GC(74) Pause Young (Normal) (G1 Evacuation Pause) 4170M->90M(8192M) 0.702ms
[33.078s][info][gc,cpu       ] GC(74) User=0.01s Sys=0.00s Real=0.01s
[33.510s][info][gc,start     ] GC(75) Pause Young (Normal) (G1 Evacuation Pause)
[33.510s][info][gc,task      ] GC(75) Using 8 workers of 8 for evacuation
[33.510s][info][gc,phases    ] GC(75)   Pre Evacuate Collection Set: 0.0ms
[33.510s][info][gc,phases    ] GC(75)   Evacuate Collection Set: 0.2ms
[33.510s][info][gc,phases    ] GC(75)   Post Evacuate Collection Set: 0.3ms
[33.510s][info][gc,phases    ] GC(75)   Other: 0.1ms
[33.510s][info][gc,heap      ] GC(75) Eden regions: 255->0(255)
[33.510s][info][gc,heap      ] GC(75) Survivor regions: 1->1(32)
[33.510s][info][gc,heap      ] GC(75) Old regions: 6->6
[33.510s][info][gc,heap      ] GC(75) Humongous regions: 0->0
[33.510s][info][gc,metaspace ] GC(75) Metaspace: 14638K(15232K)->14638K(15232K) NonClass: 13394K(13824K)->13394K(13824K) Class: 1244K(1408K)->1244K(1408K)
[33.510s][info][gc           ] GC(75) Pause Young (Normal) (G1 Evacuation Pause) 4170M->90M(8192M) 0.659ms
[33.510s][info][gc,cpu       ] GC(75) User=0.00s Sys=0.00s Real=0.00s
[33.942s][info][gc,start     ] GC(76) Pause Young (Normal) (G1 Evacuation Pause)
[33.942s][info][gc,task      ] GC(76) Using 8 workers of 8 for evacuation
[33.942s][info][gc,phases    ] GC(76)   Pre Evacuate Collection Set: 0.0ms
[33.942s][info][gc,phases    ] GC(76)   Evacuate Collection Set: 0.1ms
[33.942s][info][gc,phases    ] GC(76)   Post Evacuate Collection Set: 0.2ms
[33.942s][info][gc,phases    ] GC(76)   Other: 0.1ms
[33.942s][info][gc,heap      ] GC(76) Eden regions: 255->0(255)
[33.942s][info][gc,heap      ] GC(76) Survivor regions: 1->1(32)
[33.942s][info][gc,heap      ] GC(76) Old regions: 6->6
[33.942s][info][gc,heap      ] GC(76) Humongous regions: 0->0
[33.942s][info][gc,metaspace ] GC(76) Metaspace: 14638K(15232K)->14638K(15232K) NonClass: 13394K(13824K)->13394K(13824K) Class: 1244K(1408K)->1244K(1408K)
[33.942s][info][gc           ] GC(76) Pause Young (Normal) (G1 Evacuation Pause) 4170M->90M(8192M) 0.489ms
[33.942s][info][gc,cpu       ] GC(76) User=0.00s Sys=0.00s Real=0.00s
[34.374s][info][gc,start     ] GC(77) Pause Young (Normal) (G1 Evacuation Pause)
[34.374s][info][gc,task      ] GC(77) Using 8 workers of 8 for evacuation
[34.375s][info][gc,phases    ] GC(77)   Pre Evacuate Collection Set: 0.0ms
[34.375s][info][gc,phases    ] GC(77)   Evacuate Collection Set: 0.2ms
[34.375s][info][gc,phases    ] GC(77)   Post Evacuate Collection Set: 0.2ms
[34.375s][info][gc,phases    ] GC(77)   Other: 0.1ms
[34.375s][info][gc,heap      ] GC(77) Eden regions: 255->0(255)
[34.375s][info][gc,heap      ] GC(77) Survivor regions: 1->1(32)
[34.375s][info][gc,heap      ] GC(77) Old regions: 6->6
[34.375s][info][gc,heap      ] GC(77) Humongous regions: 0->0
[34.375s][info][gc,metaspace ] GC(77) Metaspace: 14638K(15232K)->14638K(15232K) NonClass: 13394K(13824K)->13394K(13824K) Class: 1244K(1408K)->1244K(1408K)
[34.375s][info][gc           ] GC(77) Pause Young (Normal) (G1 Evacuation Pause) 4170M->90M(8192M) 0.536ms
[34.375s][info][gc,cpu       ] GC(77) User=0.00s Sys=0.00s Real=0.00s
[34.877s][info][gc,start     ] GC(78) Pause Young (Normal) (G1 Evacuation Pause)
[34.877s][info][gc,task      ] GC(78) Using 8 workers of 8 for evacuation
[34.878s][info][gc,phases    ] GC(78)   Pre Evacuate Collection Set: 0.0ms
[34.878s][info][gc,phases    ] GC(78)   Evacuate Collection Set: 0.2ms
[34.878s][info][gc,phases    ] GC(78)   Post Evacuate Collection Set: 0.3ms
[34.878s][info][gc,phases    ] GC(78)   Other: 0.1ms
[34.878s][info][gc,heap      ] GC(78) Eden regions: 255->0(255)
[34.878s][info][gc,heap      ] GC(78) Survivor regions: 1->1(32)
[34.878s][info][gc,heap      ] GC(78) Old regions: 6->6
[34.878s][info][gc,heap      ] GC(78) Humongous regions: 0->0
[34.878s][info][gc,metaspace ] GC(78) Metaspace: 14638K(15232K)->14638K(15232K) NonClass: 13394K(13824K)->13394K(13824K) Class: 1244K(1408K)->1244K(1408K)
[34.878s][info][gc           ] GC(78) Pause Young (Normal) (G1 Evacuation Pause) 4170M->90M(8192M) 0.594ms
[34.878s][info][gc,cpu       ] GC(78) User=0.00s Sys=0.00s Real=0.00s
[35.308s][info][gc,start     ] GC(79) Pause Young (Normal) (G1 Evacuation Pause)
[35.308s][info][gc,task      ] GC(79) Using 8 workers of 8 for evacuation
[35.309s][info][gc,phases    ] GC(79)   Pre Evacuate Collection Set: 0.0ms
[35.309s][info][gc,phases    ] GC(79)   Evacuate Collection Set: 0.1ms
[35.309s][info][gc,phases    ] GC(79)   Post Evacuate Collection Set: 0.2ms
[35.309s][info][gc,phases    ] GC(79)   Other: 0.1ms
[35.309s][info][gc,heap      ] GC(79) Eden regions: 255->0(255)
[35.309s][info][gc,heap      ] GC(79) Survivor regions: 1->1(32)
[35.309s][info][gc,heap      ] GC(79) Old regions: 6->6
[35.309s][info][gc,heap      ] GC(79) Humongous regions: 0->0
[35.309s][info][gc,metaspace ] GC(79) Metaspace: 14638K(15232K)->14638K(15232K) NonClass: 13394K(13824K)->13394K(13824K) Class: 1244K(1408K)->1244K(1408K)
[35.309s][info][gc           ] GC(79) Pause Young (Normal) (G1 Evacuation Pause) 4170M->90M(8192M) 0.487ms
[35.309s][info][gc,cpu       ] GC(79) User=0.00s Sys=0.00s Real=0.00s
[35.741s][info][gc,start     ] GC(80) Pause Young (Normal) (G1 Evacuation Pause)
[35.741s][info][gc,task      ] GC(80) Using 8 workers of 8 for evacuation
[35.741s][info][gc,phases    ] GC(80)   Pre Evacuate Collection Set: 0.0ms
[35.741s][info][gc,phases    ] GC(80)   Evacuate Collection Set: 0.1ms
[35.741s][info][gc,phases    ] GC(80)   Post Evacuate Collection Set: 0.2ms
[35.741s][info][gc,phases    ] GC(80)   Other: 0.1ms
[35.741s][info][gc,heap      ] GC(80) Eden regions: 255->0(255)
[35.741s][info][gc,heap      ] GC(80) Survivor regions: 1->1(32)
[35.741s][info][gc,heap      ] GC(80) Old regions: 6->6
[35.741s][info][gc,heap      ] GC(80) Humongous regions: 0->0
[35.741s][info][gc,metaspace ] GC(80) Metaspace: 14638K(15232K)->14638K(15232K) NonClass: 13394K(13824K)->13394K(13824K) Class: 1244K(1408K)->1244K(1408K)
[35.741s][info][gc           ] GC(80) Pause Young (Normal) (G1 Evacuation Pause) 4170M->90M(8192M) 0.506ms
[35.741s][info][gc,cpu       ] GC(80) User=0.00s Sys=0.00s Real=0.00s
[36.184s][info][gc,start     ] GC(81) Pause Young (Normal) (G1 Evacuation Pause)
[36.184s][info][gc,task      ] GC(81) Using 8 workers of 8 for evacuation
[36.184s][info][gc,phases    ] GC(81)   Pre Evacuate Collection Set: 0.0ms
[36.184s][info][gc,phases    ] GC(81)   Evacuate Collection Set: 0.1ms
[36.184s][info][gc,phases    ] GC(81)   Post Evacuate Collection Set: 0.2ms
[36.184s][info][gc,phases    ] GC(81)   Other: 0.1ms
[36.184s][info][gc,heap      ] GC(81) Eden regions: 255->0(255)
[36.184s][info][gc,heap      ] GC(81) Survivor regions: 1->1(32)
[36.184s][info][gc,heap      ] GC(81) Old regions: 6->6
[36.184s][info][gc,heap      ] GC(81) Humongous regions: 0->0
[36.184s][info][gc,metaspace ] GC(81) Metaspace: 14642K(15232K)->14642K(15232K) NonClass: 13398K(13824K)->13398K(13824K) Class: 1244K(1408K)->1244K(1408K)
[36.185s][info][gc           ] GC(81) Pause Young (Normal) (G1 Evacuation Pause) 4170M->90M(8192M) 0.481ms
[36.185s][info][gc,cpu       ] GC(81) User=0.01s Sys=0.00s Real=0.00s
[36.622s][info][gc,start     ] GC(82) Pause Young (Normal) (G1 Evacuation Pause)
[36.622s][info][gc,task      ] GC(82) Using 8 workers of 8 for evacuation
[36.622s][info][gc,phases    ] GC(82)   Pre Evacuate Collection Set: 0.0ms
[36.622s][info][gc,phases    ] GC(82)   Evacuate Collection Set: 0.1ms
[36.622s][info][gc,phases    ] GC(82)   Post Evacuate Collection Set: 0.2ms
[36.622s][info][gc,phases    ] GC(82)   Other: 0.1ms
[36.622s][info][gc,heap      ] GC(82) Eden regions: 255->0(255)
[36.622s][info][gc,heap      ] GC(82) Survivor regions: 1->1(32)
[36.622s][info][gc,heap      ] GC(82) Old regions: 6->6
[36.622s][info][gc,heap      ] GC(82) Humongous regions: 0->0
[36.622s][info][gc,metaspace ] GC(82) Metaspace: 14642K(15232K)->14642K(15232K) NonClass: 13398K(13824K)->13398K(13824K) Class: 1244K(1408K)->1244K(1408K)
[36.622s][info][gc           ] GC(82) Pause Young (Normal) (G1 Evacuation Pause) 4170M->90M(8192M) 0.512ms
[36.622s][info][gc,cpu       ] GC(82) User=0.00s Sys=0.00s Real=0.00s
[37.067s][info][gc,start     ] GC(83) Pause Young (Normal) (G1 Evacuation Pause)
[37.067s][info][gc,task      ] GC(83) Using 8 workers of 8 for evacuation
[37.068s][info][gc,phases    ] GC(83)   Pre Evacuate Collection Set: 0.0ms
[37.068s][info][gc,phases    ] GC(83)   Evacuate Collection Set: 0.2ms
[37.068s][info][gc,phases    ] GC(83)   Post Evacuate Collection Set: 0.3ms
[37.068s][info][gc,phases    ] GC(83)   Other: 0.2ms
[37.068s][info][gc,heap      ] GC(83) Eden regions: 255->0(255)
[37.068s][info][gc,heap      ] GC(83) Survivor regions: 1->1(32)
[37.068s][info][gc,heap      ] GC(83) Old regions: 6->6
[37.068s][info][gc,heap      ] GC(83) Humongous regions: 0->0
[37.068s][info][gc,metaspace ] GC(83) Metaspace: 14642K(15232K)->14642K(15232K) NonClass: 13398K(13824K)->13398K(13824K) Class: 1244K(1408K)->1244K(1408K)
[37.068s][info][gc           ] GC(83) Pause Young (Normal) (G1 Evacuation Pause) 4170M->90M(8192M) 0.660ms
[37.068s][info][gc,cpu       ] GC(83) User=0.00s Sys=0.00s Real=0.00s
[37.505s][info][gc,start     ] GC(84) Pause Young (Normal) (G1 Evacuation Pause)
[37.505s][info][gc,task      ] GC(84) Using 8 workers of 8 for evacuation
[37.505s][info][gc,phases    ] GC(84)   Pre Evacuate Collection Set: 0.0ms
[37.505s][info][gc,phases    ] GC(84)   Evacuate Collection Set: 0.1ms
[37.505s][info][gc,phases    ] GC(84)   Post Evacuate Collection Set: 0.2ms
[37.505s][info][gc,phases    ] GC(84)   Other: 0.1ms
[37.505s][info][gc,heap      ] GC(84) Eden regions: 255->0(255)
[37.505s][info][gc,heap      ] GC(84) Survivor regions: 1->1(32)
[37.505s][info][gc,heap      ] GC(84) Old regions: 6->6
[37.505s][info][gc,heap      ] GC(84) Humongous regions: 0->0
[37.505s][info][gc,metaspace ] GC(84) Metaspace: 14642K(15232K)->14642K(15232K) NonClass: 13398K(13824K)->13398K(13824K) Class: 1244K(1408K)->1244K(1408K)
[37.505s][info][gc           ] GC(84) Pause Young (Normal) (G1 Evacuation Pause) 4170M->90M(8192M) 0.496ms
[37.505s][info][gc,cpu       ] GC(84) User=0.00s Sys=0.00s Real=0.00s
[37.937s][info][gc,start     ] GC(85) Pause Young (Normal) (G1 Evacuation Pause)
[37.937s][info][gc,task      ] GC(85) Using 8 workers of 8 for evacuation
[37.937s][info][gc,phases    ] GC(85)   Pre Evacuate Collection Set: 0.0ms
[37.937s][info][gc,phases    ] GC(85)   Evacuate Collection Set: 0.2ms
[37.937s][info][gc,phases    ] GC(85)   Post Evacuate Collection Set: 0.2ms
[37.937s][info][gc,phases    ] GC(85)   Other: 0.1ms
[37.937s][info][gc,heap      ] GC(85) Eden regions: 255->0(255)
[37.937s][info][gc,heap      ] GC(85) Survivor regions: 1->1(32)
[37.937s][info][gc,heap      ] GC(85) Old regions: 6->6
[37.937s][info][gc,heap      ] GC(85) Humongous regions: 0->0
[37.937s][info][gc,metaspace ] GC(85) Metaspace: 14642K(15232K)->14642K(15232K) NonClass: 13398K(13824K)->13398K(13824K) Class: 1244K(1408K)->1244K(1408K)
[37.938s][info][gc           ] GC(85) Pause Young (Normal) (G1 Evacuation Pause) 4170M->90M(8192M) 0.544ms
[37.938s][info][gc,cpu       ] GC(85) User=0.00s Sys=0.00s Real=0.00s
[38.370s][info][gc,start     ] GC(86) Pause Young (Normal) (G1 Evacuation Pause)
[38.370s][info][gc,task      ] GC(86) Using 8 workers of 8 for evacuation
[38.371s][info][gc,phases    ] GC(86)   Pre Evacuate Collection Set: 0.0ms
[38.371s][info][gc,phases    ] GC(86)   Evacuate Collection Set: 0.1ms
[38.371s][info][gc,phases    ] GC(86)   Post Evacuate Collection Set: 0.2ms
[38.371s][info][gc,phases    ] GC(86)   Other: 0.1ms
[38.371s][info][gc,heap      ] GC(86) Eden regions: 255->0(255)
[38.371s][info][gc,heap      ] GC(86) Survivor regions: 1->1(32)
[38.371s][info][gc,heap      ] GC(86) Old regions: 6->6
[38.371s][info][gc,heap      ] GC(86) Humongous regions: 0->0
[38.371s][info][gc,metaspace ] GC(86) Metaspace: 14642K(15232K)->14642K(15232K) NonClass: 13398K(13824K)->13398K(13824K) Class: 1244K(1408K)->1244K(1408K)
[38.371s][info][gc           ] GC(86) Pause Young (Normal) (G1 Evacuation Pause) 4170M->90M(8192M) 0.518ms
[38.371s][info][gc,cpu       ] GC(86) User=0.00s Sys=0.00s Real=0.00s
[38.802s][info][gc,start     ] GC(87) Pause Young (Normal) (G1 Evacuation Pause)
[38.802s][info][gc,task      ] GC(87) Using 8 workers of 8 for evacuation
[38.803s][info][gc,phases    ] GC(87)   Pre Evacuate Collection Set: 0.0ms
[38.803s][info][gc,phases    ] GC(87)   Evacuate Collection Set: 0.1ms
[38.803s][info][gc,phases    ] GC(87)   Post Evacuate Collection Set: 0.2ms
[38.803s][info][gc,phases    ] GC(87)   Other: 0.1ms
[38.803s][info][gc,heap      ] GC(87) Eden regions: 255->0(255)
[38.803s][info][gc,heap      ] GC(87) Survivor regions: 1->1(32)
[38.803s][info][gc,heap      ] GC(87) Old regions: 6->6
[38.803s][info][gc,heap      ] GC(87) Humongous regions: 0->0
[38.803s][info][gc,metaspace ] GC(87) Metaspace: 14642K(15232K)->14642K(15232K) NonClass: 13398K(13824K)->13398K(13824K) Class: 1244K(1408K)->1244K(1408K)
[38.803s][info][gc           ] GC(87) Pause Young (Normal) (G1 Evacuation Pause) 4170M->90M(8192M) 0.506ms
[38.803s][info][gc,cpu       ] GC(87) User=0.00s Sys=0.00s Real=0.00s
[39.234s][info][gc,start     ] GC(88) Pause Young (Normal) (G1 Evacuation Pause)
[39.234s][info][gc,task      ] GC(88) Using 8 workers of 8 for evacuation
[39.235s][info][gc,phases    ] GC(88)   Pre Evacuate Collection Set: 0.0ms
[39.235s][info][gc,phases    ] GC(88)   Evacuate Collection Set: 0.1ms
[39.235s][info][gc,phases    ] GC(88)   Post Evacuate Collection Set: 0.2ms
[39.235s][info][gc,phases    ] GC(88)   Other: 0.1ms
[39.235s][info][gc,heap      ] GC(88) Eden regions: 255->0(255)
[39.235s][info][gc,heap      ] GC(88) Survivor regions: 1->1(32)
[39.235s][info][gc,heap      ] GC(88) Old regions: 6->6
[39.235s][info][gc,heap      ] GC(88) Humongous regions: 0->0
[39.235s][info][gc,metaspace ] GC(88) Metaspace: 14642K(15232K)->14642K(15232K) NonClass: 13398K(13824K)->13398K(13824K) Class: 1244K(1408K)->1244K(1408K)
[39.235s][info][gc           ] GC(88) Pause Young (Normal) (G1 Evacuation Pause) 4170M->90M(8192M) 0.518ms
[39.235s][info][gc,cpu       ] GC(88) User=0.00s Sys=0.00s Real=0.00s
[39.667s][info][gc,start     ] GC(89) Pause Young (Normal) (G1 Evacuation Pause)
[39.667s][info][gc,task      ] GC(89) Using 8 workers of 8 for evacuation
[39.667s][info][gc,phases    ] GC(89)   Pre Evacuate Collection Set: 0.0ms
[39.667s][info][gc,phases    ] GC(89)   Evacuate Collection Set: 0.1ms
[39.667s][info][gc,phases    ] GC(89)   Post Evacuate Collection Set: 0.2ms
[39.667s][info][gc,phases    ] GC(89)   Other: 0.1ms
[39.667s][info][gc,heap      ] GC(89) Eden regions: 255->0(255)
[39.667s][info][gc,heap      ] GC(89) Survivor regions: 1->1(32)
[39.667s][info][gc,heap      ] GC(89) Old regions: 6->6
[39.667s][info][gc,heap      ] GC(89) Humongous regions: 0->0
[39.667s][info][gc,metaspace ] GC(89) Metaspace: 14642K(15232K)->14642K(15232K) NonClass: 13398K(13824K)->13398K(13824K) Class: 1244K(1408K)->1244K(1408K)
[39.667s][info][gc           ] GC(89) Pause Young (Normal) (G1 Evacuation Pause) 4170M->90M(8192M) 0.498ms
[39.667s][info][gc,cpu       ] GC(89) User=0.00s Sys=0.00s Real=0.00s
[40.099s][info][gc,start     ] GC(90) Pause Young (Normal) (G1 Evacuation Pause)
[40.099s][info][gc,task      ] GC(90) Using 8 workers of 8 for evacuation
[40.100s][info][gc,phases    ] GC(90)   Pre Evacuate Collection Set: 0.0ms
[40.100s][info][gc,phases    ] GC(90)   Evacuate Collection Set: 0.1ms
[40.100s][info][gc,phases    ] GC(90)   Post Evacuate Collection Set: 0.2ms
[40.100s][info][gc,phases    ] GC(90)   Other: 0.1ms
[40.100s][info][gc,heap      ] GC(90) Eden regions: 255->0(255)
[40.100s][info][gc,heap      ] GC(90) Survivor regions: 1->1(32)
[40.100s][info][gc,heap      ] GC(90) Old regions: 6->6
[40.100s][info][gc,heap      ] GC(90) Humongous regions: 0->0
[40.100s][info][gc,metaspace ] GC(90) Metaspace: 14642K(15232K)->14642K(15232K) NonClass: 13398K(13824K)->13398K(13824K) Class: 1244K(1408K)->1244K(1408K)
[40.100s][info][gc           ] GC(90) Pause Young (Normal) (G1 Evacuation Pause) 4170M->90M(8192M) 0.480ms
[40.100s][info][gc,cpu       ] GC(90) User=0.00s Sys=0.00s Real=0.00s
[40.531s][info][gc,start     ] GC(91) Pause Young (Normal) (G1 Evacuation Pause)
[40.531s][info][gc,task      ] GC(91) Using 8 workers of 8 for evacuation
[40.532s][info][gc,phases    ] GC(91)   Pre Evacuate Collection Set: 0.0ms
[40.532s][info][gc,phases    ] GC(91)   Evacuate Collection Set: 0.1ms
[40.532s][info][gc,phases    ] GC(91)   Post Evacuate Collection Set: 0.2ms
[40.532s][info][gc,phases    ] GC(91)   Other: 0.1ms
[40.532s][info][gc,heap      ] GC(91) Eden regions: 255->0(255)
[40.532s][info][gc,heap      ] GC(91) Survivor regions: 1->1(32)
[40.532s][info][gc,heap      ] GC(91) Old regions: 6->6
[40.532s][info][gc,heap      ] GC(91) Humongous regions: 0->0
[40.532s][info][gc,metaspace ] GC(91) Metaspace: 14642K(15232K)->14642K(15232K) NonClass: 13398K(13824K)->13398K(13824K) Class: 1244K(1408K)->1244K(1408K)
[40.532s][info][gc           ] GC(91) Pause Young (Normal) (G1 Evacuation Pause) 4170M->90M(8192M) 0.509ms
[40.532s][info][gc,cpu       ] GC(91) User=0.00s Sys=0.00s Real=0.00s
[40.963s][info][gc,start     ] GC(92) Pause Young (Normal) (G1 Evacuation Pause)
[40.963s][info][gc,task      ] GC(92) Using 8 workers of 8 for evacuation
[40.963s][info][gc,phases    ] GC(92)   Pre Evacuate Collection Set: 0.0ms
[40.963s][info][gc,phases    ] GC(92)   Evacuate Collection Set: 0.1ms
[40.963s][info][gc,phases    ] GC(92)   Post Evacuate Collection Set: 0.2ms
[40.963s][info][gc,phases    ] GC(92)   Other: 0.1ms
[40.963s][info][gc,heap      ] GC(92) Eden regions: 255->0(255)
[40.963s][info][gc,heap      ] GC(92) Survivor regions: 1->1(32)
[40.963s][info][gc,heap      ] GC(92) Old regions: 6->6
[40.963s][info][gc,heap      ] GC(92) Humongous regions: 0->0
[40.963s][info][gc,metaspace ] GC(92) Metaspace: 14642K(15232K)->14642K(15232K) NonClass: 13398K(13824K)->13398K(13824K) Class: 1244K(1408K)->1244K(1408K)
[40.963s][info][gc           ] GC(92) Pause Young (Normal) (G1 Evacuation Pause) 4170M->90M(8192M) 0.498ms
[40.963s][info][gc,cpu       ] GC(92) User=0.00s Sys=0.00s Real=0.00s
[41.410s][info][gc,start     ] GC(93) Pause Young (Normal) (G1 Evacuation Pause)
[41.410s][info][gc,task      ] GC(93) Using 8 workers of 8 for evacuation
[41.411s][info][gc,phases    ] GC(93)   Pre Evacuate Collection Set: 0.0ms
[41.411s][info][gc,phases    ] GC(93)   Evacuate Collection Set: 0.2ms
[41.411s][info][gc,phases    ] GC(93)   Post Evacuate Collection Set: 0.2ms
[41.411s][info][gc,phases    ] GC(93)   Other: 0.1ms
[41.411s][info][gc,heap      ] GC(93) Eden regions: 255->0(255)
[41.411s][info][gc,heap      ] GC(93) Survivor regions: 1->1(32)
[41.411s][info][gc,heap      ] GC(93) Old regions: 6->6
[41.411s][info][gc,heap      ] GC(93) Humongous regions: 0->0
[41.411s][info][gc,metaspace ] GC(93) Metaspace: 14642K(15232K)->14642K(15232K) NonClass: 13398K(13824K)->13398K(13824K) Class: 1244K(1408K)->1244K(1408K)
[41.411s][info][gc           ] GC(93) Pause Young (Normal) (G1 Evacuation Pause) 4170M->90M(8192M) 0.551ms
[41.411s][info][gc,cpu       ] GC(93) User=0.00s Sys=0.00s Real=0.00s
[41.845s][info][gc,start     ] GC(94) Pause Young (Normal) (G1 Evacuation Pause)
[41.845s][info][gc,task      ] GC(94) Using 8 workers of 8 for evacuation
[41.845s][info][gc,phases    ] GC(94)   Pre Evacuate Collection Set: 0.0ms
[41.845s][info][gc,phases    ] GC(94)   Evacuate Collection Set: 0.2ms
[41.845s][info][gc,phases    ] GC(94)   Post Evacuate Collection Set: 0.3ms
[41.846s][info][gc,phases    ] GC(94)   Other: 0.1ms
[41.846s][info][gc,heap      ] GC(94) Eden regions: 255->0(255)
[41.846s][info][gc,heap      ] GC(94) Survivor regions: 1->1(32)
[41.846s][info][gc,heap      ] GC(94) Old regions: 6->6
[41.846s][info][gc,heap      ] GC(94) Humongous regions: 0->0
[41.846s][info][gc,metaspace ] GC(94) Metaspace: 14642K(15232K)->14642K(15232K) NonClass: 13398K(13824K)->13398K(13824K) Class: 1244K(1408K)->1244K(1408K)
[41.846s][info][gc           ] GC(94) Pause Young (Normal) (G1 Evacuation Pause) 4170M->90M(8192M) 0.611ms
[41.846s][info][gc,cpu       ] GC(94) User=0.00s Sys=0.00s Real=0.00s
[42.278s][info][gc,start     ] GC(95) Pause Young (Normal) (G1 Evacuation Pause)
[42.278s][info][gc,task      ] GC(95) Using 8 workers of 8 for evacuation
[42.278s][info][gc,phases    ] GC(95)   Pre Evacuate Collection Set: 0.0ms
[42.278s][info][gc,phases    ] GC(95)   Evacuate Collection Set: 0.1ms
[42.278s][info][gc,phases    ] GC(95)   Post Evacuate Collection Set: 0.2ms
[42.278s][info][gc,phases    ] GC(95)   Other: 0.1ms
[42.278s][info][gc,heap      ] GC(95) Eden regions: 255->0(255)
[42.278s][info][gc,heap      ] GC(95) Survivor regions: 1->1(32)
[42.278s][info][gc,heap      ] GC(95) Old regions: 6->6
[42.278s][info][gc,heap      ] GC(95) Humongous regions: 0->0
[42.278s][info][gc,metaspace ] GC(95) Metaspace: 14642K(15232K)->14642K(15232K) NonClass: 13398K(13824K)->13398K(13824K) Class: 1244K(1408K)->1244K(1408K)
[42.278s][info][gc           ] GC(95) Pause Young (Normal) (G1 Evacuation Pause) 4170M->90M(8192M) 0.494ms
[42.278s][info][gc,cpu       ] GC(95) User=0.00s Sys=0.00s Real=0.00s
[42.711s][info][gc,start     ] GC(96) Pause Young (Normal) (G1 Evacuation Pause)
[42.711s][info][gc,task      ] GC(96) Using 8 workers of 8 for evacuation
[42.712s][info][gc,phases    ] GC(96)   Pre Evacuate Collection Set: 0.0ms
[42.712s][info][gc,phases    ] GC(96)   Evacuate Collection Set: 0.1ms
[42.712s][info][gc,phases    ] GC(96)   Post Evacuate Collection Set: 0.2ms
[42.712s][info][gc,phases    ] GC(96)   Other: 0.1ms
[42.712s][info][gc,heap      ] GC(96) Eden regions: 255->0(255)
[42.712s][info][gc,heap      ] GC(96) Survivor regions: 1->1(32)
[42.712s][info][gc,heap      ] GC(96) Old regions: 6->6
[42.712s][info][gc,heap      ] GC(96) Humongous regions: 0->0
[42.712s][info][gc,metaspace ] GC(96) Metaspace: 14642K(15232K)->14642K(15232K) NonClass: 13398K(13824K)->13398K(13824K) Class: 1244K(1408K)->1244K(1408K)
[42.712s][info][gc           ] GC(96) Pause Young (Normal) (G1 Evacuation Pause) 4170M->90M(8192M) 0.533ms
[42.712s][info][gc,cpu       ] GC(96) User=0.00s Sys=0.00s Real=0.00s
[43.144s][info][gc,start     ] GC(97) Pause Young (Normal) (G1 Evacuation Pause)
[43.144s][info][gc,task      ] GC(97) Using 8 workers of 8 for evacuation
[43.145s][info][gc,phases    ] GC(97)   Pre Evacuate Collection Set: 0.0ms
[43.145s][info][gc,phases    ] GC(97)   Evacuate Collection Set: 0.2ms
[43.145s][info][gc,phases    ] GC(97)   Post Evacuate Collection Set: 0.3ms
[43.145s][info][gc,phases    ] GC(97)   Other: 0.1ms
[43.145s][info][gc,heap      ] GC(97) Eden regions: 255->0(255)
[43.145s][info][gc,heap      ] GC(97) Survivor regions: 1->1(32)
[43.145s][info][gc,heap      ] GC(97) Old regions: 6->6
[43.145s][info][gc,heap      ] GC(97) Humongous regions: 0->0
[43.145s][info][gc,metaspace ] GC(97) Metaspace: 14642K(15232K)->14642K(15232K) NonClass: 13398K(13824K)->13398K(13824K) Class: 1244K(1408K)->1244K(1408K)
[43.145s][info][gc           ] GC(97) Pause Young (Normal) (G1 Evacuation Pause) 4170M->90M(8192M) 0.652ms
[43.145s][info][gc,cpu       ] GC(97) User=0.01s Sys=0.00s Real=0.00s
[43.577s][info][gc,start     ] GC(98) Pause Young (Normal) (G1 Evacuation Pause)
[43.577s][info][gc,task      ] GC(98) Using 8 workers of 8 for evacuation
[43.577s][info][gc,phases    ] GC(98)   Pre Evacuate Collection Set: 0.0ms
[43.577s][info][gc,phases    ] GC(98)   Evacuate Collection Set: 0.1ms
[43.577s][info][gc,phases    ] GC(98)   Post Evacuate Collection Set: 0.2ms
[43.577s][info][gc,phases    ] GC(98)   Other: 0.1ms
[43.577s][info][gc,heap      ] GC(98) Eden regions: 255->0(255)
[43.577s][info][gc,heap      ] GC(98) Survivor regions: 1->1(32)
[43.577s][info][gc,heap      ] GC(98) Old regions: 6->6
[43.577s][info][gc,heap      ] GC(98) Humongous regions: 0->0
[43.577s][info][gc,metaspace ] GC(98) Metaspace: 14642K(15232K)->14642K(15232K) NonClass: 13398K(13824K)->13398K(13824K) Class: 1244K(1408K)->1244K(1408K)
[43.577s][info][gc           ] GC(98) Pause Young (Normal) (G1 Evacuation Pause) 4170M->90M(8192M) 0.513ms
[43.577s][info][gc,cpu       ] GC(98) User=0.01s Sys=0.00s Real=0.01s
[44.008s][info][gc,start     ] GC(99) Pause Young (Normal) (G1 Evacuation Pause)
[44.008s][info][gc,task      ] GC(99) Using 8 workers of 8 for evacuation
[44.009s][info][gc,phases    ] GC(99)   Pre Evacuate Collection Set: 0.0ms
[44.009s][info][gc,phases    ] GC(99)   Evacuate Collection Set: 0.1ms
[44.009s][info][gc,phases    ] GC(99)   Post Evacuate Collection Set: 0.2ms
[44.009s][info][gc,phases    ] GC(99)   Other: 0.1ms
[44.009s][info][gc,heap      ] GC(99) Eden regions: 255->0(255)
[44.009s][info][gc,heap      ] GC(99) Survivor regions: 1->1(32)
[44.009s][info][gc,heap      ] GC(99) Old regions: 6->6
[44.009s][info][gc,heap      ] GC(99) Humongous regions: 0->0
[44.009s][info][gc,metaspace ] GC(99) Metaspace: 14642K(15232K)->14642K(15232K) NonClass: 13398K(13824K)->13398K(13824K) Class: 1244K(1408K)->1244K(1408K)
[44.009s][info][gc           ] GC(99) Pause Young (Normal) (G1 Evacuation Pause) 4170M->90M(8192M) 0.539ms
[44.009s][info][gc,cpu       ] GC(99) User=0.01s Sys=0.01s Real=0.00s
[44.443s][info][gc,start     ] GC(100) Pause Young (Normal) (G1 Evacuation Pause)
[44.443s][info][gc,task      ] GC(100) Using 8 workers of 8 for evacuation
[44.444s][info][gc,phases    ] GC(100)   Pre Evacuate Collection Set: 0.0ms
[44.444s][info][gc,phases    ] GC(100)   Evacuate Collection Set: 0.2ms
[44.444s][info][gc,phases    ] GC(100)   Post Evacuate Collection Set: 0.3ms
[44.444s][info][gc,phases    ] GC(100)   Other: 0.4ms
[44.444s][info][gc,heap      ] GC(100) Eden regions: 255->0(255)
[44.444s][info][gc,heap      ] GC(100) Survivor regions: 1->1(32)
[44.444s][info][gc,heap      ] GC(100) Old regions: 6->6
[44.444s][info][gc,heap      ] GC(100) Humongous regions: 0->0
[44.444s][info][gc,metaspace ] GC(100) Metaspace: 14642K(15232K)->14642K(15232K) NonClass: 13398K(13824K)->13398K(13824K) Class: 1244K(1408K)->1244K(1408K)
[44.444s][info][gc           ] GC(100) Pause Young (Normal) (G1 Evacuation Pause) 4170M->90M(8192M) 0.918ms
[44.444s][info][gc,cpu       ] GC(100) User=0.00s Sys=0.00s Real=0.00s
[44.874s][info][gc,start     ] GC(101) Pause Young (Normal) (G1 Evacuation Pause)
[44.874s][info][gc,task      ] GC(101) Using 8 workers of 8 for evacuation
[44.875s][info][gc,phases    ] GC(101)   Pre Evacuate Collection Set: 0.0ms
[44.875s][info][gc,phases    ] GC(101)   Evacuate Collection Set: 0.2ms
[44.875s][info][gc,phases    ] GC(101)   Post Evacuate Collection Set: 0.2ms
[44.875s][info][gc,phases    ] GC(101)   Other: 0.1ms
[44.875s][info][gc,heap      ] GC(101) Eden regions: 255->0(255)
[44.875s][info][gc,heap      ] GC(101) Survivor regions: 1->1(32)
[44.875s][info][gc,heap      ] GC(101) Old regions: 6->6
[44.875s][info][gc,heap      ] GC(101) Humongous regions: 0->0
[44.875s][info][gc,metaspace ] GC(101) Metaspace: 14642K(15232K)->14642K(15232K) NonClass: 13398K(13824K)->13398K(13824K) Class: 1244K(1408K)->1244K(1408K)
[44.875s][info][gc           ] GC(101) Pause Young (Normal) (G1 Evacuation Pause) 4170M->90M(8192M) 0.552ms
[44.875s][info][gc,cpu       ] GC(101) User=0.00s Sys=0.00s Real=0.00s
[45.305s][info][gc,start     ] GC(102) Pause Young (Normal) (G1 Evacuation Pause)
[45.305s][info][gc,task      ] GC(102) Using 8 workers of 8 for evacuation
[45.306s][info][gc,phases    ] GC(102)   Pre Evacuate Collection Set: 0.0ms
[45.306s][info][gc,phases    ] GC(102)   Evacuate Collection Set: 0.1ms
[45.306s][info][gc,phases    ] GC(102)   Post Evacuate Collection Set: 0.2ms
[45.306s][info][gc,phases    ] GC(102)   Other: 0.1ms
[45.306s][info][gc,heap      ] GC(102) Eden regions: 255->0(255)
[45.306s][info][gc,heap      ] GC(102) Survivor regions: 1->1(32)
[45.306s][info][gc,heap      ] GC(102) Old regions: 6->6
[45.306s][info][gc,heap      ] GC(102) Humongous regions: 0->0
[45.306s][info][gc,metaspace ] GC(102) Metaspace: 14642K(15232K)->14642K(15232K) NonClass: 13398K(13824K)->13398K(13824K) Class: 1244K(1408K)->1244K(1408K)
[45.306s][info][gc           ] GC(102) Pause Young (Normal) (G1 Evacuation Pause) 4170M->90M(8192M) 0.524ms
[45.306s][info][gc,cpu       ] GC(102) User=0.00s Sys=0.01s Real=0.00s
[45.738s][info][gc,start     ] GC(103) Pause Young (Normal) (G1 Evacuation Pause)
[45.738s][info][gc,task      ] GC(103) Using 8 workers of 8 for evacuation
[45.738s][info][gc,phases    ] GC(103)   Pre Evacuate Collection Set: 0.0ms
[45.738s][info][gc,phases    ] GC(103)   Evacuate Collection Set: 0.1ms
[45.738s][info][gc,phases    ] GC(103)   Post Evacuate Collection Set: 0.2ms
[45.738s][info][gc,phases    ] GC(103)   Other: 0.1ms
[45.738s][info][gc,heap      ] GC(103) Eden regions: 255->0(255)
[45.738s][info][gc,heap      ] GC(103) Survivor regions: 1->1(32)
[45.738s][info][gc,heap      ] GC(103) Old regions: 6->6
[45.738s][info][gc,heap      ] GC(103) Humongous regions: 0->0
[45.738s][info][gc,metaspace ] GC(103) Metaspace: 14642K(15232K)->14642K(15232K) NonClass: 13398K(13824K)->13398K(13824K) Class: 1244K(1408K)->1244K(1408K)
[45.738s][info][gc           ] GC(103) Pause Young (Normal) (G1 Evacuation Pause) 4170M->90M(8192M) 0.479ms
[45.738s][info][gc,cpu       ] GC(103) User=0.00s Sys=0.00s Real=0.00s
[46.181s][info][gc,start     ] GC(104) Pause Young (Normal) (G1 Evacuation Pause)
[46.181s][info][gc,task      ] GC(104) Using 8 workers of 8 for evacuation
[46.181s][info][gc,phases    ] GC(104)   Pre Evacuate Collection Set: 0.0ms
[46.181s][info][gc,phases    ] GC(104)   Evacuate Collection Set: 0.2ms
[46.181s][info][gc,phases    ] GC(104)   Post Evacuate Collection Set: 0.2ms
[46.181s][info][gc,phases    ] GC(104)   Other: 0.1ms
[46.181s][info][gc,heap      ] GC(104) Eden regions: 255->0(255)
[46.181s][info][gc,heap      ] GC(104) Survivor regions: 1->1(32)
[46.181s][info][gc,heap      ] GC(104) Old regions: 6->6
[46.181s][info][gc,heap      ] GC(104) Humongous regions: 0->0
[46.181s][info][gc,metaspace ] GC(104) Metaspace: 14642K(15232K)->14642K(15232K) NonClass: 13398K(13824K)->13398K(13824K) Class: 1244K(1408K)->1244K(1408K)
[46.181s][info][gc           ] GC(104) Pause Young (Normal) (G1 Evacuation Pause) 4170M->90M(8192M) 0.576ms
[46.181s][info][gc,cpu       ] GC(104) User=0.00s Sys=0.00s Real=0.00s
[46.618s][info][gc,start     ] GC(105) Pause Young (Normal) (G1 Evacuation Pause)
[46.618s][info][gc,task      ] GC(105) Using 8 workers of 8 for evacuation
[46.618s][info][gc,phases    ] GC(105)   Pre Evacuate Collection Set: 0.0ms
[46.619s][info][gc,phases    ] GC(105)   Evacuate Collection Set: 0.1ms
[46.619s][info][gc,phases    ] GC(105)   Post Evacuate Collection Set: 0.2ms
[46.619s][info][gc,phases    ] GC(105)   Other: 0.1ms
[46.619s][info][gc,heap      ] GC(105) Eden regions: 255->0(255)
[46.619s][info][gc,heap      ] GC(105) Survivor regions: 1->1(32)
[46.619s][info][gc,heap      ] GC(105) Old regions: 6->6
[46.619s][info][gc,heap      ] GC(105) Humongous regions: 0->0
[46.619s][info][gc,metaspace ] GC(105) Metaspace: 14642K(15232K)->14642K(15232K) NonClass: 13398K(13824K)->13398K(13824K) Class: 1244K(1408K)->1244K(1408K)
[46.619s][info][gc           ] GC(105) Pause Young (Normal) (G1 Evacuation Pause) 4170M->90M(8192M) 0.506ms
[46.619s][info][gc,cpu       ] GC(105) User=0.01s Sys=0.00s Real=0.00s
[47.052s][info][gc,start     ] GC(106) Pause Young (Normal) (G1 Evacuation Pause)
[47.052s][info][gc,task      ] GC(106) Using 8 workers of 8 for evacuation
[47.052s][info][gc,phases    ] GC(106)   Pre Evacuate Collection Set: 0.0ms
[47.052s][info][gc,phases    ] GC(106)   Evacuate Collection Set: 0.1ms
[47.052s][info][gc,phases    ] GC(106)   Post Evacuate Collection Set: 0.2ms
[47.052s][info][gc,phases    ] GC(106)   Other: 0.1ms
[47.052s][info][gc,heap      ] GC(106) Eden regions: 255->0(255)
[47.052s][info][gc,heap      ] GC(106) Survivor regions: 1->1(32)
[47.052s][info][gc,heap      ] GC(106) Old regions: 6->6
[47.052s][info][gc,heap      ] GC(106) Humongous regions: 0->0
[47.052s][info][gc,metaspace ] GC(106) Metaspace: 14642K(15232K)->14642K(15232K) NonClass: 13398K(13824K)->13398K(13824K) Class: 1244K(1408K)->1244K(1408K)
[47.052s][info][gc           ] GC(106) Pause Young (Normal) (G1 Evacuation Pause) 4170M->90M(8192M) 0.514ms
[47.052s][info][gc,cpu       ] GC(106) User=0.00s Sys=0.00s Real=0.00s
[47.485s][info][gc,start     ] GC(107) Pause Young (Normal) (G1 Evacuation Pause)
[47.485s][info][gc,task      ] GC(107) Using 8 workers of 8 for evacuation
[47.486s][info][gc,phases    ] GC(107)   Pre Evacuate Collection Set: 0.0ms
[47.486s][info][gc,phases    ] GC(107)   Evacuate Collection Set: 0.1ms
[47.486s][info][gc,phases    ] GC(107)   Post Evacuate Collection Set: 0.2ms
[47.486s][info][gc,phases    ] GC(107)   Other: 0.1ms
[47.486s][info][gc,heap      ] GC(107) Eden regions: 255->0(255)
[47.486s][info][gc,heap      ] GC(107) Survivor regions: 1->1(32)
[47.486s][info][gc,heap      ] GC(107) Old regions: 6->6
[47.486s][info][gc,heap      ] GC(107) Humongous regions: 0->0
[47.486s][info][gc,metaspace ] GC(107) Metaspace: 14642K(15232K)->14642K(15232K) NonClass: 13398K(13824K)->13398K(13824K) Class: 1244K(1408K)->1244K(1408K)
[47.486s][info][gc           ] GC(107) Pause Young (Normal) (G1 Evacuation Pause) 4170M->90M(8192M) 0.502ms
[47.486s][info][gc,cpu       ] GC(107) User=0.00s Sys=0.00s Real=0.00s
[47.918s][info][gc,start     ] GC(108) Pause Young (Normal) (G1 Evacuation Pause)
[47.918s][info][gc,task      ] GC(108) Using 8 workers of 8 for evacuation
[47.918s][info][gc,phases    ] GC(108)   Pre Evacuate Collection Set: 0.0ms
[47.918s][info][gc,phases    ] GC(108)   Evacuate Collection Set: 0.1ms
[47.918s][info][gc,phases    ] GC(108)   Post Evacuate Collection Set: 0.2ms
[47.918s][info][gc,phases    ] GC(108)   Other: 0.1ms
[47.918s][info][gc,heap      ] GC(108) Eden regions: 255->0(255)
[47.918s][info][gc,heap      ] GC(108) Survivor regions: 1->1(32)
[47.918s][info][gc,heap      ] GC(108) Old regions: 6->6
[47.918s][info][gc,heap      ] GC(108) Humongous regions: 0->0
[47.918s][info][gc,metaspace ] GC(108) Metaspace: 14642K(15232K)->14642K(15232K) NonClass: 13398K(13824K)->13398K(13824K) Class: 1244K(1408K)->1244K(1408K)
[47.918s][info][gc           ] GC(108) Pause Young (Normal) (G1 Evacuation Pause) 4170M->90M(8192M) 0.519ms
[47.918s][info][gc,cpu       ] GC(108) User=0.00s Sys=0.00s Real=0.00s
[48.350s][info][gc,start     ] GC(109) Pause Young (Normal) (G1 Evacuation Pause)
[48.350s][info][gc,task      ] GC(109) Using 8 workers of 8 for evacuation
[48.350s][info][gc,phases    ] GC(109)   Pre Evacuate Collection Set: 0.0ms
[48.350s][info][gc,phases    ] GC(109)   Evacuate Collection Set: 0.1ms
[48.350s][info][gc,phases    ] GC(109)   Post Evacuate Collection Set: 0.2ms
[48.350s][info][gc,phases    ] GC(109)   Other: 0.1ms
[48.350s][info][gc,heap      ] GC(109) Eden regions: 255->0(255)
[48.350s][info][gc,heap      ] GC(109) Survivor regions: 1->1(32)
[48.350s][info][gc,heap      ] GC(109) Old regions: 6->6
[48.350s][info][gc,heap      ] GC(109) Humongous regions: 0->0
[48.350s][info][gc,metaspace ] GC(109) Metaspace: 14642K(15232K)->14642K(15232K) NonClass: 13398K(13824K)->13398K(13824K) Class: 1244K(1408K)->1244K(1408K)
[48.350s][info][gc           ] GC(109) Pause Young (Normal) (G1 Evacuation Pause) 4170M->90M(8192M) 0.518ms
[48.350s][info][gc,cpu       ] GC(109) User=0.00s Sys=0.00s Real=0.00s
[48.782s][info][gc,start     ] GC(110) Pause Young (Normal) (G1 Evacuation Pause)
[48.782s][info][gc,task      ] GC(110) Using 8 workers of 8 for evacuation
[48.783s][info][gc,phases    ] GC(110)   Pre Evacuate Collection Set: 0.0ms
[48.783s][info][gc,phases    ] GC(110)   Evacuate Collection Set: 0.2ms
[48.783s][info][gc,phases    ] GC(110)   Post Evacuate Collection Set: 0.2ms
[48.783s][info][gc,phases    ] GC(110)   Other: 0.1ms
[48.783s][info][gc,heap      ] GC(110) Eden regions: 255->0(255)
[48.783s][info][gc,heap      ] GC(110) Survivor regions: 1->1(32)
[48.783s][info][gc,heap      ] GC(110) Old regions: 6->6
[48.783s][info][gc,heap      ] GC(110) Humongous regions: 0->0
[48.783s][info][gc,metaspace ] GC(110) Metaspace: 14642K(15232K)->14642K(15232K) NonClass: 13398K(13824K)->13398K(13824K) Class: 1244K(1408K)->1244K(1408K)
[48.783s][info][gc           ] GC(110) Pause Young (Normal) (G1 Evacuation Pause) 4170M->90M(8192M) 0.555ms
[48.783s][info][gc,cpu       ] GC(110) User=0.00s Sys=0.00s Real=0.00s
[49.214s][info][gc,start     ] GC(111) Pause Young (Normal) (G1 Evacuation Pause)
[49.214s][info][gc,task      ] GC(111) Using 8 workers of 8 for evacuation
[49.214s][info][gc,phases    ] GC(111)   Pre Evacuate Collection Set: 0.0ms
[49.214s][info][gc,phases    ] GC(111)   Evacuate Collection Set: 0.2ms
[49.214s][info][gc,phases    ] GC(111)   Post Evacuate Collection Set: 0.3ms
[49.214s][info][gc,phases    ] GC(111)   Other: 0.1ms
[49.214s][info][gc,heap      ] GC(111) Eden regions: 255->0(255)
[49.214s][info][gc,heap      ] GC(111) Survivor regions: 1->1(32)
[49.215s][info][gc,heap      ] GC(111) Old regions: 6->6
[49.215s][info][gc,heap      ] GC(111) Humongous regions: 0->0
[49.215s][info][gc,metaspace ] GC(111) Metaspace: 14642K(15232K)->14642K(15232K) NonClass: 13398K(13824K)->13398K(13824K) Class: 1244K(1408K)->1244K(1408K)
[49.215s][info][gc           ] GC(111) Pause Young (Normal) (G1 Evacuation Pause) 4170M->90M(8192M) 0.584ms
[49.215s][info][gc,cpu       ] GC(111) User=0.00s Sys=0.01s Real=0.00s
[49.646s][info][gc,start     ] GC(112) Pause Young (Normal) (G1 Evacuation Pause)
[49.646s][info][gc,task      ] GC(112) Using 8 workers of 8 for evacuation
[49.646s][info][gc,phases    ] GC(112)   Pre Evacuate Collection Set: 0.0ms
[49.646s][info][gc,phases    ] GC(112)   Evacuate Collection Set: 0.2ms
[49.646s][info][gc,phases    ] GC(112)   Post Evacuate Collection Set: 0.3ms
[49.646s][info][gc,phases    ] GC(112)   Other: 0.1ms
[49.646s][info][gc,heap      ] GC(112) Eden regions: 255->0(255)
[49.646s][info][gc,heap      ] GC(112) Survivor regions: 1->1(32)
[49.646s][info][gc,heap      ] GC(112) Old regions: 6->6
[49.646s][info][gc,heap      ] GC(112) Humongous regions: 0->0
[49.646s][info][gc,metaspace ] GC(112) Metaspace: 14642K(15232K)->14642K(15232K) NonClass: 13398K(13824K)->13398K(13824K) Class: 1244K(1408K)->1244K(1408K)
[49.646s][info][gc           ] GC(112) Pause Young (Normal) (G1 Evacuation Pause) 4170M->90M(8192M) 0.631ms
[49.646s][info][gc,cpu       ] GC(112) User=0.00s Sys=0.00s Real=0.00s
[50.077s][info][gc,start     ] GC(113) Pause Young (Normal) (G1 Evacuation Pause)
[50.077s][info][gc,task      ] GC(113) Using 8 workers of 8 for evacuation
[50.077s][info][gc,phases    ] GC(113)   Pre Evacuate Collection Set: 0.0ms
[50.077s][info][gc,phases    ] GC(113)   Evacuate Collection Set: 0.2ms
[50.077s][info][gc,phases    ] GC(113)   Post Evacuate Collection Set: 0.3ms
[50.077s][info][gc,phases    ] GC(113)   Other: 0.1ms
[50.077s][info][gc,heap      ] GC(113) Eden regions: 255->0(255)
[50.077s][info][gc,heap      ] GC(113) Survivor regions: 1->1(32)
[50.077s][info][gc,heap      ] GC(113) Old regions: 6->6
[50.077s][info][gc,heap      ] GC(113) Humongous regions: 0->0
[50.077s][info][gc,metaspace ] GC(113) Metaspace: 14642K(15232K)->14642K(15232K) NonClass: 13398K(13824K)->13398K(13824K) Class: 1244K(1408K)->1244K(1408K)
[50.077s][info][gc           ] GC(113) Pause Young (Normal) (G1 Evacuation Pause) 4170M->90M(8192M) 0.658ms
[50.077s][info][gc,cpu       ] GC(113) User=0.00s Sys=0.00s Real=0.00s
[50.510s][info][gc,start     ] GC(114) Pause Young (Normal) (G1 Evacuation Pause)
[50.510s][info][gc,task      ] GC(114) Using 8 workers of 8 for evacuation
[50.510s][info][gc,phases    ] GC(114)   Pre Evacuate Collection Set: 0.0ms
[50.510s][info][gc,phases    ] GC(114)   Evacuate Collection Set: 0.2ms
[50.510s][info][gc,phases    ] GC(114)   Post Evacuate Collection Set: 0.3ms
[50.510s][info][gc,phases    ] GC(114)   Other: 0.1ms
[50.510s][info][gc,heap      ] GC(114) Eden regions: 255->0(255)
[50.510s][info][gc,heap      ] GC(114) Survivor regions: 1->1(32)
[50.510s][info][gc,heap      ] GC(114) Old regions: 6->6
[50.510s][info][gc,heap      ] GC(114) Humongous regions: 0->0
[50.510s][info][gc,metaspace ] GC(114) Metaspace: 14642K(15232K)->14642K(15232K) NonClass: 13398K(13824K)->13398K(13824K) Class: 1244K(1408K)->1244K(1408K)
[50.510s][info][gc           ] GC(114) Pause Young (Normal) (G1 Evacuation Pause) 4170M->90M(8192M) 0.681ms
[50.510s][info][gc,cpu       ] GC(114) User=0.00s Sys=0.01s Real=0.00s
[50.941s][info][gc,start     ] GC(115) Pause Young (Normal) (G1 Evacuation Pause)
[50.941s][info][gc,task      ] GC(115) Using 8 workers of 8 for evacuation
[50.941s][info][gc,phases    ] GC(115)   Pre Evacuate Collection Set: 0.0ms
[50.941s][info][gc,phases    ] GC(115)   Evacuate Collection Set: 0.2ms
[50.941s][info][gc,phases    ] GC(115)   Post Evacuate Collection Set: 0.2ms
[50.941s][info][gc,phases    ] GC(115)   Other: 0.1ms
[50.941s][info][gc,heap      ] GC(115) Eden regions: 255->0(255)
[50.941s][info][gc,heap      ] GC(115) Survivor regions: 1->1(32)
[50.941s][info][gc,heap      ] GC(115) Old regions: 6->6
[50.941s][info][gc,heap      ] GC(115) Humongous regions: 0->0
[50.941s][info][gc,metaspace ] GC(115) Metaspace: 14642K(15232K)->14642K(15232K) NonClass: 13398K(13824K)->13398K(13824K) Class: 1244K(1408K)->1244K(1408K)
[50.941s][info][gc           ] GC(115) Pause Young (Normal) (G1 Evacuation Pause) 4170M->90M(8192M) 0.528ms
[50.941s][info][gc,cpu       ] GC(115) User=0.00s Sys=0.00s Real=0.00s
[51.386s][info][gc,start     ] GC(116) Pause Young (Normal) (G1 Evacuation Pause)
[51.386s][info][gc,task      ] GC(116) Using 8 workers of 8 for evacuation
[51.387s][info][gc,phases    ] GC(116)   Pre Evacuate Collection Set: 0.0ms
[51.387s][info][gc,phases    ] GC(116)   Evacuate Collection Set: 0.1ms
[51.387s][info][gc,phases    ] GC(116)   Post Evacuate Collection Set: 0.2ms
[51.387s][info][gc,phases    ] GC(116)   Other: 0.1ms
[51.387s][info][gc,heap      ] GC(116) Eden regions: 255->0(255)
[51.387s][info][gc,heap      ] GC(116) Survivor regions: 1->1(32)
[51.387s][info][gc,heap      ] GC(116) Old regions: 6->6
[51.387s][info][gc,heap      ] GC(116) Humongous regions: 0->0
[51.387s][info][gc,metaspace ] GC(116) Metaspace: 14642K(15232K)->14642K(15232K) NonClass: 13398K(13824K)->13398K(13824K) Class: 1244K(1408K)->1244K(1408K)
[51.387s][info][gc           ] GC(116) Pause Young (Normal) (G1 Evacuation Pause) 4170M->90M(8192M) 0.519ms
[51.387s][info][gc,cpu       ] GC(116) User=0.00s Sys=0.00s Real=0.01s
[51.821s][info][gc,start     ] GC(117) Pause Young (Normal) (G1 Evacuation Pause)
[51.821s][info][gc,task      ] GC(117) Using 8 workers of 8 for evacuation
[51.822s][info][gc,phases    ] GC(117)   Pre Evacuate Collection Set: 0.0ms
[51.822s][info][gc,phases    ] GC(117)   Evacuate Collection Set: 0.1ms
[51.822s][info][gc,phases    ] GC(117)   Post Evacuate Collection Set: 0.2ms
[51.822s][info][gc,phases    ] GC(117)   Other: 0.1ms
[51.822s][info][gc,heap      ] GC(117) Eden regions: 255->0(255)
[51.822s][info][gc,heap      ] GC(117) Survivor regions: 1->1(32)
[51.822s][info][gc,heap      ] GC(117) Old regions: 6->6
[51.822s][info][gc,heap      ] GC(117) Humongous regions: 0->0
[51.822s][info][gc,metaspace ] GC(117) Metaspace: 14642K(15232K)->14642K(15232K) NonClass: 13398K(13824K)->13398K(13824K) Class: 1244K(1408K)->1244K(1408K)
[51.822s][info][gc           ] GC(117) Pause Young (Normal) (G1 Evacuation Pause) 4170M->90M(8192M) 0.496ms
[51.822s][info][gc,cpu       ] GC(117) User=0.00s Sys=0.00s Real=0.00s
[52.254s][info][gc,start     ] GC(118) Pause Young (Normal) (G1 Evacuation Pause)
[52.254s][info][gc,task      ] GC(118) Using 8 workers of 8 for evacuation
[52.255s][info][gc,phases    ] GC(118)   Pre Evacuate Collection Set: 0.0ms
[52.255s][info][gc,phases    ] GC(118)   Evacuate Collection Set: 0.1ms
[52.255s][info][gc,phases    ] GC(118)   Post Evacuate Collection Set: 0.2ms
[52.255s][info][gc,phases    ] GC(118)   Other: 0.1ms
[52.255s][info][gc,heap      ] GC(118) Eden regions: 255->0(255)
[52.255s][info][gc,heap      ] GC(118) Survivor regions: 1->1(32)
[52.255s][info][gc,heap      ] GC(118) Old regions: 6->6
[52.255s][info][gc,heap      ] GC(118) Humongous regions: 0->0
[52.255s][info][gc,metaspace ] GC(118) Metaspace: 14642K(15232K)->14642K(15232K) NonClass: 13398K(13824K)->13398K(13824K) Class: 1244K(1408K)->1244K(1408K)
[52.255s][info][gc           ] GC(118) Pause Young (Normal) (G1 Evacuation Pause) 4170M->90M(8192M) 0.500ms
[52.255s][info][gc,cpu       ] GC(118) User=0.00s Sys=0.00s Real=0.00s
[52.688s][info][gc,start     ] GC(119) Pause Young (Normal) (G1 Evacuation Pause)
[52.688s][info][gc,task      ] GC(119) Using 8 workers of 8 for evacuation
[52.688s][info][gc,phases    ] GC(119)   Pre Evacuate Collection Set: 0.0ms
[52.688s][info][gc,phases    ] GC(119)   Evacuate Collection Set: 0.2ms
[52.688s][info][gc,phases    ] GC(119)   Post Evacuate Collection Set: 0.2ms
[52.688s][info][gc,phases    ] GC(119)   Other: 0.1ms
[52.688s][info][gc,heap      ] GC(119) Eden regions: 255->0(255)
[52.688s][info][gc,heap      ] GC(119) Survivor regions: 1->1(32)
[52.688s][info][gc,heap      ] GC(119) Old regions: 6->6
[52.688s][info][gc,heap      ] GC(119) Humongous regions: 0->0
[52.688s][info][gc,metaspace ] GC(119) Metaspace: 14642K(15232K)->14642K(15232K) NonClass: 13398K(13824K)->13398K(13824K) Class: 1244K(1408K)->1244K(1408K)
[52.688s][info][gc           ] GC(119) Pause Young (Normal) (G1 Evacuation Pause) 4170M->91M(8192M) 0.557ms
[52.688s][info][gc,cpu       ] GC(119) User=0.00s Sys=0.00s Real=0.00s
[53.120s][info][gc,start     ] GC(120) Pause Young (Normal) (G1 Evacuation Pause)
[53.120s][info][gc,task      ] GC(120) Using 8 workers of 8 for evacuation
[53.120s][info][gc,phases    ] GC(120)   Pre Evacuate Collection Set: 0.0ms
[53.120s][info][gc,phases    ] GC(120)   Evacuate Collection Set: 0.1ms
[53.120s][info][gc,phases    ] GC(120)   Post Evacuate Collection Set: 0.2ms
[53.120s][info][gc,phases    ] GC(120)   Other: 0.1ms
[53.120s][info][gc,heap      ] GC(120) Eden regions: 255->0(255)
[53.120s][info][gc,heap      ] GC(120) Survivor regions: 1->1(32)
[53.120s][info][gc,heap      ] GC(120) Old regions: 6->6
[53.120s][info][gc,heap      ] GC(120) Humongous regions: 0->0
[53.120s][info][gc,metaspace ] GC(120) Metaspace: 14642K(15232K)->14642K(15232K) NonClass: 13398K(13824K)->13398K(13824K) Class: 1244K(1408K)->1244K(1408K)
[53.120s][info][gc           ] GC(120) Pause Young (Normal) (G1 Evacuation Pause) 4171M->91M(8192M) 0.489ms
[53.120s][info][gc,cpu       ] GC(120) User=0.00s Sys=0.00s Real=0.00s
[53.553s][info][gc,start     ] GC(121) Pause Young (Normal) (G1 Evacuation Pause)
[53.553s][info][gc,task      ] GC(121) Using 8 workers of 8 for evacuation
[53.553s][info][gc,phases    ] GC(121)   Pre Evacuate Collection Set: 0.0ms
[53.553s][info][gc,phases    ] GC(121)   Evacuate Collection Set: 0.1ms
[53.553s][info][gc,phases    ] GC(121)   Post Evacuate Collection Set: 0.2ms
[53.553s][info][gc,phases    ] GC(121)   Other: 0.1ms
[53.553s][info][gc,heap      ] GC(121) Eden regions: 255->0(255)
[53.553s][info][gc,heap      ] GC(121) Survivor regions: 1->1(32)
[53.553s][info][gc,heap      ] GC(121) Old regions: 6->6
[53.553s][info][gc,heap      ] GC(121) Humongous regions: 0->0
[53.553s][info][gc,metaspace ] GC(121) Metaspace: 14642K(15232K)->14642K(15232K) NonClass: 13398K(13824K)->13398K(13824K) Class: 1244K(1408K)->1244K(1408K)
[53.553s][info][gc           ] GC(121) Pause Young (Normal) (G1 Evacuation Pause) 4171M->91M(8192M) 0.490ms
[53.553s][info][gc,cpu       ] GC(121) User=0.00s Sys=0.00s Real=0.00s
[53.984s][info][gc,start     ] GC(122) Pause Young (Normal) (G1 Evacuation Pause)
[53.984s][info][gc,task      ] GC(122) Using 8 workers of 8 for evacuation
[53.984s][info][gc,phases    ] GC(122)   Pre Evacuate Collection Set: 0.0ms
[53.984s][info][gc,phases    ] GC(122)   Evacuate Collection Set: 0.2ms
[53.984s][info][gc,phases    ] GC(122)   Post Evacuate Collection Set: 0.2ms
[53.984s][info][gc,phases    ] GC(122)   Other: 0.1ms
[53.984s][info][gc,heap      ] GC(122) Eden regions: 255->0(255)
[53.984s][info][gc,heap      ] GC(122) Survivor regions: 1->1(32)
[53.984s][info][gc,heap      ] GC(122) Old regions: 6->6
[53.984s][info][gc,heap      ] GC(122) Humongous regions: 0->0
[53.984s][info][gc,metaspace ] GC(122) Metaspace: 14642K(15232K)->14642K(15232K) NonClass: 13398K(13824K)->13398K(13824K) Class: 1244K(1408K)->1244K(1408K)
[53.984s][info][gc           ] GC(122) Pause Young (Normal) (G1 Evacuation Pause) 4171M->91M(8192M) 0.558ms
[53.984s][info][gc,cpu       ] GC(122) User=0.00s Sys=0.00s Real=0.00s
[54.415s][info][gc,start     ] GC(123) Pause Young (Normal) (G1 Evacuation Pause)
[54.415s][info][gc,task      ] GC(123) Using 8 workers of 8 for evacuation
[54.416s][info][gc,phases    ] GC(123)   Pre Evacuate Collection Set: 0.0ms
[54.416s][info][gc,phases    ] GC(123)   Evacuate Collection Set: 0.1ms
[54.416s][info][gc,phases    ] GC(123)   Post Evacuate Collection Set: 0.2ms
[54.416s][info][gc,phases    ] GC(123)   Other: 0.1ms
[54.416s][info][gc,heap      ] GC(123) Eden regions: 255->0(255)
[54.416s][info][gc,heap      ] GC(123) Survivor regions: 1->1(32)
[54.416s][info][gc,heap      ] GC(123) Old regions: 6->6
[54.416s][info][gc,heap      ] GC(123) Humongous regions: 0->0
[54.416s][info][gc,metaspace ] GC(123) Metaspace: 14642K(15232K)->14642K(15232K) NonClass: 13398K(13824K)->13398K(13824K) Class: 1244K(1408K)->1244K(1408K)
[54.416s][info][gc           ] GC(123) Pause Young (Normal) (G1 Evacuation Pause) 4171M->91M(8192M) 0.472ms
[54.416s][info][gc,cpu       ] GC(123) User=0.00s Sys=0.00s Real=0.00s
[54.847s][info][gc,start     ] GC(124) Pause Young (Normal) (G1 Evacuation Pause)
[54.847s][info][gc,task      ] GC(124) Using 8 workers of 8 for evacuation
[54.848s][info][gc,phases    ] GC(124)   Pre Evacuate Collection Set: 0.0ms
[54.848s][info][gc,phases    ] GC(124)   Evacuate Collection Set: 0.1ms
[54.848s][info][gc,phases    ] GC(124)   Post Evacuate Collection Set: 0.2ms
[54.848s][info][gc,phases    ] GC(124)   Other: 0.1ms
[54.848s][info][gc,heap      ] GC(124) Eden regions: 255->0(255)
[54.848s][info][gc,heap      ] GC(124) Survivor regions: 1->1(32)
[54.848s][info][gc,heap      ] GC(124) Old regions: 6->6
[54.848s][info][gc,heap      ] GC(124) Humongous regions: 0->0
[54.848s][info][gc,metaspace ] GC(124) Metaspace: 14642K(15232K)->14642K(15232K) NonClass: 13398K(13824K)->13398K(13824K) Class: 1244K(1408K)->1244K(1408K)
[54.848s][info][gc           ] GC(124) Pause Young (Normal) (G1 Evacuation Pause) 4171M->91M(8192M) 0.499ms
[54.848s][info][gc,cpu       ] GC(124) User=0.00s Sys=0.00s Real=0.00s
[55.278s][info][gc,start     ] GC(125) Pause Young (Normal) (G1 Evacuation Pause)
[55.278s][info][gc,task      ] GC(125) Using 8 workers of 8 for evacuation
[55.279s][info][gc,phases    ] GC(125)   Pre Evacuate Collection Set: 0.0ms
[55.279s][info][gc,phases    ] GC(125)   Evacuate Collection Set: 0.1ms
[55.279s][info][gc,phases    ] GC(125)   Post Evacuate Collection Set: 0.2ms
[55.279s][info][gc,phases    ] GC(125)   Other: 0.1ms
[55.279s][info][gc,heap      ] GC(125) Eden regions: 255->0(255)
[55.279s][info][gc,heap      ] GC(125) Survivor regions: 1->1(32)
[55.279s][info][gc,heap      ] GC(125) Old regions: 6->6
[55.279s][info][gc,heap      ] GC(125) Humongous regions: 0->0
[55.279s][info][gc,metaspace ] GC(125) Metaspace: 14642K(15232K)->14642K(15232K) NonClass: 13398K(13824K)->13398K(13824K) Class: 1244K(1408K)->1244K(1408K)
[55.279s][info][gc           ] GC(125) Pause Young (Normal) (G1 Evacuation Pause) 4171M->91M(8192M) 0.467ms
[55.279s][info][gc,cpu       ] GC(125) User=0.00s Sys=0.00s Real=0.00s
[55.729s][info][gc,start     ] GC(126) Pause Young (Normal) (G1 Evacuation Pause)
[55.729s][info][gc,task      ] GC(126) Using 8 workers of 8 for evacuation
[55.729s][info][gc,phases    ] GC(126)   Pre Evacuate Collection Set: 0.0ms
[55.729s][info][gc,phases    ] GC(126)   Evacuate Collection Set: 0.2ms
[55.729s][info][gc,phases    ] GC(126)   Post Evacuate Collection Set: 0.2ms
[55.729s][info][gc,phases    ] GC(126)   Other: 0.1ms
[55.729s][info][gc,heap      ] GC(126) Eden regions: 255->0(255)
[55.729s][info][gc,heap      ] GC(126) Survivor regions: 1->1(32)
[55.729s][info][gc,heap      ] GC(126) Old regions: 6->6
[55.729s][info][gc,heap      ] GC(126) Humongous regions: 0->0
[55.729s][info][gc,metaspace ] GC(126) Metaspace: 14642K(15232K)->14642K(15232K) NonClass: 13398K(13824K)->13398K(13824K) Class: 1244K(1408K)->1244K(1408K)
[55.729s][info][gc           ] GC(126) Pause Young (Normal) (G1 Evacuation Pause) 4171M->91M(8192M) 0.628ms
[55.729s][info][gc,cpu       ] GC(126) User=0.01s Sys=0.00s Real=0.00s
[56.194s][info][gc,start     ] GC(127) Pause Young (Normal) (G1 Evacuation Pause)
[56.194s][info][gc,task      ] GC(127) Using 8 workers of 8 for evacuation
[56.195s][info][gc,phases    ] GC(127)   Pre Evacuate Collection Set: 0.0ms
[56.195s][info][gc,phases    ] GC(127)   Evacuate Collection Set: 0.2ms
[56.195s][info][gc,phases    ] GC(127)   Post Evacuate Collection Set: 0.2ms
[56.195s][info][gc,phases    ] GC(127)   Other: 0.1ms
[56.195s][info][gc,heap      ] GC(127) Eden regions: 255->0(255)
[56.195s][info][gc,heap      ] GC(127) Survivor regions: 1->1(32)
[56.195s][info][gc,heap      ] GC(127) Old regions: 6->6
[56.195s][info][gc,heap      ] GC(127) Humongous regions: 0->0
[56.195s][info][gc,metaspace ] GC(127) Metaspace: 14642K(15232K)->14642K(15232K) NonClass: 13398K(13824K)->13398K(13824K) Class: 1244K(1408K)->1244K(1408K)
[56.195s][info][gc           ] GC(127) Pause Young (Normal) (G1 Evacuation Pause) 4171M->91M(8192M) 0.584ms
[56.195s][info][gc,cpu       ] GC(127) User=0.00s Sys=0.00s Real=0.00s
[56.634s][info][gc,start     ] GC(128) Pause Young (Normal) (G1 Evacuation Pause)
[56.634s][info][gc,task      ] GC(128) Using 8 workers of 8 for evacuation
[56.634s][info][gc,phases    ] GC(128)   Pre Evacuate Collection Set: 0.0ms
[56.634s][info][gc,phases    ] GC(128)   Evacuate Collection Set: 0.1ms
[56.634s][info][gc,phases    ] GC(128)   Post Evacuate Collection Set: 0.2ms
[56.634s][info][gc,phases    ] GC(128)   Other: 0.1ms
[56.634s][info][gc,heap      ] GC(128) Eden regions: 255->0(255)
[56.634s][info][gc,heap      ] GC(128) Survivor regions: 1->1(32)
[56.634s][info][gc,heap      ] GC(128) Old regions: 6->6
[56.634s][info][gc,heap      ] GC(128) Humongous regions: 0->0
[56.634s][info][gc,metaspace ] GC(128) Metaspace: 14642K(15232K)->14642K(15232K) NonClass: 13398K(13824K)->13398K(13824K) Class: 1244K(1408K)->1244K(1408K)
[56.634s][info][gc           ] GC(128) Pause Young (Normal) (G1 Evacuation Pause) 4171M->91M(8192M) 0.526ms
[56.634s][info][gc,cpu       ] GC(128) User=0.00s Sys=0.00s Real=0.00s
[57.067s][info][gc,start     ] GC(129) Pause Young (Normal) (G1 Evacuation Pause)
[57.067s][info][gc,task      ] GC(129) Using 8 workers of 8 for evacuation
[57.068s][info][gc,phases    ] GC(129)   Pre Evacuate Collection Set: 0.0ms
[57.068s][info][gc,phases    ] GC(129)   Evacuate Collection Set: 0.1ms
[57.068s][info][gc,phases    ] GC(129)   Post Evacuate Collection Set: 0.2ms
[57.068s][info][gc,phases    ] GC(129)   Other: 0.1ms
[57.068s][info][gc,heap      ] GC(129) Eden regions: 255->0(255)
[57.068s][info][gc,heap      ] GC(129) Survivor regions: 1->1(32)
[57.068s][info][gc,heap      ] GC(129) Old regions: 6->6
[57.068s][info][gc,heap      ] GC(129) Humongous regions: 0->0
[57.068s][info][gc,metaspace ] GC(129) Metaspace: 14642K(15232K)->14642K(15232K) NonClass: 13398K(13824K)->13398K(13824K) Class: 1244K(1408K)->1244K(1408K)
[57.068s][info][gc           ] GC(129) Pause Young (Normal) (G1 Evacuation Pause) 4171M->91M(8192M) 0.512ms
[57.068s][info][gc,cpu       ] GC(129) User=0.00s Sys=0.00s Real=0.00s
[57.518s][info][gc,start     ] GC(130) Pause Young (Normal) (G1 Evacuation Pause)
[57.518s][info][gc,task      ] GC(130) Using 8 workers of 8 for evacuation
[57.519s][info][gc,phases    ] GC(130)   Pre Evacuate Collection Set: 0.0ms
[57.519s][info][gc,phases    ] GC(130)   Evacuate Collection Set: 0.2ms
[57.519s][info][gc,phases    ] GC(130)   Post Evacuate Collection Set: 0.3ms
[57.519s][info][gc,phases    ] GC(130)   Other: 0.8ms
[57.519s][info][gc,heap      ] GC(130) Eden regions: 255->0(255)
[57.519s][info][gc,heap      ] GC(130) Survivor regions: 1->1(32)
[57.519s][info][gc,heap      ] GC(130) Old regions: 6->6
[57.519s][info][gc,heap      ] GC(130) Humongous regions: 0->0
[57.519s][info][gc,metaspace ] GC(130) Metaspace: 14642K(15232K)->14642K(15232K) NonClass: 13398K(13824K)->13398K(13824K) Class: 1244K(1408K)->1244K(1408K)
[57.519s][info][gc           ] GC(130) Pause Young (Normal) (G1 Evacuation Pause) 4171M->91M(8192M) 1.313ms
[57.519s][info][gc,cpu       ] GC(130) User=0.01s Sys=0.00s Real=0.00s
[57.982s][info][gc,start     ] GC(131) Pause Young (Normal) (G1 Evacuation Pause)
[57.982s][info][gc,task      ] GC(131) Using 8 workers of 8 for evacuation
[57.983s][info][gc,phases    ] GC(131)   Pre Evacuate Collection Set: 0.0ms
[57.983s][info][gc,phases    ] GC(131)   Evacuate Collection Set: 0.1ms
[57.983s][info][gc,phases    ] GC(131)   Post Evacuate Collection Set: 0.2ms
[57.983s][info][gc,phases    ] GC(131)   Other: 0.1ms
[57.983s][info][gc,heap      ] GC(131) Eden regions: 255->0(255)
[57.983s][info][gc,heap      ] GC(131) Survivor regions: 1->1(32)
[57.983s][info][gc,heap      ] GC(131) Old regions: 6->6
[57.983s][info][gc,heap      ] GC(131) Humongous regions: 0->0
[57.983s][info][gc,metaspace ] GC(131) Metaspace: 14642K(15232K)->14642K(15232K) NonClass: 13398K(13824K)->13398K(13824K) Class: 1244K(1408K)->1244K(1408K)
[57.983s][info][gc           ] GC(131) Pause Young (Normal) (G1 Evacuation Pause) 4171M->91M(8192M) 0.463ms
[57.983s][info][gc,cpu       ] GC(131) User=0.00s Sys=0.00s Real=0.00s
[58.414s][info][gc,start     ] GC(132) Pause Young (Normal) (G1 Evacuation Pause)
[58.414s][info][gc,task      ] GC(132) Using 8 workers of 8 for evacuation
[58.415s][info][gc,phases    ] GC(132)   Pre Evacuate Collection Set: 0.0ms
[58.415s][info][gc,phases    ] GC(132)   Evacuate Collection Set: 0.1ms
[58.415s][info][gc,phases    ] GC(132)   Post Evacuate Collection Set: 0.2ms
[58.415s][info][gc,phases    ] GC(132)   Other: 0.1ms
[58.415s][info][gc,heap      ] GC(132) Eden regions: 255->0(255)
[58.415s][info][gc,heap      ] GC(132) Survivor regions: 1->1(32)
[58.415s][info][gc,heap      ] GC(132) Old regions: 6->6
[58.415s][info][gc,heap      ] GC(132) Humongous regions: 0->0
[58.415s][info][gc,metaspace ] GC(132) Metaspace: 14642K(15232K)->14642K(15232K) NonClass: 13398K(13824K)->13398K(13824K) Class: 1244K(1408K)->1244K(1408K)
[58.415s][info][gc           ] GC(132) Pause Young (Normal) (G1 Evacuation Pause) 4171M->91M(8192M) 0.497ms
[58.415s][info][gc,cpu       ] GC(132) User=0.00s Sys=0.00s Real=0.00s
[58.847s][info][gc,start     ] GC(133) Pause Young (Normal) (G1 Evacuation Pause)
[58.847s][info][gc,task      ] GC(133) Using 8 workers of 8 for evacuation
[58.848s][info][gc,phases    ] GC(133)   Pre Evacuate Collection Set: 0.0ms
[58.848s][info][gc,phases    ] GC(133)   Evacuate Collection Set: 0.1ms
[58.848s][info][gc,phases    ] GC(133)   Post Evacuate Collection Set: 0.2ms
[58.848s][info][gc,phases    ] GC(133)   Other: 0.1ms
[58.848s][info][gc,heap      ] GC(133) Eden regions: 255->0(255)
[58.848s][info][gc,heap      ] GC(133) Survivor regions: 1->1(32)
[58.848s][info][gc,heap      ] GC(133) Old regions: 6->6
[58.848s][info][gc,heap      ] GC(133) Humongous regions: 0->0
[58.848s][info][gc,metaspace ] GC(133) Metaspace: 14642K(15232K)->14642K(15232K) NonClass: 13398K(13824K)->13398K(13824K) Class: 1244K(1408K)->1244K(1408K)
[58.848s][info][gc           ] GC(133) Pause Young (Normal) (G1 Evacuation Pause) 4171M->91M(8192M) 0.481ms
[58.848s][info][gc,cpu       ] GC(133) User=0.00s Sys=0.00s Real=0.00s
[59.279s][info][gc,start     ] GC(134) Pause Young (Normal) (G1 Evacuation Pause)
[59.279s][info][gc,task      ] GC(134) Using 8 workers of 8 for evacuation
[59.280s][info][gc,phases    ] GC(134)   Pre Evacuate Collection Set: 0.0ms
[59.280s][info][gc,phases    ] GC(134)   Evacuate Collection Set: 0.1ms
[59.280s][info][gc,phases    ] GC(134)   Post Evacuate Collection Set: 0.3ms
[59.280s][info][gc,phases    ] GC(134)   Other: 0.1ms
[59.280s][info][gc,heap      ] GC(134) Eden regions: 255->0(255)
[59.280s][info][gc,heap      ] GC(134) Survivor regions: 1->1(32)
[59.280s][info][gc,heap      ] GC(134) Old regions: 6->6
[59.280s][info][gc,heap      ] GC(134) Humongous regions: 0->0
[59.280s][info][gc,metaspace ] GC(134) Metaspace: 14642K(15232K)->14642K(15232K) NonClass: 13398K(13824K)->13398K(13824K) Class: 1244K(1408K)->1244K(1408K)
[59.280s][info][gc           ] GC(134) Pause Young (Normal) (G1 Evacuation Pause) 4171M->91M(8192M) 0.570ms
[59.280s][info][gc,cpu       ] GC(134) User=0.00s Sys=0.00s Real=0.00s
[59.711s][info][gc,start     ] GC(135) Pause Young (Normal) (G1 Evacuation Pause)
[59.711s][info][gc,task      ] GC(135) Using 8 workers of 8 for evacuation
[59.712s][info][gc,phases    ] GC(135)   Pre Evacuate Collection Set: 0.0ms
[59.712s][info][gc,phases    ] GC(135)   Evacuate Collection Set: 0.2ms
[59.712s][info][gc,phases    ] GC(135)   Post Evacuate Collection Set: 0.3ms
[59.712s][info][gc,phases    ] GC(135)   Other: 0.1ms
[59.712s][info][gc,heap      ] GC(135) Eden regions: 255->0(255)
[59.712s][info][gc,heap      ] GC(135) Survivor regions: 1->1(32)
[59.712s][info][gc,heap      ] GC(135) Old regions: 6->6
[59.712s][info][gc,heap      ] GC(135) Humongous regions: 0->0
[59.712s][info][gc,metaspace ] GC(135) Metaspace: 14642K(15232K)->14642K(15232K) NonClass: 13398K(13824K)->13398K(13824K) Class: 1244K(1408K)->1244K(1408K)
[59.712s][info][gc           ] GC(135) Pause Young (Normal) (G1 Evacuation Pause) 4171M->91M(8192M) 0.652ms
[59.712s][info][gc,cpu       ] GC(135) User=0.00s Sys=0.00s Real=0.00s
[60.143s][info][gc,start     ] GC(136) Pause Young (Normal) (G1 Evacuation Pause)
[60.143s][info][gc,task      ] GC(136) Using 8 workers of 8 for evacuation
[60.144s][info][gc,phases    ] GC(136)   Pre Evacuate Collection Set: 0.0ms
[60.144s][info][gc,phases    ] GC(136)   Evacuate Collection Set: 0.2ms
[60.144s][info][gc,phases    ] GC(136)   Post Evacuate Collection Set: 0.3ms
[60.144s][info][gc,phases    ] GC(136)   Other: 0.1ms
[60.144s][info][gc,heap      ] GC(136) Eden regions: 255->0(255)
[60.144s][info][gc,heap      ] GC(136) Survivor regions: 1->1(32)
[60.144s][info][gc,heap      ] GC(136) Old regions: 6->6
[60.144s][info][gc,heap      ] GC(136) Humongous regions: 0->0
[60.144s][info][gc,metaspace ] GC(136) Metaspace: 14642K(15232K)->14642K(15232K) NonClass: 13398K(13824K)->13398K(13824K) Class: 1244K(1408K)->1244K(1408K)
[60.144s][info][gc           ] GC(136) Pause Young (Normal) (G1 Evacuation Pause) 4171M->91M(8192M) 0.656ms
[60.144s][info][gc,cpu       ] GC(136) User=0.00s Sys=0.00s Real=0.00s
[60.575s][info][gc,start     ] GC(137) Pause Young (Normal) (G1 Evacuation Pause)
[60.575s][info][gc,task      ] GC(137) Using 8 workers of 8 for evacuation
[60.575s][info][gc,phases    ] GC(137)   Pre Evacuate Collection Set: 0.0ms
[60.575s][info][gc,phases    ] GC(137)   Evacuate Collection Set: 0.1ms
[60.576s][info][gc,phases    ] GC(137)   Post Evacuate Collection Set: 0.2ms
[60.576s][info][gc,phases    ] GC(137)   Other: 0.1ms
[60.576s][info][gc,heap      ] GC(137) Eden regions: 255->0(255)
[60.576s][info][gc,heap      ] GC(137) Survivor regions: 1->1(32)
[60.576s][info][gc,heap      ] GC(137) Old regions: 6->6
[60.576s][info][gc,heap      ] GC(137) Humongous regions: 0->0
[60.576s][info][gc,metaspace ] GC(137) Metaspace: 14642K(15232K)->14642K(15232K) NonClass: 13398K(13824K)->13398K(13824K) Class: 1244K(1408K)->1244K(1408K)
[60.576s][info][gc           ] GC(137) Pause Young (Normal) (G1 Evacuation Pause) 4171M->91M(8192M) 0.471ms
[60.576s][info][gc,cpu       ] GC(137) User=0.00s Sys=0.00s Real=0.00s
[61.007s][info][gc,start     ] GC(138) Pause Young (Normal) (G1 Evacuation Pause)
[61.007s][info][gc,task      ] GC(138) Using 8 workers of 8 for evacuation
[61.008s][info][gc,phases    ] GC(138)   Pre Evacuate Collection Set: 0.0ms
[61.008s][info][gc,phases    ] GC(138)   Evacuate Collection Set: 0.2ms
[61.008s][info][gc,phases    ] GC(138)   Post Evacuate Collection Set: 0.2ms
[61.008s][info][gc,phases    ] GC(138)   Other: 0.1ms
[61.008s][info][gc,heap      ] GC(138) Eden regions: 255->0(255)
[61.008s][info][gc,heap      ] GC(138) Survivor regions: 1->1(32)
[61.008s][info][gc,heap      ] GC(138) Old regions: 6->6
[61.008s][info][gc,heap      ] GC(138) Humongous regions: 0->0
[61.008s][info][gc,metaspace ] GC(138) Metaspace: 14642K(15232K)->14642K(15232K) NonClass: 13398K(13824K)->13398K(13824K) Class: 1244K(1408K)->1244K(1408K)
[61.008s][info][gc           ] GC(138) Pause Young (Normal) (G1 Evacuation Pause) 4171M->91M(8192M) 0.512ms
[61.008s][info][gc,cpu       ] GC(138) User=0.00s Sys=0.00s Real=0.00s
[61.457s][info][gc,start     ] GC(139) Pause Young (Normal) (G1 Evacuation Pause)
[61.457s][info][gc,task      ] GC(139) Using 8 workers of 8 for evacuation
[61.458s][info][gc,phases    ] GC(139)   Pre Evacuate Collection Set: 0.0ms
[61.458s][info][gc,phases    ] GC(139)   Evacuate Collection Set: 0.1ms
[61.458s][info][gc,phases    ] GC(139)   Post Evacuate Collection Set: 0.2ms
[61.458s][info][gc,phases    ] GC(139)   Other: 0.1ms
[61.458s][info][gc,heap      ] GC(139) Eden regions: 255->0(255)
[61.458s][info][gc,heap      ] GC(139) Survivor regions: 1->1(32)
[61.458s][info][gc,heap      ] GC(139) Old regions: 6->6
[61.458s][info][gc,heap      ] GC(139) Humongous regions: 0->0
[61.458s][info][gc,metaspace ] GC(139) Metaspace: 14647K(15232K)->14647K(15232K) NonClass: 13402K(13824K)->13402K(13824K) Class: 1244K(1408K)->1244K(1408K)
[61.458s][info][gc           ] GC(139) Pause Young (Normal) (G1 Evacuation Pause) 4171M->91M(8192M) 0.507ms
[61.458s][info][gc,cpu       ] GC(139) User=0.01s Sys=0.00s Real=0.00s
[61.892s][info][gc,start     ] GC(140) Pause Young (Normal) (G1 Evacuation Pause)
[61.892s][info][gc,task      ] GC(140) Using 8 workers of 8 for evacuation
[61.893s][info][gc,phases    ] GC(140)   Pre Evacuate Collection Set: 0.0ms
[61.893s][info][gc,phases    ] GC(140)   Evacuate Collection Set: 0.2ms
[61.893s][info][gc,phases    ] GC(140)   Post Evacuate Collection Set: 0.3ms
[61.893s][info][gc,phases    ] GC(140)   Other: 0.1ms
[61.893s][info][gc,heap      ] GC(140) Eden regions: 255->0(255)
[61.893s][info][gc,heap      ] GC(140) Survivor regions: 1->1(32)
[61.893s][info][gc,heap      ] GC(140) Old regions: 6->6
[61.893s][info][gc,heap      ] GC(140) Humongous regions: 0->0
[61.893s][info][gc,metaspace ] GC(140) Metaspace: 14647K(15232K)->14647K(15232K) NonClass: 13402K(13824K)->13402K(13824K) Class: 1244K(1408K)->1244K(1408K)
[61.893s][info][gc           ] GC(140) Pause Young (Normal) (G1 Evacuation Pause) 4171M->91M(8192M) 0.575ms
[61.893s][info][gc,cpu       ] GC(140) User=0.00s Sys=0.00s Real=0.00s
[62.325s][info][gc,start     ] GC(141) Pause Young (Normal) (G1 Evacuation Pause)
[62.325s][info][gc,task      ] GC(141) Using 8 workers of 8 for evacuation
[62.325s][info][gc,phases    ] GC(141)   Pre Evacuate Collection Set: 0.0ms
[62.325s][info][gc,phases    ] GC(141)   Evacuate Collection Set: 0.2ms
[62.325s][info][gc,phases    ] GC(141)   Post Evacuate Collection Set: 0.2ms
[62.325s][info][gc,phases    ] GC(141)   Other: 0.1ms
[62.325s][info][gc,heap      ] GC(141) Eden regions: 255->0(255)
[62.325s][info][gc,heap      ] GC(141) Survivor regions: 1->1(32)
[62.325s][info][gc,heap      ] GC(141) Old regions: 6->6
[62.325s][info][gc,heap      ] GC(141) Humongous regions: 0->0
[62.325s][info][gc,metaspace ] GC(141) Metaspace: 14647K(15232K)->14647K(15232K) NonClass: 13402K(13824K)->13402K(13824K) Class: 1244K(1408K)->1244K(1408K)
[62.325s][info][gc           ] GC(141) Pause Young (Normal) (G1 Evacuation Pause) 4171M->91M(8192M) 0.513ms
[62.326s][info][gc,cpu       ] GC(141) User=0.00s Sys=0.00s Real=0.00s
[62.759s][info][gc,start     ] GC(142) Pause Young (Normal) (G1 Evacuation Pause)
[62.759s][info][gc,task      ] GC(142) Using 8 workers of 8 for evacuation
[62.759s][info][gc,phases    ] GC(142)   Pre Evacuate Collection Set: 0.0ms
[62.759s][info][gc,phases    ] GC(142)   Evacuate Collection Set: 0.2ms
[62.759s][info][gc,phases    ] GC(142)   Post Evacuate Collection Set: 0.3ms
[62.759s][info][gc,phases    ] GC(142)   Other: 0.1ms
[62.759s][info][gc,heap      ] GC(142) Eden regions: 255->0(255)
[62.759s][info][gc,heap      ] GC(142) Survivor regions: 1->1(32)
[62.759s][info][gc,heap      ] GC(142) Old regions: 6->6
[62.759s][info][gc,heap      ] GC(142) Humongous regions: 0->0
[62.759s][info][gc,metaspace ] GC(142) Metaspace: 14647K(15232K)->14647K(15232K) NonClass: 13402K(13824K)->13402K(13824K) Class: 1244K(1408K)->1244K(1408K)
[62.759s][info][gc           ] GC(142) Pause Young (Normal) (G1 Evacuation Pause) 4171M->91M(8192M) 0.660ms
[62.759s][info][gc,cpu       ] GC(142) User=0.00s Sys=0.00s Real=0.00s
[63.193s][info][gc,start     ] GC(143) Pause Young (Normal) (G1 Evacuation Pause)
[63.193s][info][gc,task      ] GC(143) Using 8 workers of 8 for evacuation
[63.193s][info][gc,phases    ] GC(143)   Pre Evacuate Collection Set: 0.0ms
[63.193s][info][gc,phases    ] GC(143)   Evacuate Collection Set: 0.2ms
[63.193s][info][gc,phases    ] GC(143)   Post Evacuate Collection Set: 0.3ms
[63.193s][info][gc,phases    ] GC(143)   Other: 0.1ms
[63.193s][info][gc,heap      ] GC(143) Eden regions: 255->0(255)
[63.193s][info][gc,heap      ] GC(143) Survivor regions: 1->1(32)
[63.193s][info][gc,heap      ] GC(143) Old regions: 6->6
[63.193s][info][gc,heap      ] GC(143) Humongous regions: 0->0
[63.193s][info][gc,metaspace ] GC(143) Metaspace: 14647K(15232K)->14647K(15232K) NonClass: 13402K(13824K)->13402K(13824K) Class: 1244K(1408K)->1244K(1408K)
[63.193s][info][gc           ] GC(143) Pause Young (Normal) (G1 Evacuation Pause) 4171M->91M(8192M) 0.630ms
[63.193s][info][gc,cpu       ] GC(143) User=0.00s Sys=0.00s Real=0.00s
[63.625s][info][gc,start     ] GC(144) Pause Young (Normal) (G1 Evacuation Pause)
[63.625s][info][gc,task      ] GC(144) Using 8 workers of 8 for evacuation
[63.626s][info][gc,phases    ] GC(144)   Pre Evacuate Collection Set: 0.0ms
[63.626s][info][gc,phases    ] GC(144)   Evacuate Collection Set: 0.1ms
[63.626s][info][gc,phases    ] GC(144)   Post Evacuate Collection Set: 0.2ms
[63.626s][info][gc,phases    ] GC(144)   Other: 0.1ms
[63.626s][info][gc,heap      ] GC(144) Eden regions: 255->0(255)
[63.626s][info][gc,heap      ] GC(144) Survivor regions: 1->1(32)
[63.626s][info][gc,heap      ] GC(144) Old regions: 6->6
[63.626s][info][gc,heap      ] GC(144) Humongous regions: 0->0
[63.626s][info][gc,metaspace ] GC(144) Metaspace: 14647K(15232K)->14647K(15232K) NonClass: 13402K(13824K)->13402K(13824K) Class: 1244K(1408K)->1244K(1408K)
[63.626s][info][gc           ] GC(144) Pause Young (Normal) (G1 Evacuation Pause) 4171M->91M(8192M) 0.544ms
[63.626s][info][gc,cpu       ] GC(144) User=0.01s Sys=0.00s Real=0.00s
[64.057s][info][gc,start     ] GC(145) Pause Young (Normal) (G1 Evacuation Pause)
[64.057s][info][gc,task      ] GC(145) Using 8 workers of 8 for evacuation
[64.057s][info][gc,phases    ] GC(145)   Pre Evacuate Collection Set: 0.0ms
[64.057s][info][gc,phases    ] GC(145)   Evacuate Collection Set: 0.1ms
[64.057s][info][gc,phases    ] GC(145)   Post Evacuate Collection Set: 0.2ms
[64.058s][info][gc,phases    ] GC(145)   Other: 0.1ms
[64.058s][info][gc,heap      ] GC(145) Eden regions: 255->0(255)
[64.058s][info][gc,heap      ] GC(145) Survivor regions: 1->1(32)
[64.058s][info][gc,heap      ] GC(145) Old regions: 6->6
[64.058s][info][gc,heap      ] GC(145) Humongous regions: 0->0
[64.058s][info][gc,metaspace ] GC(145) Metaspace: 14647K(15232K)->14647K(15232K) NonClass: 13402K(13824K)->13402K(13824K) Class: 1244K(1408K)->1244K(1408K)
[64.058s][info][gc           ] GC(145) Pause Young (Normal) (G1 Evacuation Pause) 4171M->91M(8192M) 0.505ms
[64.058s][info][gc,cpu       ] GC(145) User=0.01s Sys=0.00s Real=0.00s
[64.489s][info][gc,start     ] GC(146) Pause Young (Normal) (G1 Evacuation Pause)
[64.489s][info][gc,task      ] GC(146) Using 8 workers of 8 for evacuation
[64.489s][info][gc,phases    ] GC(146)   Pre Evacuate Collection Set: 0.0ms
[64.489s][info][gc,phases    ] GC(146)   Evacuate Collection Set: 0.1ms
[64.489s][info][gc,phases    ] GC(146)   Post Evacuate Collection Set: 0.2ms
[64.489s][info][gc,phases    ] GC(146)   Other: 0.1ms
[64.489s][info][gc,heap      ] GC(146) Eden regions: 255->0(255)
[64.489s][info][gc,heap      ] GC(146) Survivor regions: 1->1(32)
[64.489s][info][gc,heap      ] GC(146) Old regions: 6->6
[64.489s][info][gc,heap      ] GC(146) Humongous regions: 0->0
[64.489s][info][gc,metaspace ] GC(146) Metaspace: 14647K(15232K)->14647K(15232K) NonClass: 13402K(13824K)->13402K(13824K) Class: 1244K(1408K)->1244K(1408K)
[64.489s][info][gc           ] GC(146) Pause Young (Normal) (G1 Evacuation Pause) 4171M->91M(8192M) 0.482ms
[64.489s][info][gc,cpu       ] GC(146) User=0.01s Sys=0.00s Real=0.00s
[64.921s][info][gc,start     ] GC(147) Pause Young (Normal) (G1 Evacuation Pause)
[64.921s][info][gc,task      ] GC(147) Using 8 workers of 8 for evacuation
[64.922s][info][gc,phases    ] GC(147)   Pre Evacuate Collection Set: 0.0ms
[64.922s][info][gc,phases    ] GC(147)   Evacuate Collection Set: 0.1ms
[64.922s][info][gc,phases    ] GC(147)   Post Evacuate Collection Set: 0.2ms
[64.922s][info][gc,phases    ] GC(147)   Other: 0.1ms
[64.922s][info][gc,heap      ] GC(147) Eden regions: 255->0(255)
[64.922s][info][gc,heap      ] GC(147) Survivor regions: 1->1(32)
[64.922s][info][gc,heap      ] GC(147) Old regions: 6->6
[64.922s][info][gc,heap      ] GC(147) Humongous regions: 0->0
[64.922s][info][gc,metaspace ] GC(147) Metaspace: 14647K(15232K)->14647K(15232K) NonClass: 13402K(13824K)->13402K(13824K) Class: 1244K(1408K)->1244K(1408K)
[64.922s][info][gc           ] GC(147) Pause Young (Normal) (G1 Evacuation Pause) 4171M->91M(8192M) 0.490ms
[64.922s][info][gc,cpu       ] GC(147) User=0.00s Sys=0.00s Real=0.00s
[65.353s][info][gc,start     ] GC(148) Pause Young (Normal) (G1 Evacuation Pause)
[65.353s][info][gc,task      ] GC(148) Using 8 workers of 8 for evacuation
[65.353s][info][gc,phases    ] GC(148)   Pre Evacuate Collection Set: 0.0ms
[65.353s][info][gc,phases    ] GC(148)   Evacuate Collection Set: 0.1ms
[65.353s][info][gc,phases    ] GC(148)   Post Evacuate Collection Set: 0.2ms
[65.353s][info][gc,phases    ] GC(148)   Other: 0.1ms
[65.353s][info][gc,heap      ] GC(148) Eden regions: 255->0(255)
[65.353s][info][gc,heap      ] GC(148) Survivor regions: 1->1(32)
[65.353s][info][gc,heap      ] GC(148) Old regions: 6->6
[65.353s][info][gc,heap      ] GC(148) Humongous regions: 0->0
[65.353s][info][gc,metaspace ] GC(148) Metaspace: 14647K(15232K)->14647K(15232K) NonClass: 13402K(13824K)->13402K(13824K) Class: 1244K(1408K)->1244K(1408K)
[65.353s][info][gc           ] GC(148) Pause Young (Normal) (G1 Evacuation Pause) 4171M->91M(8192M) 0.513ms
[65.353s][info][gc,cpu       ] GC(148) User=0.00s Sys=0.00s Real=0.00s
[65.784s][info][gc,start     ] GC(149) Pause Young (Normal) (G1 Evacuation Pause)
[65.784s][info][gc,task      ] GC(149) Using 8 workers of 8 for evacuation
[65.785s][info][gc,phases    ] GC(149)   Pre Evacuate Collection Set: 0.0ms
[65.785s][info][gc,phases    ] GC(149)   Evacuate Collection Set: 0.1ms
[65.785s][info][gc,phases    ] GC(149)   Post Evacuate Collection Set: 0.2ms
[65.785s][info][gc,phases    ] GC(149)   Other: 0.1ms
[65.785s][info][gc,heap      ] GC(149) Eden regions: 255->0(255)
[65.785s][info][gc,heap      ] GC(149) Survivor regions: 1->1(32)
[65.785s][info][gc,heap      ] GC(149) Old regions: 6->6
[65.785s][info][gc,heap      ] GC(149) Humongous regions: 0->0
[65.785s][info][gc,metaspace ] GC(149) Metaspace: 14647K(15232K)->14647K(15232K) NonClass: 13402K(13824K)->13402K(13824K) Class: 1244K(1408K)->1244K(1408K)
[65.785s][info][gc           ] GC(149) Pause Young (Normal) (G1 Evacuation Pause) 4171M->91M(8192M) 0.502ms
[65.785s][info][gc,cpu       ] GC(149) User=0.00s Sys=0.00s Real=0.00s
[66.070s][info][gc,heap,exit ] Heap
[66.070s][info][gc,heap,exit ]  garbage-first heap   total 8388608K, used 2829412K [0x00000005c0000000, 0x00000007c0000000)
[66.070s][info][gc,heap,exit ]   region size 16384K, 169 young (2768896K), 1 survivors (16384K)
[66.070s][info][gc,heap,exit ]  Metaspace       used 14697K, capacity 15052K, committed 15232K, reserved 1062912K
[66.070s][info][gc,heap,exit ]   class space    used 1251K, capacity 1380K, committed 1408K, reserved 1048576K
