[0.007s][info][gc,heap] Heap region size: 16M
[0.638s][info][gc     ] Using G1
[0.638s][info][gc,heap,coops] Heap address: 0x00000005c0000000, size: 8192 MB, Compressed Oops mode: Zero based, Oop shift amount: 3
[1.873s][info][gc,start     ] GC(0) Pause Young (Normal) (G1 Evacuation Pause)
[1.873s][info][gc,task      ] GC(0) Using 8 workers of 8 for evacuation
[1.907s][info][gc,mmu       ] GC(0) MMU target violated: 11.0ms (10.0ms/11.0ms)
[1.907s][info][gc,phases    ] GC(0)   Pre Evacuate Collection Set: 0.1ms
[1.907s][info][gc,phases    ] GC(0)   Evacuate Collection Set: 33.9ms
[1.907s][info][gc,phases    ] GC(0)   Post Evacuate Collection Set: 0.3ms
[1.907s][info][gc,phases    ] GC(0)   Other: 0.2ms
[1.907s][info][gc,heap      ] GC(0) Eden regions: 204->0(198)
[1.907s][info][gc,heap      ] GC(0) Survivor regions: 0->6(26)
[1.907s][info][gc,heap      ] GC(0) Old regions: 0->0
[1.907s][info][gc,heap      ] GC(0) Humongous regions: 0->0
[1.907s][info][gc,metaspace ] GC(0) Metaspace: 10427K(10880K)->10427K(10880K) NonClass: 9400K(9728K)->9400K(9728K) Class: 1026K(1152K)->1026K(1152K)
[1.907s][info][gc           ] GC(0) Pause Young (Normal) (G1 Evacuation Pause) 3264M->84M(8192M) 34.551ms
[1.907s][info][gc,cpu       ] GC(0) User=0.11s Sys=0.08s Real=0.04s
[2.221s][info][gc,start     ] GC(1) Pause Young (Normal) (G1 Evacuation Pause)
[2.221s][info][gc,task      ] GC(1) Using 8 workers of 8 for evacuation
[2.238s][info][gc,mmu       ] GC(1) MMU target violated: 11.0ms (10.0ms/11.0ms)
[2.238s][info][gc,phases    ] GC(1)   Pre Evacuate Collection Set: 0.0ms
[2.238s][info][gc,phases    ] GC(1)   Evacuate Collection Set: 16.2ms
[2.238s][info][gc,phases    ] GC(1)   Post Evacuate Collection Set: 0.3ms
[2.238s][info][gc,phases    ] GC(1)   Other: 0.1ms
[2.238s][info][gc,heap      ] GC(1) Eden regions: 198->0(198)
[2.238s][info][gc,heap      ] GC(1) Survivor regions: 6->6(26)
[2.238s][info][gc,heap      ] GC(1) Old regions: 0->0
[2.238s][info][gc,heap      ] GC(1) Humongous regions: 0->0
[2.238s][info][gc,metaspace ] GC(1) Metaspace: 10431K(10880K)->10431K(10880K) NonClass: 9405K(9728K)->9405K(9728K) Class: 1026K(1152K)->1026K(1152K)
[2.238s][info][gc           ] GC(1) Pause Young (Normal) (G1 Evacuation Pause) 3252M->93M(8192M) 16.706ms
[2.238s][info][gc,cpu       ] GC(1) User=0.12s Sys=0.00s Real=0.02s
[2.533s][info][gc,start     ] GC(2) Pause Young (Normal) (G1 Evacuation Pause)
[2.533s][info][gc,task      ] GC(2) Using 8 workers of 8 for evacuation
[2.550s][info][gc,mmu       ] GC(2) MMU target violated: 11.0ms (10.0ms/11.0ms)
[2.550s][info][gc,phases    ] GC(2)   Pre Evacuate Collection Set: 0.0ms
[2.550s][info][gc,phases    ] GC(2)   Evacuate Collection Set: 16.5ms
[2.550s][info][gc,phases    ] GC(2)   Post Evacuate Collection Set: 0.3ms
[2.550s][info][gc,phases    ] GC(2)   Other: 0.1ms
[2.550s][info][gc,heap      ] GC(2) Eden regions: 198->0(198)
[2.550s][info][gc,heap      ] GC(2) Survivor regions: 6->6(26)
[2.550s][info][gc,heap      ] GC(2) Old regions: 0->0
[2.550s][info][gc,heap      ] GC(2) Humongous regions: 0->0
[2.550s][info][gc,metaspace ] GC(2) Metaspace: 10441K(10880K)->10441K(10880K) NonClass: 9414K(9728K)->9414K(9728K) Class: 1026K(1152K)->1026K(1152K)
[2.550s][info][gc           ] GC(2) Pause Young (Normal) (G1 Evacuation Pause) 3261M->94M(8192M) 17.004ms
[2.550s][info][gc,cpu       ] GC(2) User=0.13s Sys=0.00s Real=0.02s
[2.859s][info][gc,start     ] GC(3) Pause Young (Normal) (G1 Evacuation Pause)
[2.859s][info][gc,task      ] GC(3) Using 8 workers of 8 for evacuation
[2.877s][info][gc,mmu       ] GC(3) MMU target violated: 11.0ms (10.0ms/11.0ms)
[2.877s][info][gc,phases    ] GC(3)   Pre Evacuate Collection Set: 0.0ms
[2.877s][info][gc,phases    ] GC(3)   Evacuate Collection Set: 17.4ms
[2.877s][info][gc,phases    ] GC(3)   Post Evacuate Collection Set: 0.3ms
[2.877s][info][gc,phases    ] GC(3)   Other: 0.1ms
[2.877s][info][gc,heap      ] GC(3) Eden regions: 198->0(198)
[2.877s][info][gc,heap      ] GC(3) Survivor regions: 6->6(26)
[2.877s][info][gc,heap      ] GC(3) Old regions: 0->0
[2.877s][info][gc,heap      ] GC(3) Humongous regions: 0->0
[2.877s][info][gc,metaspace ] GC(3) Metaspace: 10441K(10880K)->10441K(10880K) NonClass: 9414K(9728K)->9414K(9728K) Class: 1026K(1152K)->1026K(1152K)
[2.877s][info][gc           ] GC(3) Pause Young (Normal) (G1 Evacuation Pause) 3262M->90M(8192M) 17.879ms
[2.877s][info][gc,cpu       ] GC(3) User=0.14s Sys=0.00s Real=0.02s
[3.167s][info][gc,start     ] GC(4) Pause Young (Normal) (G1 Evacuation Pause)
[3.167s][info][gc,task      ] GC(4) Using 8 workers of 8 for evacuation
[3.184s][info][gc,mmu       ] GC(4) MMU target violated: 11.0ms (10.0ms/11.0ms)
[3.184s][info][gc,phases    ] GC(4)   Pre Evacuate Collection Set: 0.0ms
[3.184s][info][gc,phases    ] GC(4)   Evacuate Collection Set: 17.3ms
[3.184s][info][gc,phases    ] GC(4)   Post Evacuate Collection Set: 0.3ms
[3.184s][info][gc,phases    ] GC(4)   Other: 0.1ms
[3.184s][info][gc,heap      ] GC(4) Eden regions: 198->0(198)
[3.184s][info][gc,heap      ] GC(4) Survivor regions: 6->6(26)
[3.184s][info][gc,heap      ] GC(4) Old regions: 0->0
[3.184s][info][gc,heap      ] GC(4) Humongous regions: 0->0
[3.184s][info][gc,metaspace ] GC(4) Metaspace: 10442K(10880K)->10442K(10880K) NonClass: 9415K(9728K)->9415K(9728K) Class: 1026K(1152K)->1026K(1152K)
[3.184s][info][gc           ] GC(4) Pause Young (Normal) (G1 Evacuation Pause) 3258M->94M(8192M) 17.831ms
[3.184s][info][gc,cpu       ] GC(4) User=0.14s Sys=0.00s Real=0.01s
[3.478s][info][gc,start     ] GC(5) Pause Young (Normal) (G1 Evacuation Pause)
[3.478s][info][gc,task      ] GC(5) Using 8 workers of 8 for evacuation
[3.497s][info][gc,mmu       ] GC(5) MMU target violated: 11.0ms (10.0ms/11.0ms)
[3.497s][info][gc,phases    ] GC(5)   Pre Evacuate Collection Set: 0.0ms
[3.497s][info][gc,phases    ] GC(5)   Evacuate Collection Set: 18.5ms
[3.497s][info][gc,phases    ] GC(5)   Post Evacuate Collection Set: 0.3ms
[3.497s][info][gc,phases    ] GC(5)   Other: 0.1ms
[3.497s][info][gc,heap      ] GC(5) Eden regions: 198->0(198)
[3.497s][info][gc,heap      ] GC(5) Survivor regions: 6->6(26)
[3.497s][info][gc,heap      ] GC(5) Old regions: 0->0
[3.497s][info][gc,heap      ] GC(5) Humongous regions: 0->0
[3.497s][info][gc,metaspace ] GC(5) Metaspace: 10451K(10880K)->10451K(10880K) NonClass: 9425K(9728K)->9425K(9728K) Class: 1026K(1152K)->1026K(1152K)
[3.497s][info][gc           ] GC(5) Pause Young (Normal) (G1 Evacuation Pause) 3262M->92M(8192M) 18.981ms
[3.497s][info][gc,cpu       ] GC(5) User=0.15s Sys=0.00s Real=0.02s
[3.841s][info][gc,start     ] GC(6) Pause Young (Normal) (G1 Evacuation Pause)
[3.841s][info][gc,task      ] GC(6) Using 8 workers of 8 for evacuation
[3.859s][info][gc,mmu       ] GC(6) MMU target violated: 11.0ms (10.0ms/11.0ms)
[3.859s][info][gc,phases    ] GC(6)   Pre Evacuate Collection Set: 0.0ms
[3.859s][info][gc,phases    ] GC(6)   Evacuate Collection Set: 17.8ms
[3.859s][info][gc,phases    ] GC(6)   Post Evacuate Collection Set: 0.5ms
[3.859s][info][gc,phases    ] GC(6)   Other: 0.3ms
[3.859s][info][gc,heap      ] GC(6) Eden regions: 198->0(198)
[3.859s][info][gc,heap      ] GC(6) Survivor regions: 6->6(26)
[3.859s][info][gc,heap      ] GC(6) Old regions: 0->0
[3.859s][info][gc,heap      ] GC(6) Humongous regions: 0->0
[3.859s][info][gc,metaspace ] GC(6) Metaspace: 10452K(10880K)->10452K(10880K) NonClass: 9426K(9728K)->9426K(9728K) Class: 1026K(1152K)->1026K(1152K)
[3.859s][info][gc           ] GC(6) Pause Young (Normal) (G1 Evacuation Pause) 3260M->92M(8192M) 18.629ms
[3.859s][info][gc,cpu       ] GC(6) User=0.13s Sys=0.00s Real=0.02s
[4.255s][info][gc,start     ] GC(7) Pause Young (Normal) (G1 Evacuation Pause)
[4.255s][info][gc,task      ] GC(7) Using 8 workers of 8 for evacuation
[4.280s][info][gc,mmu       ] GC(7) MMU target violated: 11.0ms (10.0ms/11.0ms)
[4.280s][info][gc,phases    ] GC(7)   Pre Evacuate Collection Set: 0.0ms
[4.280s][info][gc,phases    ] GC(7)   Evacuate Collection Set: 24.3ms
[4.280s][info][gc,phases    ] GC(7)   Post Evacuate Collection Set: 0.3ms
[4.280s][info][gc,phases    ] GC(7)   Other: 0.1ms
[4.280s][info][gc,heap      ] GC(7) Eden regions: 198->0(198)
[4.280s][info][gc,heap      ] GC(7) Survivor regions: 6->6(26)
[4.280s][info][gc,heap      ] GC(7) Old regions: 0->0
[4.280s][info][gc,heap      ] GC(7) Humongous regions: 0->0
[4.280s][info][gc,metaspace ] GC(7) Metaspace: 10671K(11264K)->10671K(11264K) NonClass: 9626K(9984K)->9626K(9984K) Class: 1045K(1280K)->1045K(1280K)
[4.280s][info][gc           ] GC(7) Pause Young (Normal) (G1 Evacuation Pause) 3260M->94M(8192M) 24.843ms
[4.280s][info][gc,cpu       ] GC(7) User=0.19s Sys=0.00s Real=0.02s
[4.573s][info][gc,start     ] GC(8) Pause Young (Normal) (G1 Evacuation Pause)
[4.573s][info][gc,task      ] GC(8) Using 8 workers of 8 for evacuation
[4.593s][info][gc,mmu       ] GC(8) MMU target violated: 11.0ms (10.0ms/11.0ms)
[4.593s][info][gc,phases    ] GC(8)   Pre Evacuate Collection Set: 0.0ms
[4.593s][info][gc,phases    ] GC(8)   Evacuate Collection Set: 19.6ms
[4.593s][info][gc,phases    ] GC(8)   Post Evacuate Collection Set: 0.3ms
[4.593s][info][gc,phases    ] GC(8)   Other: 0.1ms
[4.593s][info][gc,heap      ] GC(8) Eden regions: 198->0(198)
[4.593s][info][gc,heap      ] GC(8) Survivor regions: 6->6(26)
[4.593s][info][gc,heap      ] GC(8) Old regions: 0->0
[4.593s][info][gc,heap      ] GC(8) Humongous regions: 0->0
[4.593s][info][gc,metaspace ] GC(8) Metaspace: 10671K(11264K)->10671K(11264K) NonClass: 9626K(9984K)->9626K(9984K) Class: 1045K(1280K)->1045K(1280K)
[4.593s][info][gc           ] GC(8) Pause Young (Normal) (G1 Evacuation Pause) 3262M->96M(8192M) 20.082ms
[4.593s][info][gc,cpu       ] GC(8) User=0.16s Sys=0.00s Real=0.02s
[4.885s][info][gc,start     ] GC(9) Pause Young (Normal) (G1 Evacuation Pause)
[4.885s][info][gc,task      ] GC(9) Using 8 workers of 8 for evacuation
[4.909s][info][gc,mmu       ] GC(9) MMU target violated: 11.0ms (10.0ms/11.0ms)
[4.909s][info][gc,phases    ] GC(9)   Pre Evacuate Collection Set: 0.0ms
[4.909s][info][gc,phases    ] GC(9)   Evacuate Collection Set: 23.4ms
[4.909s][info][gc,phases    ] GC(9)   Post Evacuate Collection Set: 0.3ms
[4.909s][info][gc,phases    ] GC(9)   Other: 0.1ms
[4.909s][info][gc,heap      ] GC(9) Eden regions: 198->0(198)
[4.909s][info][gc,heap      ] GC(9) Survivor regions: 6->6(26)
[4.909s][info][gc,heap      ] GC(9) Old regions: 0->0
[4.909s][info][gc,heap      ] GC(9) Humongous regions: 0->0
[4.909s][info][gc,metaspace ] GC(9) Metaspace: 10671K(11264K)->10671K(11264K) NonClass: 9626K(9984K)->9626K(9984K) Class: 1045K(1280K)->1045K(1280K)
[4.909s][info][gc           ] GC(9) Pause Young (Normal) (G1 Evacuation Pause) 3264M->96M(8192M) 23.916ms
[4.909s][info][gc,cpu       ] GC(9) User=0.19s Sys=0.00s Real=0.02s
[5.204s][info][gc,start     ] GC(10) Pause Young (Normal) (G1 Evacuation Pause)
[5.204s][info][gc,task      ] GC(10) Using 8 workers of 8 for evacuation
[5.223s][info][gc,mmu       ] GC(10) MMU target violated: 11.0ms (10.0ms/11.0ms)
[5.223s][info][gc,phases    ] GC(10)   Pre Evacuate Collection Set: 0.0ms
[5.223s][info][gc,phases    ] GC(10)   Evacuate Collection Set: 18.5ms
[5.223s][info][gc,phases    ] GC(10)   Post Evacuate Collection Set: 0.3ms
[5.223s][info][gc,phases    ] GC(10)   Other: 0.1ms
[5.223s][info][gc,heap      ] GC(10) Eden regions: 198->0(198)
[5.223s][info][gc,heap      ] GC(10) Survivor regions: 6->6(26)
[5.223s][info][gc,heap      ] GC(10) Old regions: 0->0
[5.223s][info][gc,heap      ] GC(10) Humongous regions: 0->0
[5.223s][info][gc,metaspace ] GC(10) Metaspace: 10671K(11264K)->10671K(11264K) NonClass: 9626K(9984K)->9626K(9984K) Class: 1045K(1280K)->1045K(1280K)
[5.223s][info][gc           ] GC(10) Pause Young (Normal) (G1 Evacuation Pause) 3264M->92M(8192M) 18.918ms
[5.223s][info][gc,cpu       ] GC(10) User=0.15s Sys=0.00s Real=0.02s
[5.532s][info][gc,start     ] GC(11) Pause Young (Normal) (G1 Evacuation Pause)
[5.532s][info][gc,task      ] GC(11) Using 8 workers of 8 for evacuation
[5.559s][info][gc,mmu       ] GC(11) MMU target violated: 11.0ms (10.0ms/11.0ms)
[5.559s][info][gc,phases    ] GC(11)   Pre Evacuate Collection Set: 0.0ms
[5.559s][info][gc,phases    ] GC(11)   Evacuate Collection Set: 26.3ms
[5.559s][info][gc,phases    ] GC(11)   Post Evacuate Collection Set: 0.3ms
[5.559s][info][gc,phases    ] GC(11)   Other: 0.1ms
[5.559s][info][gc,heap      ] GC(11) Eden regions: 198->0(198)
[5.559s][info][gc,heap      ] GC(11) Survivor regions: 6->6(26)
[5.559s][info][gc,heap      ] GC(11) Old regions: 0->0
[5.559s][info][gc,heap      ] GC(11) Humongous regions: 0->0
[5.559s][info][gc,metaspace ] GC(11) Metaspace: 10671K(11264K)->10671K(11264K) NonClass: 9626K(9984K)->9626K(9984K) Class: 1045K(1280K)->1045K(1280K)
[5.559s][info][gc           ] GC(11) Pause Young (Normal) (G1 Evacuation Pause) 3260M->92M(8192M) 26.772ms
[5.559s][info][gc,cpu       ] GC(11) User=0.21s Sys=0.00s Real=0.03s
[5.854s][info][gc,start     ] GC(12) Pause Young (Normal) (G1 Evacuation Pause)
[5.854s][info][gc,task      ] GC(12) Using 8 workers of 8 for evacuation
[5.875s][info][gc,mmu       ] GC(12) MMU target violated: 11.0ms (10.0ms/11.0ms)
[5.875s][info][gc,phases    ] GC(12)   Pre Evacuate Collection Set: 0.0ms
[5.875s][info][gc,phases    ] GC(12)   Evacuate Collection Set: 21.0ms
[5.875s][info][gc,phases    ] GC(12)   Post Evacuate Collection Set: 0.3ms
[5.875s][info][gc,phases    ] GC(12)   Other: 0.1ms
[5.875s][info][gc,heap      ] GC(12) Eden regions: 198->0(198)
[5.875s][info][gc,heap      ] GC(12) Survivor regions: 6->6(26)
[5.875s][info][gc,heap      ] GC(12) Old regions: 0->0
[5.875s][info][gc,heap      ] GC(12) Humongous regions: 0->0
[5.875s][info][gc,metaspace ] GC(12) Metaspace: 10682K(11264K)->10682K(11264K) NonClass: 9637K(9984K)->9637K(9984K) Class: 1045K(1280K)->1045K(1280K)
[5.875s][info][gc           ] GC(12) Pause Young (Normal) (G1 Evacuation Pause) 3260M->92M(8192M) 21.448ms
[5.875s][info][gc,cpu       ] GC(12) User=0.16s Sys=0.00s Real=0.03s
[6.171s][info][gc,start     ] GC(13) Pause Young (Normal) (G1 Evacuation Pause)
[6.171s][info][gc,task      ] GC(13) Using 8 workers of 8 for evacuation
[6.187s][info][gc,mmu       ] GC(13) MMU target violated: 11.0ms (10.0ms/11.0ms)
[6.187s][info][gc,phases    ] GC(13)   Pre Evacuate Collection Set: 0.0ms
[6.187s][info][gc,phases    ] GC(13)   Evacuate Collection Set: 16.2ms
[6.187s][info][gc,phases    ] GC(13)   Post Evacuate Collection Set: 0.3ms
[6.187s][info][gc,phases    ] GC(13)   Other: 0.1ms
[6.187s][info][gc,heap      ] GC(13) Eden regions: 198->0(198)
[6.187s][info][gc,heap      ] GC(13) Survivor regions: 6->6(26)
[6.187s][info][gc,heap      ] GC(13) Old regions: 0->0
[6.187s][info][gc,heap      ] GC(13) Humongous regions: 0->0
[6.187s][info][gc,metaspace ] GC(13) Metaspace: 10682K(11264K)->10682K(11264K) NonClass: 9637K(9984K)->9637K(9984K) Class: 1045K(1280K)->1045K(1280K)
[6.187s][info][gc           ] GC(13) Pause Young (Normal) (G1 Evacuation Pause) 3260M->88M(8192M) 16.642ms
[6.187s][info][gc,cpu       ] GC(13) User=0.13s Sys=0.00s Real=0.02s
[6.483s][info][gc,start     ] GC(14) Pause Young (Normal) (G1 Evacuation Pause)
[6.483s][info][gc,task      ] GC(14) Using 8 workers of 8 for evacuation
[6.501s][info][gc,mmu       ] GC(14) MMU target violated: 11.0ms (10.0ms/11.0ms)
[6.501s][info][gc,phases    ] GC(14)   Pre Evacuate Collection Set: 0.0ms
[6.501s][info][gc,phases    ] GC(14)   Evacuate Collection Set: 17.7ms
[6.501s][info][gc,phases    ] GC(14)   Post Evacuate Collection Set: 0.3ms
[6.501s][info][gc,phases    ] GC(14)   Other: 0.1ms
[6.501s][info][gc,heap      ] GC(14) Eden regions: 198->0(198)
[6.501s][info][gc,heap      ] GC(14) Survivor regions: 6->6(26)
[6.501s][info][gc,heap      ] GC(14) Old regions: 0->0
[6.501s][info][gc,heap      ] GC(14) Humongous regions: 0->0
[6.501s][info][gc,metaspace ] GC(14) Metaspace: 10682K(11264K)->10682K(11264K) NonClass: 9637K(9984K)->9637K(9984K) Class: 1045K(1280K)->1045K(1280K)
[6.501s][info][gc           ] GC(14) Pause Young (Normal) (G1 Evacuation Pause) 3256M->90M(8192M) 18.159ms
[6.501s][info][gc,cpu       ] GC(14) User=0.14s Sys=0.00s Real=0.02s
[6.796s][info][gc,start     ] GC(15) Pause Young (Normal) (G1 Evacuation Pause)
[6.796s][info][gc,task      ] GC(15) Using 8 workers of 8 for evacuation
[6.817s][info][gc,mmu       ] GC(15) MMU target violated: 11.0ms (10.0ms/11.0ms)
[6.817s][info][gc,phases    ] GC(15)   Pre Evacuate Collection Set: 0.0ms
[6.817s][info][gc,phases    ] GC(15)   Evacuate Collection Set: 20.8ms
[6.817s][info][gc,phases    ] GC(15)   Post Evacuate Collection Set: 0.3ms
[6.817s][info][gc,phases    ] GC(15)   Other: 0.1ms
[6.817s][info][gc,heap      ] GC(15) Eden regions: 198->0(203)
[6.817s][info][gc,heap      ] GC(15) Survivor regions: 6->1(26)
[6.817s][info][gc,heap      ] GC(15) Old regions: 0->6
[6.817s][info][gc,heap      ] GC(15) Humongous regions: 0->0
[6.817s][info][gc,metaspace ] GC(15) Metaspace: 10682K(11264K)->10682K(11264K) NonClass: 9637K(9984K)->9637K(9984K) Class: 1045K(1280K)->1045K(1280K)
[6.817s][info][gc           ] GC(15) Pause Young (Normal) (G1 Evacuation Pause) 3258M->102M(8192M) 21.190ms
[6.817s][info][gc,cpu       ] GC(15) User=0.12s Sys=0.02s Real=0.02s
[7.140s][info][gc,start     ] GC(16) Pause Young (Normal) (G1 Evacuation Pause)
[7.141s][info][gc,task      ] GC(16) Using 8 workers of 8 for evacuation
[7.141s][info][gc,phases    ] GC(16)   Pre Evacuate Collection Set: 0.0ms
[7.141s][info][gc,phases    ] GC(16)   Evacuate Collection Set: 0.2ms
[7.141s][info][gc,phases    ] GC(16)   Post Evacuate Collection Set: 0.2ms
[7.141s][info][gc,phases    ] GC(16)   Other: 0.1ms
[7.141s][info][gc,heap      ] GC(16) Eden regions: 203->0(203)
[7.141s][info][gc,heap      ] GC(16) Survivor regions: 1->1(26)
[7.141s][info][gc,heap      ] GC(16) Old regions: 6->6
[7.141s][info][gc,heap      ] GC(16) Humongous regions: 0->0
[7.141s][info][gc,metaspace ] GC(16) Metaspace: 10685K(11264K)->10685K(11264K) NonClass: 9639K(9984K)->9639K(9984K) Class: 1045K(1280K)->1045K(1280K)
[7.141s][info][gc           ] GC(16) Pause Young (Normal) (G1 Evacuation Pause) 3350M->96M(8192M) 0.531ms
[7.141s][info][gc,cpu       ] GC(16) User=0.00s Sys=0.00s Real=0.00s
[7.446s][info][gc,start     ] GC(17) Pause Young (Normal) (G1 Evacuation Pause)
[7.446s][info][gc,task      ] GC(17) Using 8 workers of 8 for evacuation
[7.447s][info][gc,phases    ] GC(17)   Pre Evacuate Collection Set: 0.0ms
[7.447s][info][gc,phases    ] GC(17)   Evacuate Collection Set: 0.2ms
[7.447s][info][gc,phases    ] GC(17)   Post Evacuate Collection Set: 0.2ms
[7.447s][info][gc,phases    ] GC(17)   Other: 0.1ms
[7.447s][info][gc,heap      ] GC(17) Eden regions: 203->0(204)
[7.447s][info][gc,heap      ] GC(17) Survivor regions: 1->1(26)
[7.447s][info][gc,heap      ] GC(17) Old regions: 6->6
[7.447s][info][gc,heap      ] GC(17) Humongous regions: 0->0
[7.447s][info][gc,metaspace ] GC(17) Metaspace: 10685K(11264K)->10685K(11264K) NonClass: 9640K(9984K)->9640K(9984K) Class: 1045K(1280K)->1045K(1280K)
[7.447s][info][gc           ] GC(17) Pause Young (Normal) (G1 Evacuation Pause) 3344M->93M(8192M) 0.510ms
[7.447s][info][gc,cpu       ] GC(17) User=0.00s Sys=0.00s Real=0.00s
[7.753s][info][gc,start     ] GC(18) Pause Young (Normal) (G1 Evacuation Pause)
[7.753s][info][gc,task      ] GC(18) Using 8 workers of 8 for evacuation
[7.754s][info][gc,phases    ] GC(18)   Pre Evacuate Collection Set: 0.0ms
[7.754s][info][gc,phases    ] GC(18)   Evacuate Collection Set: 0.2ms
[7.754s][info][gc,phases    ] GC(18)   Post Evacuate Collection Set: 0.2ms
[7.754s][info][gc,phases    ] GC(18)   Other: 0.1ms
[7.754s][info][gc,heap      ] GC(18) Eden regions: 204->0(208)
[7.754s][info][gc,heap      ] GC(18) Survivor regions: 1->1(26)
[7.754s][info][gc,heap      ] GC(18) Old regions: 6->6
[7.754s][info][gc,heap      ] GC(18) Humongous regions: 0->0
[7.754s][info][gc,metaspace ] GC(18) Metaspace: 10694K(11264K)->10694K(11264K) NonClass: 9649K(9984K)->9649K(9984K) Class: 1045K(1280K)->1045K(1280K)
[7.754s][info][gc           ] GC(18) Pause Young (Normal) (G1 Evacuation Pause) 3357M->92M(8192M) 0.542ms
[7.754s][info][gc,cpu       ] GC(18) User=0.00s Sys=0.00s Real=0.00s
[8.080s][info][gc,start     ] GC(19) Pause Young (Normal) (G1 Evacuation Pause)
[8.080s][info][gc,task      ] GC(19) Using 8 workers of 8 for evacuation
[8.080s][info][gc,phases    ] GC(19)   Pre Evacuate Collection Set: 0.0ms
[8.080s][info][gc,phases    ] GC(19)   Evacuate Collection Set: 0.2ms
[8.080s][info][gc,phases    ] GC(19)   Post Evacuate Collection Set: 0.2ms
[8.080s][info][gc,phases    ] GC(19)   Other: 0.1ms
[8.080s][info][gc,heap      ] GC(19) Eden regions: 208->0(235)
[8.080s][info][gc,heap      ] GC(19) Survivor regions: 1->1(27)
[8.080s][info][gc,heap      ] GC(19) Old regions: 6->6
[8.080s][info][gc,heap      ] GC(19) Humongous regions: 0->0
[8.080s][info][gc,metaspace ] GC(19) Metaspace: 10694K(11264K)->10694K(11264K) NonClass: 9649K(9984K)->9649K(9984K) Class: 1045K(1280K)->1045K(1280K)
[8.080s][info][gc           ] GC(19) Pause Young (Normal) (G1 Evacuation Pause) 3420M->92M(8192M) 0.517ms
[8.080s][info][gc,cpu       ] GC(19) User=0.01s Sys=0.00s Real=0.00s
[8.531s][info][gc,start     ] GC(20) Pause Young (Normal) (G1 Evacuation Pause)
[8.532s][info][gc,task      ] GC(20) Using 8 workers of 8 for evacuation
[8.533s][info][gc,phases    ] GC(20)   Pre Evacuate Collection Set: 0.0ms
[8.533s][info][gc,phases    ] GC(20)   Evacuate Collection Set: 0.6ms
[8.533s][info][gc,phases    ] GC(20)   Post Evacuate Collection Set: 0.2ms
[8.533s][info][gc,phases    ] GC(20)   Other: 0.6ms
[8.533s][info][gc,heap      ] GC(20) Eden regions: 235->0(239)
[8.533s][info][gc,heap      ] GC(20) Survivor regions: 1->1(30)
[8.533s][info][gc,heap      ] GC(20) Old regions: 6->6
[8.533s][info][gc,heap      ] GC(20) Humongous regions: 0->0
[8.533s][info][gc,metaspace ] GC(20) Metaspace: 10694K(11264K)->10694K(11264K) NonClass: 9649K(9984K)->9649K(9984K) Class: 1045K(1280K)->1045K(1280K)
[8.533s][info][gc           ] GC(20) Pause Young (Normal) (G1 Evacuation Pause) 3852M->92M(8192M) 1.402ms
[8.533s][info][gc,cpu       ] GC(20) User=0.01s Sys=0.00s Real=0.00s
[8.908s][info][gc,start     ] GC(21) Pause Young (Normal) (G1 Evacuation Pause)
[8.908s][info][gc,task      ] GC(21) Using 8 workers of 8 for evacuation
[8.909s][info][gc,phases    ] GC(21)   Pre Evacuate Collection Set: 0.0ms
[8.909s][info][gc,phases    ] GC(21)   Evacuate Collection Set: 0.9ms
[8.909s][info][gc,phases    ] GC(21)   Post Evacuate Collection Set: 0.2ms
[8.909s][info][gc,phases    ] GC(21)   Other: 0.1ms
[8.909s][info][gc,heap      ] GC(21) Eden regions: 239->0(203)
[8.909s][info][gc,heap      ] GC(21) Survivor regions: 1->1(30)
[8.909s][info][gc,heap      ] GC(21) Old regions: 6->6
[8.909s][info][gc,heap      ] GC(21) Humongous regions: 0->0
[8.909s][info][gc,metaspace ] GC(21) Metaspace: 10694K(11264K)->10694K(11264K) NonClass: 9649K(9984K)->9649K(9984K) Class: 1045K(1280K)->1045K(1280K)
[8.909s][info][gc           ] GC(21) Pause Young (Normal) (G1 Evacuation Pause) 3916M->92M(8192M) 1.207ms
[8.909s][info][gc,cpu       ] GC(21) User=0.01s Sys=0.00s Real=0.00s
[9.207s][info][gc,start     ] GC(22) Pause Young (Normal) (G1 Evacuation Pause)
[9.207s][info][gc,task      ] GC(22) Using 8 workers of 8 for evacuation
[9.208s][info][gc,phases    ] GC(22)   Pre Evacuate Collection Set: 0.0ms
[9.208s][info][gc,phases    ] GC(22)   Evacuate Collection Set: 0.2ms
[9.208s][info][gc,phases    ] GC(22)   Post Evacuate Collection Set: 0.2ms
[9.208s][info][gc,phases    ] GC(22)   Other: 0.1ms
[9.208s][info][gc,heap      ] GC(22) Eden regions: 203->0(214)
[9.208s][info][gc,heap      ] GC(22) Survivor regions: 1->1(26)
[9.208s][info][gc,heap      ] GC(22) Old regions: 6->6
[9.208s][info][gc,heap      ] GC(22) Humongous regions: 0->0
[9.208s][info][gc,metaspace ] GC(22) Metaspace: 10694K(11264K)->10694K(11264K) NonClass: 9649K(9984K)->9649K(9984K) Class: 1045K(1280K)->1045K(1280K)
[9.208s][info][gc           ] GC(22) Pause Young (Normal) (G1 Evacuation Pause) 3340M->92M(8192M) 0.512ms
[9.208s][info][gc,cpu       ] GC(22) User=0.00s Sys=0.00s Real=0.00s
[9.527s][info][gc,start     ] GC(23) Pause Young (Normal) (G1 Evacuation Pause)
[9.527s][info][gc,task      ] GC(23) Using 8 workers of 8 for evacuation
[9.528s][info][gc,phases    ] GC(23)   Pre Evacuate Collection Set: 0.0ms
[9.528s][info][gc,phases    ] GC(23)   Evacuate Collection Set: 0.2ms
[9.528s][info][gc,phases    ] GC(23)   Post Evacuate Collection Set: 0.2ms
[9.528s][info][gc,phases    ] GC(23)   Other: 0.1ms
[9.528s][info][gc,heap      ] GC(23) Eden regions: 214->0(239)
[9.528s][info][gc,heap      ] GC(23) Survivor regions: 1->1(27)
[9.528s][info][gc,heap      ] GC(23) Old regions: 6->6
[9.528s][info][gc,heap      ] GC(23) Humongous regions: 0->0
[9.528s][info][gc,metaspace ] GC(23) Metaspace: 10694K(11264K)->10694K(11264K) NonClass: 9649K(9984K)->9649K(9984K) Class: 1045K(1280K)->1045K(1280K)
[9.528s][info][gc           ] GC(23) Pause Young (Normal) (G1 Evacuation Pause) 3516M->92M(8192M) 0.573ms
[9.528s][info][gc,cpu       ] GC(23) User=0.00s Sys=0.00s Real=0.00s
[9.881s][info][gc,start     ] GC(24) Pause Young (Normal) (G1 Evacuation Pause)
[9.882s][info][gc,task      ] GC(24) Using 8 workers of 8 for evacuation
[9.882s][info][gc,phases    ] GC(24)   Pre Evacuate Collection Set: 0.0ms
[9.882s][info][gc,phases    ] GC(24)   Evacuate Collection Set: 0.1ms
[9.882s][info][gc,phases    ] GC(24)   Post Evacuate Collection Set: 0.2ms
[9.882s][info][gc,phases    ] GC(24)   Other: 0.1ms
[9.882s][info][gc,heap      ] GC(24) Eden regions: 239->0(255)
[9.882s][info][gc,heap      ] GC(24) Survivor regions: 1->1(30)
[9.882s][info][gc,heap      ] GC(24) Old regions: 6->6
[9.882s][info][gc,heap      ] GC(24) Humongous regions: 0->0
[9.882s][info][gc,metaspace ] GC(24) Metaspace: 10694K(11264K)->10694K(11264K) NonClass: 9649K(9984K)->9649K(9984K) Class: 1045K(1280K)->1045K(1280K)
[9.882s][info][gc           ] GC(24) Pause Young (Normal) (G1 Evacuation Pause) 3916M->92M(8192M) 0.478ms
[9.882s][info][gc,cpu       ] GC(24) User=0.00s Sys=0.00s Real=0.00s
[10.307s][info][gc,start     ] GC(25) Pause Young (Normal) (G1 Evacuation Pause)
[10.307s][info][gc,task      ] GC(25) Using 8 workers of 8 for evacuation
[10.308s][info][gc,phases    ] GC(25)   Pre Evacuate Collection Set: 0.0ms
[10.308s][info][gc,phases    ] GC(25)   Evacuate Collection Set: 0.3ms
[10.308s][info][gc,phases    ] GC(25)   Post Evacuate Collection Set: 0.2ms
[10.308s][info][gc,phases    ] GC(25)   Other: 0.1ms
[10.308s][info][gc,heap      ] GC(25) Eden regions: 255->0(255)
[10.308s][info][gc,heap      ] GC(25) Survivor regions: 1->1(32)
[10.308s][info][gc,heap      ] GC(25) Old regions: 6->6
[10.308s][info][gc,heap      ] GC(25) Humongous regions: 0->0
[10.308s][info][gc,metaspace ] GC(25) Metaspace: 10694K(11264K)->10694K(11264K) NonClass: 9649K(9984K)->9649K(9984K) Class: 1045K(1280K)->1045K(1280K)
[10.308s][info][gc           ] GC(25) Pause Young (Normal) (G1 Evacuation Pause) 4172M->92M(8192M) 0.627ms
[10.308s][info][gc,cpu       ] GC(25) User=0.01s Sys=0.00s Real=0.00s
[10.702s][info][gc,start     ] GC(26) Pause Young (Normal) (G1 Evacuation Pause)
[10.702s][info][gc,task      ] GC(26) Using 8 workers of 8 for evacuation
[10.702s][info][gc,phases    ] GC(26)   Pre Evacuate Collection Set: 0.0ms
[10.702s][info][gc,phases    ] GC(26)   Evacuate Collection Set: 0.1ms
[10.702s][info][gc,phases    ] GC(26)   Post Evacuate Collection Set: 0.2ms
[10.702s][info][gc,phases    ] GC(26)   Other: 0.1ms
[10.702s][info][gc,heap      ] GC(26) Eden regions: 255->0(255)
[10.702s][info][gc,heap      ] GC(26) Survivor regions: 1->1(32)
[10.702s][info][gc,heap      ] GC(26) Old regions: 6->6
[10.702s][info][gc,heap      ] GC(26) Humongous regions: 0->0
[10.702s][info][gc,metaspace ] GC(26) Metaspace: 10694K(11264K)->10694K(11264K) NonClass: 9649K(9984K)->9649K(9984K) Class: 1045K(1280K)->1045K(1280K)
[10.702s][info][gc           ] GC(26) Pause Young (Normal) (G1 Evacuation Pause) 4172M->92M(8192M) 0.499ms
[10.702s][info][gc,cpu       ] GC(26) User=0.00s Sys=0.00s Real=0.00s
[11.077s][info][gc,start     ] GC(27) Pause Young (Normal) (G1 Evacuation Pause)
[11.077s][info][gc,task      ] GC(27) Using 8 workers of 8 for evacuation
[11.078s][info][gc,phases    ] GC(27)   Pre Evacuate Collection Set: 0.0ms
[11.078s][info][gc,phases    ] GC(27)   Evacuate Collection Set: 0.1ms
[11.078s][info][gc,phases    ] GC(27)   Post Evacuate Collection Set: 0.2ms
[11.078s][info][gc,phases    ] GC(27)   Other: 0.1ms
[11.078s][info][gc,heap      ] GC(27) Eden regions: 255->0(255)
[11.078s][info][gc,heap      ] GC(27) Survivor regions: 1->1(32)
[11.078s][info][gc,heap      ] GC(27) Old regions: 6->6
[11.078s][info][gc,heap      ] GC(27) Humongous regions: 0->0
[11.078s][info][gc,metaspace ] GC(27) Metaspace: 10694K(11264K)->10694K(11264K) NonClass: 9649K(9984K)->9649K(9984K) Class: 1045K(1280K)->1045K(1280K)
[11.078s][info][gc           ] GC(27) Pause Young (Normal) (G1 Evacuation Pause) 4172M->92M(8192M) 0.499ms
[11.078s][info][gc,cpu       ] GC(27) User=0.01s Sys=0.00s Real=0.00s
[11.453s][info][gc,start     ] GC(28) Pause Young (Normal) (G1 Evacuation Pause)
[11.453s][info][gc,task      ] GC(28) Using 8 workers of 8 for evacuation
[11.453s][info][gc,phases    ] GC(28)   Pre Evacuate Collection Set: 0.0ms
[11.453s][info][gc,phases    ] GC(28)   Evacuate Collection Set: 0.1ms
[11.453s][info][gc,phases    ] GC(28)   Post Evacuate Collection Set: 0.2ms
[11.453s][info][gc,phases    ] GC(28)   Other: 0.1ms
[11.453s][info][gc,heap      ] GC(28) Eden regions: 255->0(255)
[11.453s][info][gc,heap      ] GC(28) Survivor regions: 1->1(32)
[11.453s][info][gc,heap      ] GC(28) Old regions: 6->6
[11.453s][info][gc,heap      ] GC(28) Humongous regions: 0->0
[11.453s][info][gc,metaspace ] GC(28) Metaspace: 10694K(11264K)->10694K(11264K) NonClass: 9649K(9984K)->9649K(9984K) Class: 1045K(1280K)->1045K(1280K)
[11.454s][info][gc           ] GC(28) Pause Young (Normal) (G1 Evacuation Pause) 4172M->92M(8192M) 0.489ms
[11.454s][info][gc,cpu       ] GC(28) User=0.00s Sys=0.00s Real=0.00s
[11.838s][info][gc,start     ] GC(29) Pause Young (Normal) (G1 Evacuation Pause)
[11.838s][info][gc,task      ] GC(29) Using 8 workers of 8 for evacuation
[11.839s][info][gc,phases    ] GC(29)   Pre Evacuate Collection Set: 0.0ms
[11.839s][info][gc,phases    ] GC(29)   Evacuate Collection Set: 0.1ms
[11.839s][info][gc,phases    ] GC(29)   Post Evacuate Collection Set: 0.2ms
[11.839s][info][gc,phases    ] GC(29)   Other: 0.1ms
[11.839s][info][gc,heap      ] GC(29) Eden regions: 255->0(255)
[11.839s][info][gc,heap      ] GC(29) Survivor regions: 1->1(32)
[11.839s][info][gc,heap      ] GC(29) Old regions: 6->6
[11.839s][info][gc,heap      ] GC(29) Humongous regions: 0->0
[11.839s][info][gc,metaspace ] GC(29) Metaspace: 10694K(11264K)->10694K(11264K) NonClass: 9649K(9984K)->9649K(9984K) Class: 1045K(1280K)->1045K(1280K)
[11.839s][info][gc           ] GC(29) Pause Young (Normal) (G1 Evacuation Pause) 4172M->92M(8192M) 0.496ms
[11.839s][info][gc,cpu       ] GC(29) User=0.01s Sys=0.00s Real=0.00s
[12.233s][info][gc,start     ] GC(30) Pause Young (Normal) (G1 Evacuation Pause)
[12.233s][info][gc,task      ] GC(30) Using 8 workers of 8 for evacuation
[12.234s][info][gc,phases    ] GC(30)   Pre Evacuate Collection Set: 0.0ms
[12.234s][info][gc,phases    ] GC(30)   Evacuate Collection Set: 0.2ms
[12.234s][info][gc,phases    ] GC(30)   Post Evacuate Collection Set: 0.2ms
[12.234s][info][gc,phases    ] GC(30)   Other: 0.1ms
[12.234s][info][gc,heap      ] GC(30) Eden regions: 255->0(255)
[12.234s][info][gc,heap      ] GC(30) Survivor regions: 1->1(32)
[12.234s][info][gc,heap      ] GC(30) Old regions: 6->6
[12.234s][info][gc,heap      ] GC(30) Humongous regions: 0->0
[12.234s][info][gc,metaspace ] GC(30) Metaspace: 10704K(11264K)->10704K(11264K) NonClass: 9657K(9984K)->9657K(9984K) Class: 1046K(1280K)->1046K(1280K)
[12.234s][info][gc           ] GC(30) Pause Young (Normal) (G1 Evacuation Pause) 4172M->92M(8192M) 0.508ms
[12.234s][info][gc,cpu       ] GC(30) User=0.00s Sys=0.00s Real=0.00s
[12.635s][info][gc,start     ] GC(31) Pause Young (Normal) (G1 Evacuation Pause)
[12.635s][info][gc,task      ] GC(31) Using 8 workers of 8 for evacuation
[12.636s][info][gc,phases    ] GC(31)   Pre Evacuate Collection Set: 0.0ms
[12.636s][info][gc,phases    ] GC(31)   Evacuate Collection Set: 0.2ms
[12.636s][info][gc,phases    ] GC(31)   Post Evacuate Collection Set: 0.2ms
[12.636s][info][gc,phases    ] GC(31)   Other: 0.1ms
[12.636s][info][gc,heap      ] GC(31) Eden regions: 255->0(255)
[12.636s][info][gc,heap      ] GC(31) Survivor regions: 1->1(32)
[12.636s][info][gc,heap      ] GC(31) Old regions: 6->6
[12.636s][info][gc,heap      ] GC(31) Humongous regions: 0->0
[12.636s][info][gc,metaspace ] GC(31) Metaspace: 10704K(11264K)->10704K(11264K) NonClass: 9657K(9984K)->9657K(9984K) Class: 1046K(1280K)->1046K(1280K)
[12.636s][info][gc           ] GC(31) Pause Young (Normal) (G1 Evacuation Pause) 4172M->92M(8192M) 0.538ms
[12.636s][info][gc,cpu       ] GC(31) User=0.00s Sys=0.00s Real=0.00s
[13.035s][info][gc,start     ] GC(32) Pause Young (Normal) (G1 Evacuation Pause)
[13.035s][info][gc,task      ] GC(32) Using 8 workers of 8 for evacuation
[13.036s][info][gc,phases    ] GC(32)   Pre Evacuate Collection Set: 0.0ms
[13.036s][info][gc,phases    ] GC(32)   Evacuate Collection Set: 0.2ms
[13.036s][info][gc,phases    ] GC(32)   Post Evacuate Collection Set: 0.2ms
[13.036s][info][gc,phases    ] GC(32)   Other: 0.1ms
[13.036s][info][gc,heap      ] GC(32) Eden regions: 255->0(255)
[13.036s][info][gc,heap      ] GC(32) Survivor regions: 1->1(32)
[13.036s][info][gc,heap      ] GC(32) Old regions: 6->6
[13.036s][info][gc,heap      ] GC(32) Humongous regions: 0->0
[13.036s][info][gc,metaspace ] GC(32) Metaspace: 10704K(11264K)->10704K(11264K) NonClass: 9657K(9984K)->9657K(9984K) Class: 1046K(1280K)->1046K(1280K)
[13.036s][info][gc           ] GC(32) Pause Young (Normal) (G1 Evacuation Pause) 4172M->92M(8192M) 0.504ms
[13.036s][info][gc,cpu       ] GC(32) User=0.00s Sys=0.00s Real=0.00s
[13.413s][info][gc,start     ] GC(33) Pause Young (Normal) (G1 Evacuation Pause)
[13.413s][info][gc,task      ] GC(33) Using 8 workers of 8 for evacuation
[13.413s][info][gc,phases    ] GC(33)   Pre Evacuate Collection Set: 0.0ms
[13.413s][info][gc,phases    ] GC(33)   Evacuate Collection Set: 0.2ms
[13.413s][info][gc,phases    ] GC(33)   Post Evacuate Collection Set: 0.2ms
[13.413s][info][gc,phases    ] GC(33)   Other: 0.1ms
[13.413s][info][gc,heap      ] GC(33) Eden regions: 255->0(255)
[13.413s][info][gc,heap      ] GC(33) Survivor regions: 1->1(32)
[13.413s][info][gc,heap      ] GC(33) Old regions: 6->6
[13.413s][info][gc,heap      ] GC(33) Humongous regions: 0->0
[13.413s][info][gc,metaspace ] GC(33) Metaspace: 10704K(11264K)->10704K(11264K) NonClass: 9657K(9984K)->9657K(9984K) Class: 1046K(1280K)->1046K(1280K)
[13.413s][info][gc           ] GC(33) Pause Young (Normal) (G1 Evacuation Pause) 4172M->92M(8192M) 0.563ms
[13.413s][info][gc,cpu       ] GC(33) User=0.00s Sys=0.00s Real=0.00s
[13.790s][info][gc,start     ] GC(34) Pause Young (Normal) (G1 Evacuation Pause)
[13.790s][info][gc,task      ] GC(34) Using 8 workers of 8 for evacuation
[13.791s][info][gc,phases    ] GC(34)   Pre Evacuate Collection Set: 0.0ms
[13.791s][info][gc,phases    ] GC(34)   Evacuate Collection Set: 0.2ms
[13.791s][info][gc,phases    ] GC(34)   Post Evacuate Collection Set: 0.2ms
[13.791s][info][gc,phases    ] GC(34)   Other: 0.1ms
[13.791s][info][gc,heap      ] GC(34) Eden regions: 255->0(255)
[13.791s][info][gc,heap      ] GC(34) Survivor regions: 1->1(32)
[13.791s][info][gc,heap      ] GC(34) Old regions: 6->6
[13.791s][info][gc,heap      ] GC(34) Humongous regions: 0->0
[13.791s][info][gc,metaspace ] GC(34) Metaspace: 10704K(11264K)->10704K(11264K) NonClass: 9657K(9984K)->9657K(9984K) Class: 1046K(1280K)->1046K(1280K)
[13.791s][info][gc           ] GC(34) Pause Young (Normal) (G1 Evacuation Pause) 4172M->92M(8192M) 0.544ms
[13.791s][info][gc,cpu       ] GC(34) User=0.00s Sys=0.00s Real=0.00s
[14.166s][info][gc,start     ] GC(35) Pause Young (Normal) (G1 Evacuation Pause)
[14.166s][info][gc,task      ] GC(35) Using 8 workers of 8 for evacuation
[14.166s][info][gc,phases    ] GC(35)   Pre Evacuate Collection Set: 0.0ms
[14.166s][info][gc,phases    ] GC(35)   Evacuate Collection Set: 0.1ms
[14.166s][info][gc,phases    ] GC(35)   Post Evacuate Collection Set: 0.2ms
[14.166s][info][gc,phases    ] GC(35)   Other: 0.1ms
[14.166s][info][gc,heap      ] GC(35) Eden regions: 255->0(255)
[14.166s][info][gc,heap      ] GC(35) Survivor regions: 1->1(32)
[14.166s][info][gc,heap      ] GC(35) Old regions: 6->6
[14.166s][info][gc,heap      ] GC(35) Humongous regions: 0->0
[14.166s][info][gc,metaspace ] GC(35) Metaspace: 10704K(11264K)->10704K(11264K) NonClass: 9657K(9984K)->9657K(9984K) Class: 1046K(1280K)->1046K(1280K)
[14.166s][info][gc           ] GC(35) Pause Young (Normal) (G1 Evacuation Pause) 4172M->92M(8192M) 0.512ms
[14.166s][info][gc,cpu       ] GC(35) User=0.01s Sys=0.00s Real=0.00s
[14.547s][info][gc,start     ] GC(36) Pause Young (Normal) (G1 Evacuation Pause)
[14.547s][info][gc,task      ] GC(36) Using 8 workers of 8 for evacuation
[14.547s][info][gc,phases    ] GC(36)   Pre Evacuate Collection Set: 0.0ms
[14.547s][info][gc,phases    ] GC(36)   Evacuate Collection Set: 0.1ms
[14.547s][info][gc,phases    ] GC(36)   Post Evacuate Collection Set: 0.2ms
[14.547s][info][gc,phases    ] GC(36)   Other: 0.1ms
[14.547s][info][gc,heap      ] GC(36) Eden regions: 255->0(255)
[14.547s][info][gc,heap      ] GC(36) Survivor regions: 1->1(32)
[14.547s][info][gc,heap      ] GC(36) Old regions: 6->6
[14.547s][info][gc,heap      ] GC(36) Humongous regions: 0->0
[14.547s][info][gc,metaspace ] GC(36) Metaspace: 10704K(11264K)->10704K(11264K) NonClass: 9657K(9984K)->9657K(9984K) Class: 1046K(1280K)->1046K(1280K)
[14.547s][info][gc           ] GC(36) Pause Young (Normal) (G1 Evacuation Pause) 4172M->92M(8192M) 0.476ms
[14.547s][info][gc,cpu       ] GC(36) User=0.00s Sys=0.00s Real=0.00s
[14.923s][info][gc,start     ] GC(37) Pause Young (Normal) (G1 Evacuation Pause)
[14.923s][info][gc,task      ] GC(37) Using 8 workers of 8 for evacuation
[14.924s][info][gc,phases    ] GC(37)   Pre Evacuate Collection Set: 0.0ms
[14.924s][info][gc,phases    ] GC(37)   Evacuate Collection Set: 0.1ms
[14.924s][info][gc,phases    ] GC(37)   Post Evacuate Collection Set: 0.2ms
[14.924s][info][gc,phases    ] GC(37)   Other: 0.1ms
[14.924s][info][gc,heap      ] GC(37) Eden regions: 255->0(255)
[14.924s][info][gc,heap      ] GC(37) Survivor regions: 1->1(32)
[14.924s][info][gc,heap      ] GC(37) Old regions: 6->6
[14.924s][info][gc,heap      ] GC(37) Humongous regions: 0->0
[14.924s][info][gc,metaspace ] GC(37) Metaspace: 10704K(11264K)->10704K(11264K) NonClass: 9657K(9984K)->9657K(9984K) Class: 1046K(1280K)->1046K(1280K)
[14.924s][info][gc           ] GC(37) Pause Young (Normal) (G1 Evacuation Pause) 4172M->92M(8192M) 0.492ms
[14.924s][info][gc,cpu       ] GC(37) User=0.00s Sys=0.00s Real=0.00s
[15.300s][info][gc,start     ] GC(38) Pause Young (Normal) (G1 Evacuation Pause)
[15.300s][info][gc,task      ] GC(38) Using 8 workers of 8 for evacuation
[15.300s][info][gc,phases    ] GC(38)   Pre Evacuate Collection Set: 0.0ms
[15.300s][info][gc,phases    ] GC(38)   Evacuate Collection Set: 0.1ms
[15.300s][info][gc,phases    ] GC(38)   Post Evacuate Collection Set: 0.2ms
[15.300s][info][gc,phases    ] GC(38)   Other: 0.1ms
[15.300s][info][gc,heap      ] GC(38) Eden regions: 255->0(255)
[15.300s][info][gc,heap      ] GC(38) Survivor regions: 1->1(32)
[15.300s][info][gc,heap      ] GC(38) Old regions: 6->6
[15.300s][info][gc,heap      ] GC(38) Humongous regions: 0->0
[15.300s][info][gc,metaspace ] GC(38) Metaspace: 10704K(11264K)->10704K(11264K) NonClass: 9657K(9984K)->9657K(9984K) Class: 1046K(1280K)->1046K(1280K)
[15.300s][info][gc           ] GC(38) Pause Young (Normal) (G1 Evacuation Pause) 4172M->92M(8192M) 0.505ms
[15.300s][info][gc,cpu       ] GC(38) User=0.01s Sys=0.00s Real=0.00s
[15.677s][info][gc,start     ] GC(39) Pause Young (Normal) (G1 Evacuation Pause)
[15.677s][info][gc,task      ] GC(39) Using 8 workers of 8 for evacuation
[15.677s][info][gc,phases    ] GC(39)   Pre Evacuate Collection Set: 0.0ms
[15.677s][info][gc,phases    ] GC(39)   Evacuate Collection Set: 0.1ms
[15.677s][info][gc,phases    ] GC(39)   Post Evacuate Collection Set: 0.2ms
[15.677s][info][gc,phases    ] GC(39)   Other: 0.1ms
[15.677s][info][gc,heap      ] GC(39) Eden regions: 255->0(255)
[15.677s][info][gc,heap      ] GC(39) Survivor regions: 1->1(32)
[15.677s][info][gc,heap      ] GC(39) Old regions: 6->6
[15.677s][info][gc,heap      ] GC(39) Humongous regions: 0->0
[15.677s][info][gc,metaspace ] GC(39) Metaspace: 10704K(11264K)->10704K(11264K) NonClass: 9657K(9984K)->9657K(9984K) Class: 1046K(1280K)->1046K(1280K)
[15.677s][info][gc           ] GC(39) Pause Young (Normal) (G1 Evacuation Pause) 4172M->92M(8192M) 0.508ms
[15.677s][info][gc,cpu       ] GC(39) User=0.00s Sys=0.00s Real=0.00s
[16.052s][info][gc,start     ] GC(40) Pause Young (Normal) (G1 Evacuation Pause)
[16.052s][info][gc,task      ] GC(40) Using 8 workers of 8 for evacuation
[16.052s][info][gc,phases    ] GC(40)   Pre Evacuate Collection Set: 0.0ms
[16.052s][info][gc,phases    ] GC(40)   Evacuate Collection Set: 0.1ms
[16.052s][info][gc,phases    ] GC(40)   Post Evacuate Collection Set: 0.2ms
[16.052s][info][gc,phases    ] GC(40)   Other: 0.1ms
[16.052s][info][gc,heap      ] GC(40) Eden regions: 255->0(255)
[16.052s][info][gc,heap      ] GC(40) Survivor regions: 1->1(32)
[16.052s][info][gc,heap      ] GC(40) Old regions: 6->6
[16.052s][info][gc,heap      ] GC(40) Humongous regions: 0->0
[16.052s][info][gc,metaspace ] GC(40) Metaspace: 10704K(11264K)->10704K(11264K) NonClass: 9657K(9984K)->9657K(9984K) Class: 1046K(1280K)->1046K(1280K)
[16.052s][info][gc           ] GC(40) Pause Young (Normal) (G1 Evacuation Pause) 4172M->92M(8192M) 0.485ms
[16.052s][info][gc,cpu       ] GC(40) User=0.00s Sys=0.00s Real=0.00s
[16.509s][info][gc,start     ] GC(41) Pause Young (Normal) (G1 Evacuation Pause)
[16.509s][info][gc,task      ] GC(41) Using 8 workers of 8 for evacuation
[16.510s][info][gc,phases    ] GC(41)   Pre Evacuate Collection Set: 0.0ms
[16.510s][info][gc,phases    ] GC(41)   Evacuate Collection Set: 0.2ms
[16.510s][info][gc,phases    ] GC(41)   Post Evacuate Collection Set: 0.2ms
[16.510s][info][gc,phases    ] GC(41)   Other: 0.1ms
[16.510s][info][gc,heap      ] GC(41) Eden regions: 255->0(255)
[16.510s][info][gc,heap      ] GC(41) Survivor regions: 1->1(32)
[16.510s][info][gc,heap      ] GC(41) Old regions: 6->6
[16.510s][info][gc,heap      ] GC(41) Humongous regions: 0->0
[16.510s][info][gc,metaspace ] GC(41) Metaspace: 10704K(11264K)->10704K(11264K) NonClass: 9657K(9984K)->9657K(9984K) Class: 1046K(1280K)->1046K(1280K)
[16.510s][info][gc           ] GC(41) Pause Young (Normal) (G1 Evacuation Pause) 4172M->92M(8192M) 0.561ms
[16.510s][info][gc,cpu       ] GC(41) User=0.01s Sys=0.00s Real=0.00s
[16.895s][info][gc,start     ] GC(42) Pause Young (Normal) (G1 Evacuation Pause)
[16.896s][info][gc,task      ] GC(42) Using 8 workers of 8 for evacuation
[16.896s][info][gc,phases    ] GC(42)   Pre Evacuate Collection Set: 0.0ms
[16.896s][info][gc,phases    ] GC(42)   Evacuate Collection Set: 0.1ms
[16.896s][info][gc,phases    ] GC(42)   Post Evacuate Collection Set: 0.2ms
[16.896s][info][gc,phases    ] GC(42)   Other: 0.3ms
[16.896s][info][gc,heap      ] GC(42) Eden regions: 255->0(255)
[16.896s][info][gc,heap      ] GC(42) Survivor regions: 1->1(32)
[16.896s][info][gc,heap      ] GC(42) Old regions: 6->6
[16.896s][info][gc,heap      ] GC(42) Humongous regions: 0->0
[16.896s][info][gc,metaspace ] GC(42) Metaspace: 10704K(11264K)->10704K(11264K) NonClass: 9657K(9984K)->9657K(9984K) Class: 1046K(1280K)->1046K(1280K)
[16.896s][info][gc           ] GC(42) Pause Young (Normal) (G1 Evacuation Pause) 4172M->92M(8192M) 0.660ms
[16.896s][info][gc,cpu       ] GC(42) User=0.00s Sys=0.00s Real=0.00s
[17.289s][info][gc,start     ] GC(43) Pause Young (Normal) (G1 Evacuation Pause)
[17.289s][info][gc,task      ] GC(43) Using 8 workers of 8 for evacuation
[17.290s][info][gc,phases    ] GC(43)   Pre Evacuate Collection Set: 0.0ms
[17.290s][info][gc,phases    ] GC(43)   Evacuate Collection Set: 0.2ms
[17.290s][info][gc,phases    ] GC(43)   Post Evacuate Collection Set: 0.2ms
[17.290s][info][gc,phases    ] GC(43)   Other: 0.1ms
[17.290s][info][gc,heap      ] GC(43) Eden regions: 255->0(255)
[17.290s][info][gc,heap      ] GC(43) Survivor regions: 1->1(32)
[17.290s][info][gc,heap      ] GC(43) Old regions: 6->6
[17.290s][info][gc,heap      ] GC(43) Humongous regions: 0->0
[17.290s][info][gc,metaspace ] GC(43) Metaspace: 10704K(11264K)->10704K(11264K) NonClass: 9657K(9984K)->9657K(9984K) Class: 1046K(1280K)->1046K(1280K)
[17.290s][info][gc           ] GC(43) Pause Young (Normal) (G1 Evacuation Pause) 4172M->92M(8192M) 0.533ms
[17.290s][info][gc,cpu       ] GC(43) User=0.00s Sys=0.00s Real=0.00s
[17.670s][info][gc,start     ] GC(44) Pause Young (Normal) (G1 Evacuation Pause)
[17.670s][info][gc,task      ] GC(44) Using 8 workers of 8 for evacuation
[17.670s][info][gc,phases    ] GC(44)   Pre Evacuate Collection Set: 0.0ms
[17.670s][info][gc,phases    ] GC(44)   Evacuate Collection Set: 0.1ms
[17.670s][info][gc,phases    ] GC(44)   Post Evacuate Collection Set: 0.2ms
[17.670s][info][gc,phases    ] GC(44)   Other: 0.1ms
[17.670s][info][gc,heap      ] GC(44) Eden regions: 255->0(255)
[17.670s][info][gc,heap      ] GC(44) Survivor regions: 1->1(32)
[17.670s][info][gc,heap      ] GC(44) Old regions: 6->6
[17.670s][info][gc,heap      ] GC(44) Humongous regions: 0->0
[17.670s][info][gc,metaspace ] GC(44) Metaspace: 10704K(11264K)->10704K(11264K) NonClass: 9657K(9984K)->9657K(9984K) Class: 1046K(1280K)->1046K(1280K)
[17.670s][info][gc           ] GC(44) Pause Young (Normal) (G1 Evacuation Pause) 4172M->92M(8192M) 0.516ms
[17.670s][info][gc,cpu       ] GC(44) User=0.01s Sys=0.00s Real=0.00s
[18.046s][info][gc,start     ] GC(45) Pause Young (Normal) (G1 Evacuation Pause)
[18.046s][info][gc,task      ] GC(45) Using 8 workers of 8 for evacuation
[18.047s][info][gc,phases    ] GC(45)   Pre Evacuate Collection Set: 0.0ms
[18.047s][info][gc,phases    ] GC(45)   Evacuate Collection Set: 0.2ms
[18.047s][info][gc,phases    ] GC(45)   Post Evacuate Collection Set: 0.2ms
[18.047s][info][gc,phases    ] GC(45)   Other: 0.1ms
[18.047s][info][gc,heap      ] GC(45) Eden regions: 255->0(255)
[18.047s][info][gc,heap      ] GC(45) Survivor regions: 1->1(32)
[18.047s][info][gc,heap      ] GC(45) Old regions: 6->6
[18.047s][info][gc,heap      ] GC(45) Humongous regions: 0->0
[18.047s][info][gc,metaspace ] GC(45) Metaspace: 10704K(11264K)->10704K(11264K) NonClass: 9657K(9984K)->9657K(9984K) Class: 1046K(1280K)->1046K(1280K)
[18.047s][info][gc           ] GC(45) Pause Young (Normal) (G1 Evacuation Pause) 4172M->92M(8192M) 0.512ms
[18.047s][info][gc,cpu       ] GC(45) User=0.01s Sys=0.00s Real=0.00s
[18.430s][info][gc,start     ] GC(46) Pause Young (Normal) (G1 Evacuation Pause)
[18.430s][info][gc,task      ] GC(46) Using 8 workers of 8 for evacuation
[18.430s][info][gc,phases    ] GC(46)   Pre Evacuate Collection Set: 0.0ms
[18.430s][info][gc,phases    ] GC(46)   Evacuate Collection Set: 0.1ms
[18.430s][info][gc,phases    ] GC(46)   Post Evacuate Collection Set: 0.2ms
[18.430s][info][gc,phases    ] GC(46)   Other: 0.1ms
[18.430s][info][gc,heap      ] GC(46) Eden regions: 255->0(255)
[18.430s][info][gc,heap      ] GC(46) Survivor regions: 1->1(32)
[18.430s][info][gc,heap      ] GC(46) Old regions: 6->6
[18.430s][info][gc,heap      ] GC(46) Humongous regions: 0->0
[18.430s][info][gc,metaspace ] GC(46) Metaspace: 10704K(11264K)->10704K(11264K) NonClass: 9657K(9984K)->9657K(9984K) Class: 1046K(1280K)->1046K(1280K)
[18.430s][info][gc           ] GC(46) Pause Young (Normal) (G1 Evacuation Pause) 4172M->92M(8192M) 0.506ms
[18.430s][info][gc,cpu       ] GC(46) User=0.01s Sys=0.00s Real=0.00s
[18.812s][info][gc,start     ] GC(47) Pause Young (Normal) (G1 Evacuation Pause)
[18.812s][info][gc,task      ] GC(47) Using 8 workers of 8 for evacuation
[18.812s][info][gc,phases    ] GC(47)   Pre Evacuate Collection Set: 0.0ms
[18.812s][info][gc,phases    ] GC(47)   Evacuate Collection Set: 0.1ms
[18.812s][info][gc,phases    ] GC(47)   Post Evacuate Collection Set: 0.2ms
[18.812s][info][gc,phases    ] GC(47)   Other: 0.1ms
[18.812s][info][gc,heap      ] GC(47) Eden regions: 255->0(255)
[18.812s][info][gc,heap      ] GC(47) Survivor regions: 1->1(32)
[18.812s][info][gc,heap      ] GC(47) Old regions: 6->6
[18.812s][info][gc,heap      ] GC(47) Humongous regions: 0->0
[18.812s][info][gc,metaspace ] GC(47) Metaspace: 10704K(11264K)->10704K(11264K) NonClass: 9657K(9984K)->9657K(9984K) Class: 1046K(1280K)->1046K(1280K)
[18.812s][info][gc           ] GC(47) Pause Young (Normal) (G1 Evacuation Pause) 4172M->92M(8192M) 0.496ms
[18.812s][info][gc,cpu       ] GC(47) User=0.00s Sys=0.00s Real=0.00s
[19.189s][info][gc,start     ] GC(48) Pause Young (Normal) (G1 Evacuation Pause)
[19.189s][info][gc,task      ] GC(48) Using 8 workers of 8 for evacuation
[19.189s][info][gc,phases    ] GC(48)   Pre Evacuate Collection Set: 0.0ms
[19.189s][info][gc,phases    ] GC(48)   Evacuate Collection Set: 0.1ms
[19.189s][info][gc,phases    ] GC(48)   Post Evacuate Collection Set: 0.2ms
[19.189s][info][gc,phases    ] GC(48)   Other: 0.1ms
[19.189s][info][gc,heap      ] GC(48) Eden regions: 255->0(255)
[19.189s][info][gc,heap      ] GC(48) Survivor regions: 1->1(32)
[19.189s][info][gc,heap      ] GC(48) Old regions: 6->6
[19.189s][info][gc,heap      ] GC(48) Humongous regions: 0->0
[19.189s][info][gc,metaspace ] GC(48) Metaspace: 10704K(11264K)->10704K(11264K) NonClass: 9657K(9984K)->9657K(9984K) Class: 1046K(1280K)->1046K(1280K)
[19.189s][info][gc           ] GC(48) Pause Young (Normal) (G1 Evacuation Pause) 4172M->92M(8192M) 0.469ms
[19.189s][info][gc,cpu       ] GC(48) User=0.00s Sys=0.00s Real=0.00s
[19.569s][info][gc,start     ] GC(49) Pause Young (Normal) (G1 Evacuation Pause)
[19.569s][info][gc,task      ] GC(49) Using 8 workers of 8 for evacuation
[19.569s][info][gc,phases    ] GC(49)   Pre Evacuate Collection Set: 0.0ms
[19.569s][info][gc,phases    ] GC(49)   Evacuate Collection Set: 0.1ms
[19.569s][info][gc,phases    ] GC(49)   Post Evacuate Collection Set: 0.2ms
[19.569s][info][gc,phases    ] GC(49)   Other: 0.1ms
[19.569s][info][gc,heap      ] GC(49) Eden regions: 255->0(255)
[19.569s][info][gc,heap      ] GC(49) Survivor regions: 1->1(32)
[19.569s][info][gc,heap      ] GC(49) Old regions: 6->6
[19.569s][info][gc,heap      ] GC(49) Humongous regions: 0->0
[19.569s][info][gc,metaspace ] GC(49) Metaspace: 10704K(11264K)->10704K(11264K) NonClass: 9657K(9984K)->9657K(9984K) Class: 1046K(1280K)->1046K(1280K)
[19.569s][info][gc           ] GC(49) Pause Young (Normal) (G1 Evacuation Pause) 4172M->92M(8192M) 0.470ms
[19.569s][info][gc,cpu       ] GC(49) User=0.00s Sys=0.00s Real=0.00s
[19.945s][info][gc,start     ] GC(50) Pause Young (Normal) (G1 Evacuation Pause)
[19.945s][info][gc,task      ] GC(50) Using 8 workers of 8 for evacuation
[19.946s][info][gc,phases    ] GC(50)   Pre Evacuate Collection Set: 0.0ms
[19.946s][info][gc,phases    ] GC(50)   Evacuate Collection Set: 0.2ms
[19.946s][info][gc,phases    ] GC(50)   Post Evacuate Collection Set: 0.2ms
[19.946s][info][gc,phases    ] GC(50)   Other: 0.1ms
[19.946s][info][gc,heap      ] GC(50) Eden regions: 255->0(255)
[19.946s][info][gc,heap      ] GC(50) Survivor regions: 1->1(32)
[19.946s][info][gc,heap      ] GC(50) Old regions: 6->6
[19.946s][info][gc,heap      ] GC(50) Humongous regions: 0->0
[19.946s][info][gc,metaspace ] GC(50) Metaspace: 10704K(11264K)->10704K(11264K) NonClass: 9657K(9984K)->9657K(9984K) Class: 1046K(1280K)->1046K(1280K)
[19.946s][info][gc           ] GC(50) Pause Young (Normal) (G1 Evacuation Pause) 4172M->92M(8192M) 0.535ms
[19.946s][info][gc,cpu       ] GC(50) User=0.00s Sys=0.00s Real=0.00s
[20.323s][info][gc,start     ] GC(51) Pause Young (Normal) (G1 Evacuation Pause)
[20.323s][info][gc,task      ] GC(51) Using 8 workers of 8 for evacuation
[20.323s][info][gc,phases    ] GC(51)   Pre Evacuate Collection Set: 0.0ms
[20.323s][info][gc,phases    ] GC(51)   Evacuate Collection Set: 0.1ms
[20.323s][info][gc,phases    ] GC(51)   Post Evacuate Collection Set: 0.2ms
[20.323s][info][gc,phases    ] GC(51)   Other: 0.1ms
[20.323s][info][gc,heap      ] GC(51) Eden regions: 255->0(255)
[20.323s][info][gc,heap      ] GC(51) Survivor regions: 1->1(32)
[20.323s][info][gc,heap      ] GC(51) Old regions: 6->6
[20.323s][info][gc,heap      ] GC(51) Humongous regions: 0->0
[20.323s][info][gc,metaspace ] GC(51) Metaspace: 10704K(11264K)->10704K(11264K) NonClass: 9657K(9984K)->9657K(9984K) Class: 1046K(1280K)->1046K(1280K)
[20.323s][info][gc           ] GC(51) Pause Young (Normal) (G1 Evacuation Pause) 4172M->92M(8192M) 0.476ms
[20.323s][info][gc,cpu       ] GC(51) User=0.00s Sys=0.00s Real=0.00s
[20.699s][info][gc,start     ] GC(52) Pause Young (Normal) (G1 Evacuation Pause)
[20.699s][info][gc,task      ] GC(52) Using 8 workers of 8 for evacuation
[20.700s][info][gc,phases    ] GC(52)   Pre Evacuate Collection Set: 0.0ms
[20.700s][info][gc,phases    ] GC(52)   Evacuate Collection Set: 0.2ms
[20.700s][info][gc,phases    ] GC(52)   Post Evacuate Collection Set: 0.2ms
[20.700s][info][gc,phases    ] GC(52)   Other: 0.1ms
[20.700s][info][gc,heap      ] GC(52) Eden regions: 255->0(255)
[20.700s][info][gc,heap      ] GC(52) Survivor regions: 1->1(32)
[20.700s][info][gc,heap      ] GC(52) Old regions: 6->6
[20.700s][info][gc,heap      ] GC(52) Humongous regions: 0->0
[20.700s][info][gc,metaspace ] GC(52) Metaspace: 10704K(11264K)->10704K(11264K) NonClass: 9657K(9984K)->9657K(9984K) Class: 1046K(1280K)->1046K(1280K)
[20.700s][info][gc           ] GC(52) Pause Young (Normal) (G1 Evacuation Pause) 4172M->92M(8192M) 0.527ms
[20.700s][info][gc,cpu       ] GC(52) User=0.00s Sys=0.00s Real=0.00s
[21.078s][info][gc,start     ] GC(53) Pause Young (Normal) (G1 Evacuation Pause)
[21.078s][info][gc,task      ] GC(53) Using 8 workers of 8 for evacuation
[21.079s][info][gc,phases    ] GC(53)   Pre Evacuate Collection Set: 0.0ms
[21.079s][info][gc,phases    ] GC(53)   Evacuate Collection Set: 0.2ms
[21.079s][info][gc,phases    ] GC(53)   Post Evacuate Collection Set: 0.2ms
[21.079s][info][gc,phases    ] GC(53)   Other: 0.1ms
[21.079s][info][gc,heap      ] GC(53) Eden regions: 255->0(255)
[21.079s][info][gc,heap      ] GC(53) Survivor regions: 1->1(32)
[21.079s][info][gc,heap      ] GC(53) Old regions: 6->6
[21.079s][info][gc,heap      ] GC(53) Humongous regions: 0->0
[21.079s][info][gc,metaspace ] GC(53) Metaspace: 10704K(11264K)->10704K(11264K) NonClass: 9657K(9984K)->9657K(9984K) Class: 1046K(1280K)->1046K(1280K)
[21.079s][info][gc           ] GC(53) Pause Young (Normal) (G1 Evacuation Pause) 4172M->92M(8192M) 0.526ms
[21.079s][info][gc,cpu       ] GC(53) User=0.00s Sys=0.00s Real=0.00s
[21.462s][info][gc,start     ] GC(54) Pause Young (Normal) (G1 Evacuation Pause)
[21.462s][info][gc,task      ] GC(54) Using 8 workers of 8 for evacuation
[21.463s][info][gc,phases    ] GC(54)   Pre Evacuate Collection Set: 0.0ms
[21.463s][info][gc,phases    ] GC(54)   Evacuate Collection Set: 0.1ms
[21.463s][info][gc,phases    ] GC(54)   Post Evacuate Collection Set: 0.2ms
[21.463s][info][gc,phases    ] GC(54)   Other: 0.1ms
[21.463s][info][gc,heap      ] GC(54) Eden regions: 255->0(255)
[21.463s][info][gc,heap      ] GC(54) Survivor regions: 1->1(32)
[21.463s][info][gc,heap      ] GC(54) Old regions: 6->6
[21.463s][info][gc,heap      ] GC(54) Humongous regions: 0->0
[21.463s][info][gc,metaspace ] GC(54) Metaspace: 10704K(11264K)->10704K(11264K) NonClass: 9657K(9984K)->9657K(9984K) Class: 1046K(1280K)->1046K(1280K)
[21.463s][info][gc           ] GC(54) Pause Young (Normal) (G1 Evacuation Pause) 4172M->92M(8192M) 0.481ms
[21.463s][info][gc,cpu       ] GC(54) User=0.00s Sys=0.00s Real=0.00s
[21.842s][info][gc,start     ] GC(55) Pause Young (Normal) (G1 Evacuation Pause)
[21.842s][info][gc,task      ] GC(55) Using 8 workers of 8 for evacuation
[21.843s][info][gc,phases    ] GC(55)   Pre Evacuate Collection Set: 0.0ms
[21.843s][info][gc,phases    ] GC(55)   Evacuate Collection Set: 0.1ms
[21.843s][info][gc,phases    ] GC(55)   Post Evacuate Collection Set: 0.2ms
[21.843s][info][gc,phases    ] GC(55)   Other: 0.1ms
[21.843s][info][gc,heap      ] GC(55) Eden regions: 255->0(255)
[21.843s][info][gc,heap      ] GC(55) Survivor regions: 1->1(32)
[21.843s][info][gc,heap      ] GC(55) Old regions: 6->6
[21.843s][info][gc,heap      ] GC(55) Humongous regions: 0->0
[21.843s][info][gc,metaspace ] GC(55) Metaspace: 10704K(11264K)->10704K(11264K) NonClass: 9657K(9984K)->9657K(9984K) Class: 1046K(1280K)->1046K(1280K)
[21.843s][info][gc           ] GC(55) Pause Young (Normal) (G1 Evacuation Pause) 4172M->92M(8192M) 0.482ms
[21.843s][info][gc,cpu       ] GC(55) User=0.01s Sys=0.00s Real=0.00s
[22.019s][info][gc,heap,exit ] Heap
[22.019s][info][gc,heap,exit ]  garbage-first heap   total 8388608K, used 2011913K [0x00000005c0000000, 0x00000007c0000000)
[22.019s][info][gc,heap,exit ]   region size 16384K, 119 young (1949696K), 1 survivors (16384K)
[22.019s][info][gc,heap,exit ]  Metaspace       used 10754K, capacity 11066K, committed 11264K, reserved 1058816K
[22.019s][info][gc,heap,exit ]   class space    used 1053K, capacity 1171K, committed 1280K, reserved 1048576K
