[0.007s][info][gc,heap] Heap region size: 16M
[0.592s][info][gc     ] Using G1
[0.592s][info][gc,heap,coops] Heap address: 0x00000005c0000000, size: 8192 MB, Compressed Oops mode: Zero based, Oop shift amount: 3
[1.977s][info][gc,start     ] GC(0) Pause Young (Normal) (G1 Evacuation Pause)
[1.977s][info][gc,task      ] GC(0) Using 8 workers of 8 for evacuation
[2.012s][info][gc,mmu       ] GC(0) MMU target violated: 11.0ms (10.0ms/11.0ms)
[2.012s][info][gc,phases    ] GC(0)   Pre Evacuate Collection Set: 0.1ms
[2.012s][info][gc,phases    ] GC(0)   Evacuate Collection Set: 34.4ms
[2.012s][info][gc,phases    ] GC(0)   Post Evacuate Collection Set: 0.3ms
[2.012s][info][gc,phases    ] GC(0)   Other: 0.2ms
[2.012s][info][gc,heap      ] GC(0) Eden regions: 204->0(198)
[2.012s][info][gc,heap      ] GC(0) Survivor regions: 0->6(26)
[2.012s][info][gc,heap      ] GC(0) Old regions: 0->0
[2.012s][info][gc,heap      ] GC(0) Humongous regions: 0->0
[2.012s][info][gc,metaspace ] GC(0) Metaspace: 14447K(14976K)->14447K(14976K) NonClass: 13219K(13568K)->13219K(13568K) Class: 1228K(1408K)->1228K(1408K)
[2.012s][info][gc           ] GC(0) Pause Young (Normal) (G1 Evacuation Pause) 3264M->87M(8192M) 35.004ms
[2.012s][info][gc,cpu       ] GC(0) User=0.10s Sys=0.08s Real=0.03s
[2.405s][info][gc,start     ] GC(1) Pause Young (Normal) (G1 Evacuation Pause)
[2.405s][info][gc,task      ] GC(1) Using 8 workers of 8 for evacuation
[2.422s][info][gc,mmu       ] GC(1) MMU target violated: 11.0ms (10.0ms/11.0ms)
[2.422s][info][gc,phases    ] GC(1)   Pre Evacuate Collection Set: 0.0ms
[2.422s][info][gc,phases    ] GC(1)   Evacuate Collection Set: 16.1ms
[2.422s][info][gc,phases    ] GC(1)   Post Evacuate Collection Set: 0.4ms
[2.422s][info][gc,phases    ] GC(1)   Other: 0.2ms
[2.422s][info][gc,heap      ] GC(1) Eden regions: 198->0(198)
[2.422s][info][gc,heap      ] GC(1) Survivor regions: 6->6(26)
[2.422s][info][gc,heap      ] GC(1) Old regions: 0->0
[2.422s][info][gc,heap      ] GC(1) Humongous regions: 0->0
[2.422s][info][gc,metaspace ] GC(1) Metaspace: 14449K(14976K)->14449K(14976K) NonClass: 13221K(13568K)->13221K(13568K) Class: 1228K(1408K)->1228K(1408K)
[2.422s][info][gc           ] GC(1) Pause Young (Normal) (G1 Evacuation Pause) 3255M->96M(8192M) 16.747ms
[2.422s][info][gc,cpu       ] GC(1) User=0.13s Sys=0.00s Real=0.02s
[2.752s][info][gc,start     ] GC(2) Pause Young (Normal) (G1 Evacuation Pause)
[2.753s][info][gc,task      ] GC(2) Using 8 workers of 8 for evacuation
[2.768s][info][gc,mmu       ] GC(2) MMU target violated: 11.0ms (10.0ms/11.0ms)
[2.768s][info][gc,phases    ] GC(2)   Pre Evacuate Collection Set: 0.0ms
[2.768s][info][gc,phases    ] GC(2)   Evacuate Collection Set: 15.5ms
[2.768s][info][gc,phases    ] GC(2)   Post Evacuate Collection Set: 0.3ms
[2.768s][info][gc,phases    ] GC(2)   Other: 0.2ms
[2.768s][info][gc,heap      ] GC(2) Eden regions: 198->0(197)
[2.768s][info][gc,heap      ] GC(2) Survivor regions: 6->7(26)
[2.768s][info][gc,heap      ] GC(2) Old regions: 0->0
[2.768s][info][gc,heap      ] GC(2) Humongous regions: 0->0
[2.768s][info][gc,metaspace ] GC(2) Metaspace: 14449K(14976K)->14449K(14976K) NonClass: 13221K(13568K)->13221K(13568K) Class: 1228K(1408K)->1228K(1408K)
[2.768s][info][gc           ] GC(2) Pause Young (Normal) (G1 Evacuation Pause) 3264M->98M(8192M) 15.990ms
[2.768s][info][gc,cpu       ] GC(2) User=0.11s Sys=0.00s Real=0.02s
[3.099s][info][gc,start     ] GC(3) Pause Young (Normal) (G1 Evacuation Pause)
[3.099s][info][gc,task      ] GC(3) Using 8 workers of 8 for evacuation
[3.118s][info][gc,mmu       ] GC(3) MMU target violated: 11.0ms (10.0ms/11.0ms)
[3.118s][info][gc,phases    ] GC(3)   Pre Evacuate Collection Set: 0.0ms
[3.118s][info][gc,phases    ] GC(3)   Evacuate Collection Set: 18.4ms
[3.118s][info][gc,phases    ] GC(3)   Post Evacuate Collection Set: 0.3ms
[3.118s][info][gc,phases    ] GC(3)   Other: 0.2ms
[3.118s][info][gc,heap      ] GC(3) Eden regions: 197->0(198)
[3.118s][info][gc,heap      ] GC(3) Survivor regions: 7->6(26)
[3.118s][info][gc,heap      ] GC(3) Old regions: 0->0
[3.118s][info][gc,heap      ] GC(3) Humongous regions: 0->0
[3.118s][info][gc,metaspace ] GC(3) Metaspace: 14449K(14976K)->14449K(14976K) NonClass: 13221K(13568K)->13221K(13568K) Class: 1228K(1408K)->1228K(1408K)
[3.118s][info][gc           ] GC(3) Pause Young (Normal) (G1 Evacuation Pause) 3250M->96M(8192M) 18.993ms
[3.118s][info][gc,cpu       ] GC(3) User=0.14s Sys=0.00s Real=0.02s
[3.450s][info][gc,start     ] GC(4) Pause Young (Normal) (G1 Evacuation Pause)
[3.450s][info][gc,task      ] GC(4) Using 8 workers of 8 for evacuation
[3.467s][info][gc,mmu       ] GC(4) MMU target violated: 11.0ms (10.0ms/11.0ms)
[3.467s][info][gc,phases    ] GC(4)   Pre Evacuate Collection Set: 0.0ms
[3.467s][info][gc,phases    ] GC(4)   Evacuate Collection Set: 16.8ms
[3.467s][info][gc,phases    ] GC(4)   Post Evacuate Collection Set: 0.3ms
[3.467s][info][gc,phases    ] GC(4)   Other: 0.2ms
[3.467s][info][gc,heap      ] GC(4) Eden regions: 198->0(198)
[3.467s][info][gc,heap      ] GC(4) Survivor regions: 6->6(26)
[3.467s][info][gc,heap      ] GC(4) Old regions: 0->0
[3.467s][info][gc,heap      ] GC(4) Humongous regions: 0->0
[3.467s][info][gc,metaspace ] GC(4) Metaspace: 14449K(14976K)->14449K(14976K) NonClass: 13221K(13568K)->13221K(13568K) Class: 1228K(1408K)->1228K(1408K)
[3.467s][info][gc           ] GC(4) Pause Young (Normal) (G1 Evacuation Pause) 3264M->95M(8192M) 17.311ms
[3.467s][info][gc,cpu       ] GC(4) User=0.13s Sys=0.00s Real=0.02s
[3.796s][info][gc,start     ] GC(5) Pause Young (Normal) (G1 Evacuation Pause)
[3.796s][info][gc,task      ] GC(5) Using 8 workers of 8 for evacuation
[3.812s][info][gc,mmu       ] GC(5) MMU target violated: 11.0ms (10.0ms/11.0ms)
[3.812s][info][gc,phases    ] GC(5)   Pre Evacuate Collection Set: 0.0ms
[3.812s][info][gc,phases    ] GC(5)   Evacuate Collection Set: 15.6ms
[3.812s][info][gc,phases    ] GC(5)   Post Evacuate Collection Set: 0.3ms
[3.812s][info][gc,phases    ] GC(5)   Other: 0.1ms
[3.812s][info][gc,heap      ] GC(5) Eden regions: 198->0(198)
[3.812s][info][gc,heap      ] GC(5) Survivor regions: 6->6(26)
[3.812s][info][gc,heap      ] GC(5) Old regions: 0->0
[3.812s][info][gc,heap      ] GC(5) Humongous regions: 0->0
[3.812s][info][gc,metaspace ] GC(5) Metaspace: 14449K(14976K)->14449K(14976K) NonClass: 13221K(13568K)->13221K(13568K) Class: 1228K(1408K)->1228K(1408K)
[3.812s][info][gc           ] GC(5) Pause Young (Normal) (G1 Evacuation Pause) 3263M->96M(8192M) 16.055ms
[3.812s][info][gc,cpu       ] GC(5) User=0.11s Sys=0.00s Real=0.01s
[4.207s][info][gc,start     ] GC(6) Pause Young (Normal) (G1 Evacuation Pause)
[4.207s][info][gc,task      ] GC(6) Using 8 workers of 8 for evacuation
[4.223s][info][gc,mmu       ] GC(6) MMU target violated: 11.0ms (10.0ms/11.0ms)
[4.224s][info][gc,phases    ] GC(6)   Pre Evacuate Collection Set: 0.0ms
[4.224s][info][gc,phases    ] GC(6)   Evacuate Collection Set: 15.8ms
[4.224s][info][gc,phases    ] GC(6)   Post Evacuate Collection Set: 0.4ms
[4.224s][info][gc,phases    ] GC(6)   Other: 0.1ms
[4.224s][info][gc,heap      ] GC(6) Eden regions: 198->0(198)
[4.224s][info][gc,heap      ] GC(6) Survivor regions: 6->6(26)
[4.224s][info][gc,heap      ] GC(6) Old regions: 0->0
[4.224s][info][gc,heap      ] GC(6) Humongous regions: 0->0
[4.224s][info][gc,metaspace ] GC(6) Metaspace: 14605K(15232K)->14605K(15232K) NonClass: 13361K(13824K)->13361K(13824K) Class: 1243K(1408K)->1243K(1408K)
[4.224s][info][gc           ] GC(6) Pause Young (Normal) (G1 Evacuation Pause) 3264M->95M(8192M) 16.381ms
[4.224s][info][gc,cpu       ] GC(6) User=0.12s Sys=0.00s Real=0.01s
[4.599s][info][gc,start     ] GC(7) Pause Young (Normal) (G1 Evacuation Pause)
[4.599s][info][gc,task      ] GC(7) Using 8 workers of 8 for evacuation
[4.615s][info][gc,mmu       ] GC(7) MMU target violated: 11.0ms (10.0ms/11.0ms)
[4.615s][info][gc,phases    ] GC(7)   Pre Evacuate Collection Set: 0.0ms
[4.616s][info][gc,phases    ] GC(7)   Evacuate Collection Set: 16.3ms
[4.616s][info][gc,phases    ] GC(7)   Post Evacuate Collection Set: 0.4ms
[4.616s][info][gc,phases    ] GC(7)   Other: 0.2ms
[4.616s][info][gc,heap      ] GC(7) Eden regions: 198->0(198)
[4.616s][info][gc,heap      ] GC(7) Survivor regions: 6->6(26)
[4.616s][info][gc,heap      ] GC(7) Old regions: 0->0
[4.616s][info][gc,heap      ] GC(7) Humongous regions: 0->0
[4.616s][info][gc,metaspace ] GC(7) Metaspace: 14605K(15232K)->14605K(15232K) NonClass: 13361K(13824K)->13361K(13824K) Class: 1243K(1408K)->1243K(1408K)
[4.616s][info][gc           ] GC(7) Pause Young (Normal) (G1 Evacuation Pause) 3263M->96M(8192M) 16.991ms
[4.616s][info][gc,cpu       ] GC(7) User=0.13s Sys=0.00s Real=0.01s
[4.993s][info][gc,start     ] GC(8) Pause Young (Normal) (G1 Evacuation Pause)
[4.993s][info][gc,task      ] GC(8) Using 8 workers of 8 for evacuation
[5.010s][info][gc,mmu       ] GC(8) MMU target violated: 11.0ms (10.0ms/11.0ms)
[5.010s][info][gc,phases    ] GC(8)   Pre Evacuate Collection Set: 0.0ms
[5.011s][info][gc,phases    ] GC(8)   Evacuate Collection Set: 17.0ms
[5.011s][info][gc,phases    ] GC(8)   Post Evacuate Collection Set: 0.3ms
[5.011s][info][gc,phases    ] GC(8)   Other: 0.1ms
[5.011s][info][gc,heap      ] GC(8) Eden regions: 198->0(198)
[5.011s][info][gc,heap      ] GC(8) Survivor regions: 6->6(26)
[5.011s][info][gc,heap      ] GC(8) Old regions: 0->0
[5.011s][info][gc,heap      ] GC(8) Humongous regions: 0->0
[5.011s][info][gc,metaspace ] GC(8) Metaspace: 14605K(15232K)->14605K(15232K) NonClass: 13361K(13824K)->13361K(13824K) Class: 1243K(1408K)->1243K(1408K)
[5.011s][info][gc           ] GC(8) Pause Young (Normal) (G1 Evacuation Pause) 3264M->93M(8192M) 17.481ms
[5.011s][info][gc,cpu       ] GC(8) User=0.13s Sys=0.00s Real=0.02s
[5.384s][info][gc,start     ] GC(9) Pause Young (Normal) (G1 Evacuation Pause)
[5.385s][info][gc,task      ] GC(9) Using 8 workers of 8 for evacuation
[5.402s][info][gc,mmu       ] GC(9) MMU target violated: 11.0ms (10.0ms/11.0ms)
[5.402s][info][gc,phases    ] GC(9)   Pre Evacuate Collection Set: 0.0ms
[5.402s][info][gc,phases    ] GC(9)   Evacuate Collection Set: 17.1ms
[5.402s][info][gc,phases    ] GC(9)   Post Evacuate Collection Set: 0.5ms
[5.402s][info][gc,phases    ] GC(9)   Other: 0.2ms
[5.402s][info][gc,heap      ] GC(9) Eden regions: 198->0(198)
[5.402s][info][gc,heap      ] GC(9) Survivor regions: 6->6(26)
[5.402s][info][gc,heap      ] GC(9) Old regions: 0->0
[5.402s][info][gc,heap      ] GC(9) Humongous regions: 0->0
[5.402s][info][gc,metaspace ] GC(9) Metaspace: 14605K(15232K)->14605K(15232K) NonClass: 13361K(13824K)->13361K(13824K) Class: 1243K(1408K)->1243K(1408K)
[5.402s][info][gc           ] GC(9) Pause Young (Normal) (G1 Evacuation Pause) 3261M->96M(8192M) 17.880ms
[5.402s][info][gc,cpu       ] GC(9) User=0.13s Sys=0.00s Real=0.02s
[5.776s][info][gc,start     ] GC(10) Pause Young (Normal) (G1 Evacuation Pause)
[5.776s][info][gc,task      ] GC(10) Using 8 workers of 8 for evacuation
[5.795s][info][gc,mmu       ] GC(10) MMU target violated: 11.0ms (10.0ms/11.0ms)
[5.795s][info][gc,phases    ] GC(10)   Pre Evacuate Collection Set: 0.0ms
[5.795s][info][gc,phases    ] GC(10)   Evacuate Collection Set: 18.5ms
[5.795s][info][gc,phases    ] GC(10)   Post Evacuate Collection Set: 0.4ms
[5.795s][info][gc,phases    ] GC(10)   Other: 0.1ms
[5.795s][info][gc,heap      ] GC(10) Eden regions: 198->0(198)
[5.795s][info][gc,heap      ] GC(10) Survivor regions: 6->6(26)
[5.795s][info][gc,heap      ] GC(10) Old regions: 0->0
[5.795s][info][gc,heap      ] GC(10) Humongous regions: 0->0
[5.795s][info][gc,metaspace ] GC(10) Metaspace: 14605K(15232K)->14605K(15232K) NonClass: 13361K(13824K)->13361K(13824K) Class: 1243K(1408K)->1243K(1408K)
[5.795s][info][gc           ] GC(10) Pause Young (Normal) (G1 Evacuation Pause) 3264M->95M(8192M) 19.099ms
[5.795s][info][gc,cpu       ] GC(10) User=0.14s Sys=0.00s Real=0.01s
[6.172s][info][gc,start     ] GC(11) Pause Young (Normal) (G1 Evacuation Pause)
[6.172s][info][gc,task      ] GC(11) Using 8 workers of 8 for evacuation
[6.189s][info][gc,mmu       ] GC(11) MMU target violated: 11.0ms (10.0ms/11.0ms)
[6.189s][info][gc,phases    ] GC(11)   Pre Evacuate Collection Set: 0.0ms
[6.189s][info][gc,phases    ] GC(11)   Evacuate Collection Set: 16.5ms
[6.189s][info][gc,phases    ] GC(11)   Post Evacuate Collection Set: 0.4ms
[6.189s][info][gc,phases    ] GC(11)   Other: 0.1ms
[6.189s][info][gc,heap      ] GC(11) Eden regions: 198->0(198)
[6.189s][info][gc,heap      ] GC(11) Survivor regions: 6->6(26)
[6.189s][info][gc,heap      ] GC(11) Old regions: 0->0
[6.189s][info][gc,heap      ] GC(11) Humongous regions: 0->0
[6.189s][info][gc,metaspace ] GC(11) Metaspace: 14605K(15232K)->14605K(15232K) NonClass: 13361K(13824K)->13361K(13824K) Class: 1243K(1408K)->1243K(1408K)
[6.189s][info][gc           ] GC(11) Pause Young (Normal) (G1 Evacuation Pause) 3263M->96M(8192M) 17.078ms
[6.189s][info][gc,cpu       ] GC(11) User=0.13s Sys=0.00s Real=0.02s
[6.563s][info][gc,start     ] GC(12) Pause Young (Normal) (G1 Evacuation Pause)
[6.563s][info][gc,task      ] GC(12) Using 8 workers of 8 for evacuation
[6.583s][info][gc,mmu       ] GC(12) MMU target violated: 11.0ms (10.0ms/11.0ms)
[6.583s][info][gc,phases    ] GC(12)   Pre Evacuate Collection Set: 0.0ms
[6.583s][info][gc,phases    ] GC(12)   Evacuate Collection Set: 19.8ms
[6.583s][info][gc,phases    ] GC(12)   Post Evacuate Collection Set: 0.3ms
[6.583s][info][gc,phases    ] GC(12)   Other: 0.1ms
[6.583s][info][gc,heap      ] GC(12) Eden regions: 198->0(198)
[6.583s][info][gc,heap      ] GC(12) Survivor regions: 6->6(26)
[6.583s][info][gc,heap      ] GC(12) Old regions: 0->0
[6.583s][info][gc,heap      ] GC(12) Humongous regions: 0->0
[6.583s][info][gc,metaspace ] GC(12) Metaspace: 14605K(15232K)->14605K(15232K) NonClass: 13361K(13824K)->13361K(13824K) Class: 1243K(1408K)->1243K(1408K)
[6.583s][info][gc           ] GC(12) Pause Young (Normal) (G1 Evacuation Pause) 3264M->96M(8192M) 20.293ms
[6.583s][info][gc,cpu       ] GC(12) User=0.15s Sys=0.00s Real=0.02s
[6.961s][info][gc,start     ] GC(13) Pause Young (Normal) (G1 Evacuation Pause)
[6.961s][info][gc,task      ] GC(13) Using 8 workers of 8 for evacuation
[6.978s][info][gc,mmu       ] GC(13) MMU target violated: 11.0ms (10.0ms/11.0ms)
[6.978s][info][gc,phases    ] GC(13)   Pre Evacuate Collection Set: 0.0ms
[6.978s][info][gc,phases    ] GC(13)   Evacuate Collection Set: 16.4ms
[6.978s][info][gc,phases    ] GC(13)   Post Evacuate Collection Set: 0.4ms
[6.978s][info][gc,phases    ] GC(13)   Other: 0.1ms
[6.978s][info][gc,heap      ] GC(13) Eden regions: 198->0(198)
[6.978s][info][gc,heap      ] GC(13) Survivor regions: 6->6(26)
[6.978s][info][gc,heap      ] GC(13) Old regions: 0->0
[6.978s][info][gc,heap      ] GC(13) Humongous regions: 0->0
[6.978s][info][gc,metaspace ] GC(13) Metaspace: 14620K(15232K)->14620K(15232K) NonClass: 13377K(13824K)->13377K(13824K) Class: 1243K(1408K)->1243K(1408K)
[6.978s][info][gc           ] GC(13) Pause Young (Normal) (G1 Evacuation Pause) 3264M->93M(8192M) 16.986ms
[6.978s][info][gc,cpu       ] GC(13) User=0.13s Sys=0.00s Real=0.02s
[7.320s][info][gc,start     ] GC(14) Pause Young (Normal) (G1 Evacuation Pause)
[7.320s][info][gc,task      ] GC(14) Using 8 workers of 8 for evacuation
[7.337s][info][gc,mmu       ] GC(14) MMU target violated: 11.0ms (10.0ms/11.0ms)
[7.337s][info][gc,phases    ] GC(14)   Pre Evacuate Collection Set: 0.0ms
[7.337s][info][gc,phases    ] GC(14)   Evacuate Collection Set: 15.9ms
[7.337s][info][gc,phases    ] GC(14)   Post Evacuate Collection Set: 0.4ms
[7.337s][info][gc,phases    ] GC(14)   Other: 0.1ms
[7.337s][info][gc,heap      ] GC(14) Eden regions: 198->0(198)
[7.337s][info][gc,heap      ] GC(14) Survivor regions: 6->6(26)
[7.337s][info][gc,heap      ] GC(14) Old regions: 0->0
[7.337s][info][gc,heap      ] GC(14) Humongous regions: 0->0
[7.337s][info][gc,metaspace ] GC(14) Metaspace: 14620K(15232K)->14620K(15232K) NonClass: 13377K(13824K)->13377K(13824K) Class: 1243K(1408K)->1243K(1408K)
[7.337s][info][gc           ] GC(14) Pause Young (Normal) (G1 Evacuation Pause) 3261M->95M(8192M) 16.410ms
[7.337s][info][gc,cpu       ] GC(14) User=0.12s Sys=0.01s Real=0.02s
[7.673s][info][gc,start     ] GC(15) Pause Young (Normal) (G1 Evacuation Pause)
[7.673s][info][gc,task      ] GC(15) Using 8 workers of 8 for evacuation
[7.696s][info][gc,mmu       ] GC(15) MMU target violated: 11.0ms (10.0ms/11.0ms)
[7.696s][info][gc,phases    ] GC(15)   Pre Evacuate Collection Set: 0.0ms
[7.696s][info][gc,phases    ] GC(15)   Evacuate Collection Set: 22.3ms
[7.696s][info][gc,phases    ] GC(15)   Post Evacuate Collection Set: 0.3ms
[7.696s][info][gc,phases    ] GC(15)   Other: 0.2ms
[7.696s][info][gc,heap      ] GC(15) Eden regions: 198->0(203)
[7.696s][info][gc,heap      ] GC(15) Survivor regions: 6->1(26)
[7.696s][info][gc,heap      ] GC(15) Old regions: 0->6
[7.696s][info][gc,heap      ] GC(15) Humongous regions: 0->0
[7.696s][info][gc,metaspace ] GC(15) Metaspace: 14620K(15232K)->14620K(15232K) NonClass: 13377K(13824K)->13377K(13824K) Class: 1243K(1408K)->1243K(1408K)
[7.696s][info][gc           ] GC(15) Pause Young (Normal) (G1 Evacuation Pause) 3263M->106M(8192M) 22.784ms
[7.696s][info][gc,cpu       ] GC(15) User=0.14s Sys=0.01s Real=0.02s
[8.040s][info][gc,start     ] GC(16) Pause Young (Normal) (G1 Evacuation Pause)
[8.040s][info][gc,task      ] GC(16) Using 8 workers of 8 for evacuation
[8.040s][info][gc,phases    ] GC(16)   Pre Evacuate Collection Set: 0.0ms
[8.040s][info][gc,phases    ] GC(16)   Evacuate Collection Set: 0.2ms
[8.040s][info][gc,phases    ] GC(16)   Post Evacuate Collection Set: 0.2ms
[8.040s][info][gc,phases    ] GC(16)   Other: 0.1ms
[8.040s][info][gc,heap      ] GC(16) Eden regions: 203->0(203)
[8.040s][info][gc,heap      ] GC(16) Survivor regions: 1->1(26)
[8.040s][info][gc,heap      ] GC(16) Old regions: 6->6
[8.040s][info][gc,heap      ] GC(16) Humongous regions: 0->0
[8.040s][info][gc,metaspace ] GC(16) Metaspace: 14620K(15232K)->14620K(15232K) NonClass: 13377K(13824K)->13377K(13824K) Class: 1243K(1408K)->1243K(1408K)
[8.040s][info][gc           ] GC(16) Pause Young (Normal) (G1 Evacuation Pause) 3354M->93M(8192M) 0.540ms
[8.040s][info][gc,cpu       ] GC(16) User=0.00s Sys=0.00s Real=0.00s
[8.383s][info][gc,start     ] GC(17) Pause Young (Normal) (G1 Evacuation Pause)
[8.383s][info][gc,task      ] GC(17) Using 8 workers of 8 for evacuation
[8.383s][info][gc,phases    ] GC(17)   Pre Evacuate Collection Set: 0.0ms
[8.383s][info][gc,phases    ] GC(17)   Evacuate Collection Set: 0.3ms
[8.383s][info][gc,phases    ] GC(17)   Post Evacuate Collection Set: 0.2ms
[8.383s][info][gc,phases    ] GC(17)   Other: 0.1ms
[8.383s][info][gc,heap      ] GC(17) Eden regions: 203->0(203)
[8.383s][info][gc,heap      ] GC(17) Survivor regions: 1->1(26)
[8.383s][info][gc,heap      ] GC(17) Old regions: 6->6
[8.383s][info][gc,heap      ] GC(17) Humongous regions: 0->0
[8.383s][info][gc,metaspace ] GC(17) Metaspace: 14620K(15232K)->14620K(15232K) NonClass: 13377K(13824K)->13377K(13824K) Class: 1243K(1408K)->1243K(1408K)
[8.383s][info][gc           ] GC(17) Pause Young (Normal) (G1 Evacuation Pause) 3341M->91M(8192M) 0.657ms
[8.383s][info][gc,cpu       ] GC(17) User=0.00s Sys=0.00s Real=0.00s
[8.726s][info][gc,start     ] GC(18) Pause Young (Normal) (G1 Evacuation Pause)
[8.727s][info][gc,task      ] GC(18) Using 8 workers of 8 for evacuation
[8.728s][info][gc,phases    ] GC(18)   Pre Evacuate Collection Set: 0.0ms
[8.728s][info][gc,phases    ] GC(18)   Evacuate Collection Set: 0.2ms
[8.728s][info][gc,phases    ] GC(18)   Post Evacuate Collection Set: 0.2ms
[8.728s][info][gc,phases    ] GC(18)   Other: 1.4ms
[8.728s][info][gc,heap      ] GC(18) Eden regions: 203->0(203)
[8.728s][info][gc,heap      ] GC(18) Survivor regions: 1->1(26)
[8.728s][info][gc,heap      ] GC(18) Old regions: 6->6
[8.728s][info][gc,heap      ] GC(18) Humongous regions: 0->0
[8.728s][info][gc,metaspace ] GC(18) Metaspace: 14620K(15232K)->14620K(15232K) NonClass: 13377K(13824K)->13377K(13824K) Class: 1243K(1408K)->1243K(1408K)
[8.728s][info][gc           ] GC(18) Pause Young (Normal) (G1 Evacuation Pause) 3339M->90M(8192M) 1.911ms
[8.728s][info][gc,cpu       ] GC(18) User=0.01s Sys=0.00s Real=0.00s
[9.070s][info][gc,start     ] GC(19) Pause Young (Normal) (G1 Evacuation Pause)
[9.070s][info][gc,task      ] GC(19) Using 8 workers of 8 for evacuation
[9.071s][info][gc,phases    ] GC(19)   Pre Evacuate Collection Set: 0.0ms
[9.071s][info][gc,phases    ] GC(19)   Evacuate Collection Set: 0.2ms
[9.071s][info][gc,phases    ] GC(19)   Post Evacuate Collection Set: 0.2ms
[9.071s][info][gc,phases    ] GC(19)   Other: 0.1ms
[9.071s][info][gc,heap      ] GC(19) Eden regions: 203->0(205)
[9.071s][info][gc,heap      ] GC(19) Survivor regions: 1->1(26)
[9.071s][info][gc,heap      ] GC(19) Old regions: 6->6
[9.071s][info][gc,heap      ] GC(19) Humongous regions: 0->0
[9.071s][info][gc,metaspace ] GC(19) Metaspace: 14620K(15232K)->14620K(15232K) NonClass: 13377K(13824K)->13377K(13824K) Class: 1243K(1408K)->1243K(1408K)
[9.071s][info][gc           ] GC(19) Pause Young (Normal) (G1 Evacuation Pause) 3338M->90M(8192M) 0.516ms
[9.071s][info][gc,cpu       ] GC(19) User=0.00s Sys=0.00s Real=0.00s
[9.416s][info][gc,start     ] GC(20) Pause Young (Normal) (G1 Evacuation Pause)
[9.416s][info][gc,task      ] GC(20) Using 8 workers of 8 for evacuation
[9.417s][info][gc,phases    ] GC(20)   Pre Evacuate Collection Set: 0.0ms
[9.417s][info][gc,phases    ] GC(20)   Evacuate Collection Set: 0.3ms
[9.417s][info][gc,phases    ] GC(20)   Post Evacuate Collection Set: 0.2ms
[9.417s][info][gc,phases    ] GC(20)   Other: 0.2ms
[9.417s][info][gc,heap      ] GC(20) Eden regions: 205->0(234)
[9.417s][info][gc,heap      ] GC(20) Survivor regions: 1->1(26)
[9.417s][info][gc,heap      ] GC(20) Old regions: 6->6
[9.417s][info][gc,heap      ] GC(20) Humongous regions: 0->0
[9.417s][info][gc,metaspace ] GC(20) Metaspace: 14620K(15232K)->14620K(15232K) NonClass: 13377K(13824K)->13377K(13824K) Class: 1243K(1408K)->1243K(1408K)
[9.417s][info][gc           ] GC(20) Pause Young (Normal) (G1 Evacuation Pause) 3370M->90M(8192M) 0.692ms
[9.417s][info][gc,cpu       ] GC(20) User=0.00s Sys=0.00s Real=0.00s
[9.932s][info][gc,start     ] GC(21) Pause Young (Normal) (G1 Evacuation Pause)
[9.932s][info][gc,task      ] GC(21) Using 8 workers of 8 for evacuation
[9.933s][info][gc,phases    ] GC(21)   Pre Evacuate Collection Set: 0.0ms
[9.933s][info][gc,phases    ] GC(21)   Evacuate Collection Set: 0.3ms
[9.933s][info][gc,phases    ] GC(21)   Post Evacuate Collection Set: 0.2ms
[9.933s][info][gc,phases    ] GC(21)   Other: 0.2ms
[9.933s][info][gc,heap      ] GC(21) Eden regions: 234->0(255)
[9.933s][info][gc,heap      ] GC(21) Survivor regions: 1->1(30)
[9.933s][info][gc,heap      ] GC(21) Old regions: 6->6
[9.933s][info][gc,heap      ] GC(21) Humongous regions: 0->0
[9.933s][info][gc,metaspace ] GC(21) Metaspace: 14620K(15232K)->14620K(15232K) NonClass: 13377K(13824K)->13377K(13824K) Class: 1243K(1408K)->1243K(1408K)
[9.933s][info][gc           ] GC(21) Pause Young (Normal) (G1 Evacuation Pause) 3834M->90M(8192M) 0.742ms
[9.933s][info][gc,cpu       ] GC(21) User=0.00s Sys=0.00s Real=0.00s
[10.455s][info][gc,start     ] GC(22) Pause Young (Normal) (G1 Evacuation Pause)
[10.455s][info][gc,task      ] GC(22) Using 8 workers of 8 for evacuation
[10.456s][info][gc,phases    ] GC(22)   Pre Evacuate Collection Set: 0.0ms
[10.456s][info][gc,phases    ] GC(22)   Evacuate Collection Set: 0.2ms
[10.456s][info][gc,phases    ] GC(22)   Post Evacuate Collection Set: 0.2ms
[10.456s][info][gc,phases    ] GC(22)   Other: 0.1ms
[10.456s][info][gc,heap      ] GC(22) Eden regions: 255->0(255)
[10.456s][info][gc,heap      ] GC(22) Survivor regions: 1->1(32)
[10.456s][info][gc,heap      ] GC(22) Old regions: 6->6
[10.456s][info][gc,heap      ] GC(22) Humongous regions: 0->0
[10.456s][info][gc,metaspace ] GC(22) Metaspace: 14622K(15232K)->14622K(15232K) NonClass: 13379K(13824K)->13379K(13824K) Class: 1243K(1408K)->1243K(1408K)
[10.456s][info][gc           ] GC(22) Pause Young (Normal) (G1 Evacuation Pause) 4170M->90M(8192M) 0.572ms
[10.456s][info][gc,cpu       ] GC(22) User=0.00s Sys=0.00s Real=0.00s
[10.892s][info][gc,start     ] GC(23) Pause Young (Normal) (G1 Evacuation Pause)
[10.892s][info][gc,task      ] GC(23) Using 8 workers of 8 for evacuation
[10.892s][info][gc,phases    ] GC(23)   Pre Evacuate Collection Set: 0.0ms
[10.892s][info][gc,phases    ] GC(23)   Evacuate Collection Set: 0.1ms
[10.892s][info][gc,phases    ] GC(23)   Post Evacuate Collection Set: 0.2ms
[10.892s][info][gc,phases    ] GC(23)   Other: 0.1ms
[10.892s][info][gc,heap      ] GC(23) Eden regions: 255->0(255)
[10.892s][info][gc,heap      ] GC(23) Survivor regions: 1->1(32)
[10.892s][info][gc,heap      ] GC(23) Old regions: 6->6
[10.892s][info][gc,heap      ] GC(23) Humongous regions: 0->0
[10.892s][info][gc,metaspace ] GC(23) Metaspace: 14622K(15232K)->14622K(15232K) NonClass: 13379K(13824K)->13379K(13824K) Class: 1243K(1408K)->1243K(1408K)
[10.892s][info][gc           ] GC(23) Pause Young (Normal) (G1 Evacuation Pause) 4170M->90M(8192M) 0.527ms
[10.892s][info][gc,cpu       ] GC(23) User=0.00s Sys=0.00s Real=0.00s
[11.323s][info][gc,start     ] GC(24) Pause Young (Normal) (G1 Evacuation Pause)
[11.323s][info][gc,task      ] GC(24) Using 8 workers of 8 for evacuation
[11.324s][info][gc,phases    ] GC(24)   Pre Evacuate Collection Set: 0.0ms
[11.324s][info][gc,phases    ] GC(24)   Evacuate Collection Set: 0.1ms
[11.324s][info][gc,phases    ] GC(24)   Post Evacuate Collection Set: 0.2ms
[11.324s][info][gc,phases    ] GC(24)   Other: 0.1ms
[11.324s][info][gc,heap      ] GC(24) Eden regions: 255->0(255)
[11.324s][info][gc,heap      ] GC(24) Survivor regions: 1->1(32)
[11.324s][info][gc,heap      ] GC(24) Old regions: 6->6
[11.324s][info][gc,heap      ] GC(24) Humongous regions: 0->0
[11.324s][info][gc,metaspace ] GC(24) Metaspace: 14622K(15232K)->14622K(15232K) NonClass: 13379K(13824K)->13379K(13824K) Class: 1243K(1408K)->1243K(1408K)
[11.324s][info][gc           ] GC(24) Pause Young (Normal) (G1 Evacuation Pause) 4170M->90M(8192M) 0.486ms
[11.324s][info][gc,cpu       ] GC(24) User=0.00s Sys=0.00s Real=0.00s
[11.754s][info][gc,start     ] GC(25) Pause Young (Normal) (G1 Evacuation Pause)
[11.754s][info][gc,task      ] GC(25) Using 8 workers of 8 for evacuation
[11.755s][info][gc,phases    ] GC(25)   Pre Evacuate Collection Set: 0.0ms
[11.755s][info][gc,phases    ] GC(25)   Evacuate Collection Set: 0.1ms
[11.755s][info][gc,phases    ] GC(25)   Post Evacuate Collection Set: 0.2ms
[11.755s][info][gc,phases    ] GC(25)   Other: 0.1ms
[11.755s][info][gc,heap      ] GC(25) Eden regions: 255->0(255)
[11.755s][info][gc,heap      ] GC(25) Survivor regions: 1->1(32)
[11.755s][info][gc,heap      ] GC(25) Old regions: 6->6
[11.755s][info][gc,heap      ] GC(25) Humongous regions: 0->0
[11.755s][info][gc,metaspace ] GC(25) Metaspace: 14622K(15232K)->14622K(15232K) NonClass: 13379K(13824K)->13379K(13824K) Class: 1243K(1408K)->1243K(1408K)
[11.755s][info][gc           ] GC(25) Pause Young (Normal) (G1 Evacuation Pause) 4170M->90M(8192M) 0.512ms
[11.755s][info][gc,cpu       ] GC(25) User=0.00s Sys=0.00s Real=0.00s
[12.185s][info][gc,start     ] GC(26) Pause Young (Normal) (G1 Evacuation Pause)
[12.185s][info][gc,task      ] GC(26) Using 8 workers of 8 for evacuation
[12.186s][info][gc,phases    ] GC(26)   Pre Evacuate Collection Set: 0.0ms
[12.186s][info][gc,phases    ] GC(26)   Evacuate Collection Set: 0.2ms
[12.186s][info][gc,phases    ] GC(26)   Post Evacuate Collection Set: 0.3ms
[12.186s][info][gc,phases    ] GC(26)   Other: 0.1ms
[12.186s][info][gc,heap      ] GC(26) Eden regions: 255->0(255)
[12.186s][info][gc,heap      ] GC(26) Survivor regions: 1->1(32)
[12.186s][info][gc,heap      ] GC(26) Old regions: 6->6
[12.186s][info][gc,heap      ] GC(26) Humongous regions: 0->0
[12.186s][info][gc,metaspace ] GC(26) Metaspace: 14622K(15232K)->14622K(15232K) NonClass: 13379K(13824K)->13379K(13824K) Class: 1243K(1408K)->1243K(1408K)
[12.186s][info][gc           ] GC(26) Pause Young (Normal) (G1 Evacuation Pause) 4170M->90M(8192M) 0.624ms
[12.186s][info][gc,cpu       ] GC(26) User=0.01s Sys=0.00s Real=0.01s
[12.616s][info][gc,start     ] GC(27) Pause Young (Normal) (G1 Evacuation Pause)
[12.616s][info][gc,task      ] GC(27) Using 8 workers of 8 for evacuation
[12.616s][info][gc,phases    ] GC(27)   Pre Evacuate Collection Set: 0.0ms
[12.616s][info][gc,phases    ] GC(27)   Evacuate Collection Set: 0.1ms
[12.616s][info][gc,phases    ] GC(27)   Post Evacuate Collection Set: 0.2ms
[12.616s][info][gc,phases    ] GC(27)   Other: 0.1ms
[12.616s][info][gc,heap      ] GC(27) Eden regions: 255->0(255)
[12.616s][info][gc,heap      ] GC(27) Survivor regions: 1->1(32)
[12.616s][info][gc,heap      ] GC(27) Old regions: 6->6
[12.616s][info][gc,heap      ] GC(27) Humongous regions: 0->0
[12.616s][info][gc,metaspace ] GC(27) Metaspace: 14622K(15232K)->14622K(15232K) NonClass: 13379K(13824K)->13379K(13824K) Class: 1243K(1408K)->1243K(1408K)
[12.616s][info][gc           ] GC(27) Pause Young (Normal) (G1 Evacuation Pause) 4170M->90M(8192M) 0.556ms
[12.616s][info][gc,cpu       ] GC(27) User=0.01s Sys=0.00s Real=0.00s
[13.053s][info][gc,start     ] GC(28) Pause Young (Normal) (G1 Evacuation Pause)
[13.053s][info][gc,task      ] GC(28) Using 8 workers of 8 for evacuation
[13.054s][info][gc,phases    ] GC(28)   Pre Evacuate Collection Set: 0.0ms
[13.054s][info][gc,phases    ] GC(28)   Evacuate Collection Set: 0.2ms
[13.054s][info][gc,phases    ] GC(28)   Post Evacuate Collection Set: 0.2ms
[13.054s][info][gc,phases    ] GC(28)   Other: 0.1ms
[13.054s][info][gc,heap      ] GC(28) Eden regions: 255->0(255)
[13.054s][info][gc,heap      ] GC(28) Survivor regions: 1->1(32)
[13.054s][info][gc,heap      ] GC(28) Old regions: 6->6
[13.054s][info][gc,heap      ] GC(28) Humongous regions: 0->0
[13.054s][info][gc,metaspace ] GC(28) Metaspace: 14622K(15232K)->14622K(15232K) NonClass: 13379K(13824K)->13379K(13824K) Class: 1243K(1408K)->1243K(1408K)
[13.054s][info][gc           ] GC(28) Pause Young (Normal) (G1 Evacuation Pause) 4170M->90M(8192M) 0.520ms
[13.054s][info][gc,cpu       ] GC(28) User=0.00s Sys=0.00s Real=0.00s
[13.488s][info][gc,start     ] GC(29) Pause Young (Normal) (G1 Evacuation Pause)
[13.488s][info][gc,task      ] GC(29) Using 8 workers of 8 for evacuation
[13.488s][info][gc,phases    ] GC(29)   Pre Evacuate Collection Set: 0.0ms
[13.488s][info][gc,phases    ] GC(29)   Evacuate Collection Set: 0.2ms
[13.488s][info][gc,phases    ] GC(29)   Post Evacuate Collection Set: 0.2ms
[13.488s][info][gc,phases    ] GC(29)   Other: 0.1ms
[13.488s][info][gc,heap      ] GC(29) Eden regions: 255->0(255)
[13.488s][info][gc,heap      ] GC(29) Survivor regions: 1->1(32)
[13.488s][info][gc,heap      ] GC(29) Old regions: 6->6
[13.488s][info][gc,heap      ] GC(29) Humongous regions: 0->0
[13.488s][info][gc,metaspace ] GC(29) Metaspace: 14622K(15232K)->14622K(15232K) NonClass: 13379K(13824K)->13379K(13824K) Class: 1243K(1408K)->1243K(1408K)
[13.488s][info][gc           ] GC(29) Pause Young (Normal) (G1 Evacuation Pause) 4170M->90M(8192M) 0.523ms
[13.488s][info][gc,cpu       ] GC(29) User=0.00s Sys=0.00s Real=0.00s
[13.919s][info][gc,start     ] GC(30) Pause Young (Normal) (G1 Evacuation Pause)
[13.919s][info][gc,task      ] GC(30) Using 8 workers of 8 for evacuation
[13.920s][info][gc,phases    ] GC(30)   Pre Evacuate Collection Set: 0.0ms
[13.920s][info][gc,phases    ] GC(30)   Evacuate Collection Set: 0.1ms
[13.920s][info][gc,phases    ] GC(30)   Post Evacuate Collection Set: 0.2ms
[13.920s][info][gc,phases    ] GC(30)   Other: 0.1ms
[13.920s][info][gc,heap      ] GC(30) Eden regions: 255->0(255)
[13.920s][info][gc,heap      ] GC(30) Survivor regions: 1->1(32)
[13.920s][info][gc,heap      ] GC(30) Old regions: 6->6
[13.920s][info][gc,heap      ] GC(30) Humongous regions: 0->0
[13.920s][info][gc,metaspace ] GC(30) Metaspace: 14622K(15232K)->14622K(15232K) NonClass: 13379K(13824K)->13379K(13824K) Class: 1243K(1408K)->1243K(1408K)
[13.920s][info][gc           ] GC(30) Pause Young (Normal) (G1 Evacuation Pause) 4170M->90M(8192M) 0.501ms
[13.920s][info][gc,cpu       ] GC(30) User=0.00s Sys=0.00s Real=0.00s
[14.351s][info][gc,start     ] GC(31) Pause Young (Normal) (G1 Evacuation Pause)
[14.351s][info][gc,task      ] GC(31) Using 8 workers of 8 for evacuation
[14.352s][info][gc,phases    ] GC(31)   Pre Evacuate Collection Set: 0.0ms
[14.352s][info][gc,phases    ] GC(31)   Evacuate Collection Set: 0.1ms
[14.352s][info][gc,phases    ] GC(31)   Post Evacuate Collection Set: 0.2ms
[14.352s][info][gc,phases    ] GC(31)   Other: 0.1ms
[14.352s][info][gc,heap      ] GC(31) Eden regions: 255->0(255)
[14.352s][info][gc,heap      ] GC(31) Survivor regions: 1->1(32)
[14.352s][info][gc,heap      ] GC(31) Old regions: 6->6
[14.352s][info][gc,heap      ] GC(31) Humongous regions: 0->0
[14.352s][info][gc,metaspace ] GC(31) Metaspace: 14622K(15232K)->14622K(15232K) NonClass: 13379K(13824K)->13379K(13824K) Class: 1243K(1408K)->1243K(1408K)
[14.352s][info][gc           ] GC(31) Pause Young (Normal) (G1 Evacuation Pause) 4170M->90M(8192M) 0.521ms
[14.352s][info][gc,cpu       ] GC(31) User=0.00s Sys=0.00s Real=0.00s
[14.782s][info][gc,start     ] GC(32) Pause Young (Normal) (G1 Evacuation Pause)
[14.782s][info][gc,task      ] GC(32) Using 8 workers of 8 for evacuation
[14.783s][info][gc,phases    ] GC(32)   Pre Evacuate Collection Set: 0.0ms
[14.783s][info][gc,phases    ] GC(32)   Evacuate Collection Set: 0.2ms
[14.783s][info][gc,phases    ] GC(32)   Post Evacuate Collection Set: 0.2ms
[14.783s][info][gc,phases    ] GC(32)   Other: 0.3ms
[14.783s][info][gc,heap      ] GC(32) Eden regions: 255->0(255)
[14.783s][info][gc,heap      ] GC(32) Survivor regions: 1->1(32)
[14.783s][info][gc,heap      ] GC(32) Old regions: 6->6
[14.783s][info][gc,heap      ] GC(32) Humongous regions: 0->0
[14.783s][info][gc,metaspace ] GC(32) Metaspace: 14622K(15232K)->14622K(15232K) NonClass: 13379K(13824K)->13379K(13824K) Class: 1243K(1408K)->1243K(1408K)
[14.783s][info][gc           ] GC(32) Pause Young (Normal) (G1 Evacuation Pause) 4170M->90M(8192M) 0.777ms
[14.783s][info][gc,cpu       ] GC(32) User=0.00s Sys=0.00s Real=0.00s
[15.214s][info][gc,start     ] GC(33) Pause Young (Normal) (G1 Evacuation Pause)
[15.214s][info][gc,task      ] GC(33) Using 8 workers of 8 for evacuation
[15.214s][info][gc,phases    ] GC(33)   Pre Evacuate Collection Set: 0.0ms
[15.214s][info][gc,phases    ] GC(33)   Evacuate Collection Set: 0.1ms
[15.214s][info][gc,phases    ] GC(33)   Post Evacuate Collection Set: 0.2ms
[15.214s][info][gc,phases    ] GC(33)   Other: 0.1ms
[15.214s][info][gc,heap      ] GC(33) Eden regions: 255->0(255)
[15.214s][info][gc,heap      ] GC(33) Survivor regions: 1->1(32)
[15.214s][info][gc,heap      ] GC(33) Old regions: 6->6
[15.214s][info][gc,heap      ] GC(33) Humongous regions: 0->0
[15.214s][info][gc,metaspace ] GC(33) Metaspace: 14622K(15232K)->14622K(15232K) NonClass: 13379K(13824K)->13379K(13824K) Class: 1243K(1408K)->1243K(1408K)
[15.214s][info][gc           ] GC(33) Pause Young (Normal) (G1 Evacuation Pause) 4170M->90M(8192M) 0.518ms
[15.214s][info][gc,cpu       ] GC(33) User=0.00s Sys=0.00s Real=0.00s
[15.644s][info][gc,start     ] GC(34) Pause Young (Normal) (G1 Evacuation Pause)
[15.644s][info][gc,task      ] GC(34) Using 8 workers of 8 for evacuation
[15.644s][info][gc,phases    ] GC(34)   Pre Evacuate Collection Set: 0.0ms
[15.644s][info][gc,phases    ] GC(34)   Evacuate Collection Set: 0.1ms
[15.644s][info][gc,phases    ] GC(34)   Post Evacuate Collection Set: 0.2ms
[15.644s][info][gc,phases    ] GC(34)   Other: 0.1ms
[15.644s][info][gc,heap      ] GC(34) Eden regions: 255->0(255)
[15.644s][info][gc,heap      ] GC(34) Survivor regions: 1->1(32)
[15.644s][info][gc,heap      ] GC(34) Old regions: 6->6
[15.644s][info][gc,heap      ] GC(34) Humongous regions: 0->0
[15.644s][info][gc,metaspace ] GC(34) Metaspace: 14622K(15232K)->14622K(15232K) NonClass: 13379K(13824K)->13379K(13824K) Class: 1243K(1408K)->1243K(1408K)
[15.644s][info][gc           ] GC(34) Pause Young (Normal) (G1 Evacuation Pause) 4170M->90M(8192M) 0.508ms
[15.644s][info][gc,cpu       ] GC(34) User=0.00s Sys=0.00s Real=0.00s
[16.085s][info][gc,start     ] GC(35) Pause Young (Normal) (G1 Evacuation Pause)
[16.085s][info][gc,task      ] GC(35) Using 8 workers of 8 for evacuation
[16.086s][info][gc,phases    ] GC(35)   Pre Evacuate Collection Set: 0.0ms
[16.086s][info][gc,phases    ] GC(35)   Evacuate Collection Set: 0.2ms
[16.086s][info][gc,phases    ] GC(35)   Post Evacuate Collection Set: 0.3ms
[16.086s][info][gc,phases    ] GC(35)   Other: 0.1ms
[16.086s][info][gc,heap      ] GC(35) Eden regions: 255->0(255)
[16.086s][info][gc,heap      ] GC(35) Survivor regions: 1->1(32)
[16.086s][info][gc,heap      ] GC(35) Old regions: 6->6
[16.086s][info][gc,heap      ] GC(35) Humongous regions: 0->0
[16.086s][info][gc,metaspace ] GC(35) Metaspace: 14623K(15232K)->14623K(15232K) NonClass: 13380K(13824K)->13380K(13824K) Class: 1243K(1408K)->1243K(1408K)
[16.086s][info][gc           ] GC(35) Pause Young (Normal) (G1 Evacuation Pause) 4170M->90M(8192M) 0.771ms
[16.086s][info][gc,cpu       ] GC(35) User=0.00s Sys=0.00s Real=0.01s
[16.521s][info][gc,start     ] GC(36) Pause Young (Normal) (G1 Evacuation Pause)
[16.521s][info][gc,task      ] GC(36) Using 8 workers of 8 for evacuation
[16.522s][info][gc,phases    ] GC(36)   Pre Evacuate Collection Set: 0.0ms
[16.522s][info][gc,phases    ] GC(36)   Evacuate Collection Set: 0.2ms
[16.522s][info][gc,phases    ] GC(36)   Post Evacuate Collection Set: 0.2ms
[16.522s][info][gc,phases    ] GC(36)   Other: 0.1ms
[16.522s][info][gc,heap      ] GC(36) Eden regions: 255->0(255)
[16.522s][info][gc,heap      ] GC(36) Survivor regions: 1->1(32)
[16.522s][info][gc,heap      ] GC(36) Old regions: 6->6
[16.522s][info][gc,heap      ] GC(36) Humongous regions: 0->0
[16.522s][info][gc,metaspace ] GC(36) Metaspace: 14623K(15232K)->14623K(15232K) NonClass: 13380K(13824K)->13380K(13824K) Class: 1243K(1408K)->1243K(1408K)
[16.522s][info][gc           ] GC(36) Pause Young (Normal) (G1 Evacuation Pause) 4170M->90M(8192M) 0.555ms
[16.522s][info][gc,cpu       ] GC(36) User=0.01s Sys=0.00s Real=0.00s
[16.954s][info][gc,start     ] GC(37) Pause Young (Normal) (G1 Evacuation Pause)
[16.954s][info][gc,task      ] GC(37) Using 8 workers of 8 for evacuation
[16.954s][info][gc,phases    ] GC(37)   Pre Evacuate Collection Set: 0.0ms
[16.954s][info][gc,phases    ] GC(37)   Evacuate Collection Set: 0.1ms
[16.954s][info][gc,phases    ] GC(37)   Post Evacuate Collection Set: 0.2ms
[16.954s][info][gc,phases    ] GC(37)   Other: 0.1ms
[16.954s][info][gc,heap      ] GC(37) Eden regions: 255->0(255)
[16.954s][info][gc,heap      ] GC(37) Survivor regions: 1->1(32)
[16.954s][info][gc,heap      ] GC(37) Old regions: 6->6
[16.954s][info][gc,heap      ] GC(37) Humongous regions: 0->0
[16.954s][info][gc,metaspace ] GC(37) Metaspace: 14623K(15232K)->14623K(15232K) NonClass: 13380K(13824K)->13380K(13824K) Class: 1243K(1408K)->1243K(1408K)
[16.954s][info][gc           ] GC(37) Pause Young (Normal) (G1 Evacuation Pause) 4170M->90M(8192M) 0.505ms
[16.954s][info][gc,cpu       ] GC(37) User=0.00s Sys=0.00s Real=0.00s
[17.386s][info][gc,start     ] GC(38) Pause Young (Normal) (G1 Evacuation Pause)
[17.386s][info][gc,task      ] GC(38) Using 8 workers of 8 for evacuation
[17.387s][info][gc,phases    ] GC(38)   Pre Evacuate Collection Set: 0.0ms
[17.387s][info][gc,phases    ] GC(38)   Evacuate Collection Set: 0.1ms
[17.387s][info][gc,phases    ] GC(38)   Post Evacuate Collection Set: 0.2ms
[17.387s][info][gc,phases    ] GC(38)   Other: 0.1ms
[17.387s][info][gc,heap      ] GC(38) Eden regions: 255->0(255)
[17.387s][info][gc,heap      ] GC(38) Survivor regions: 1->1(32)
[17.387s][info][gc,heap      ] GC(38) Old regions: 6->6
[17.387s][info][gc,heap      ] GC(38) Humongous regions: 0->0
[17.387s][info][gc,metaspace ] GC(38) Metaspace: 14623K(15232K)->14623K(15232K) NonClass: 13380K(13824K)->13380K(13824K) Class: 1243K(1408K)->1243K(1408K)
[17.387s][info][gc           ] GC(38) Pause Young (Normal) (G1 Evacuation Pause) 4170M->90M(8192M) 0.504ms
[17.387s][info][gc,cpu       ] GC(38) User=0.00s Sys=0.00s Real=0.00s
[17.816s][info][gc,start     ] GC(39) Pause Young (Normal) (G1 Evacuation Pause)
[17.816s][info][gc,task      ] GC(39) Using 8 workers of 8 for evacuation
[17.817s][info][gc,phases    ] GC(39)   Pre Evacuate Collection Set: 0.0ms
[17.817s][info][gc,phases    ] GC(39)   Evacuate Collection Set: 0.1ms
[17.817s][info][gc,phases    ] GC(39)   Post Evacuate Collection Set: 0.2ms
[17.817s][info][gc,phases    ] GC(39)   Other: 0.1ms
[17.817s][info][gc,heap      ] GC(39) Eden regions: 255->0(255)
[17.817s][info][gc,heap      ] GC(39) Survivor regions: 1->1(32)
[17.817s][info][gc,heap      ] GC(39) Old regions: 6->6
[17.817s][info][gc,heap      ] GC(39) Humongous regions: 0->0
[17.817s][info][gc,metaspace ] GC(39) Metaspace: 14623K(15232K)->14623K(15232K) NonClass: 13380K(13824K)->13380K(13824K) Class: 1243K(1408K)->1243K(1408K)
[17.817s][info][gc           ] GC(39) Pause Young (Normal) (G1 Evacuation Pause) 4170M->90M(8192M) 0.520ms
[17.817s][info][gc,cpu       ] GC(39) User=0.01s Sys=0.00s Real=0.00s
[18.252s][info][gc,start     ] GC(40) Pause Young (Normal) (G1 Evacuation Pause)
[18.252s][info][gc,task      ] GC(40) Using 8 workers of 8 for evacuation
[18.253s][info][gc,phases    ] GC(40)   Pre Evacuate Collection Set: 0.0ms
[18.253s][info][gc,phases    ] GC(40)   Evacuate Collection Set: 0.2ms
[18.253s][info][gc,phases    ] GC(40)   Post Evacuate Collection Set: 0.3ms
[18.253s][info][gc,phases    ] GC(40)   Other: 0.1ms
[18.253s][info][gc,heap      ] GC(40) Eden regions: 255->0(255)
[18.253s][info][gc,heap      ] GC(40) Survivor regions: 1->1(32)
[18.253s][info][gc,heap      ] GC(40) Old regions: 6->6
[18.253s][info][gc,heap      ] GC(40) Humongous regions: 0->0
[18.253s][info][gc,metaspace ] GC(40) Metaspace: 14623K(15232K)->14623K(15232K) NonClass: 13380K(13824K)->13380K(13824K) Class: 1243K(1408K)->1243K(1408K)
[18.253s][info][gc           ] GC(40) Pause Young (Normal) (G1 Evacuation Pause) 4170M->90M(8192M) 0.594ms
[18.253s][info][gc,cpu       ] GC(40) User=0.00s Sys=0.00s Real=0.00s
[18.682s][info][gc,start     ] GC(41) Pause Young (Normal) (G1 Evacuation Pause)
[18.682s][info][gc,task      ] GC(41) Using 8 workers of 8 for evacuation
[18.682s][info][gc,phases    ] GC(41)   Pre Evacuate Collection Set: 0.0ms
[18.682s][info][gc,phases    ] GC(41)   Evacuate Collection Set: 0.2ms
[18.682s][info][gc,phases    ] GC(41)   Post Evacuate Collection Set: 0.3ms
[18.682s][info][gc,phases    ] GC(41)   Other: 0.1ms
[18.682s][info][gc,heap      ] GC(41) Eden regions: 255->0(255)
[18.682s][info][gc,heap      ] GC(41) Survivor regions: 1->1(32)
[18.682s][info][gc,heap      ] GC(41) Old regions: 6->6
[18.682s][info][gc,heap      ] GC(41) Humongous regions: 0->0
[18.682s][info][gc,metaspace ] GC(41) Metaspace: 14623K(15232K)->14623K(15232K) NonClass: 13380K(13824K)->13380K(13824K) Class: 1243K(1408K)->1243K(1408K)
[18.683s][info][gc           ] GC(41) Pause Young (Normal) (G1 Evacuation Pause) 4170M->90M(8192M) 0.638ms
[18.683s][info][gc,cpu       ] GC(41) User=0.01s Sys=0.00s Real=0.00s
[19.113s][info][gc,start     ] GC(42) Pause Young (Normal) (G1 Evacuation Pause)
[19.113s][info][gc,task      ] GC(42) Using 8 workers of 8 for evacuation
[19.114s][info][gc,phases    ] GC(42)   Pre Evacuate Collection Set: 0.0ms
[19.114s][info][gc,phases    ] GC(42)   Evacuate Collection Set: 0.1ms
[19.114s][info][gc,phases    ] GC(42)   Post Evacuate Collection Set: 0.2ms
[19.114s][info][gc,phases    ] GC(42)   Other: 0.1ms
[19.114s][info][gc,heap      ] GC(42) Eden regions: 255->0(255)
[19.114s][info][gc,heap      ] GC(42) Survivor regions: 1->1(32)
[19.114s][info][gc,heap      ] GC(42) Old regions: 6->6
[19.114s][info][gc,heap      ] GC(42) Humongous regions: 0->0
[19.114s][info][gc,metaspace ] GC(42) Metaspace: 14623K(15232K)->14623K(15232K) NonClass: 13380K(13824K)->13380K(13824K) Class: 1243K(1408K)->1243K(1408K)
[19.114s][info][gc           ] GC(42) Pause Young (Normal) (G1 Evacuation Pause) 4170M->90M(8192M) 0.475ms
[19.114s][info][gc,cpu       ] GC(42) User=0.01s Sys=0.00s Real=0.00s
[19.543s][info][gc,start     ] GC(43) Pause Young (Normal) (G1 Evacuation Pause)
[19.543s][info][gc,task      ] GC(43) Using 8 workers of 8 for evacuation
[19.543s][info][gc,phases    ] GC(43)   Pre Evacuate Collection Set: 0.0ms
[19.543s][info][gc,phases    ] GC(43)   Evacuate Collection Set: 0.1ms
[19.543s][info][gc,phases    ] GC(43)   Post Evacuate Collection Set: 0.2ms
[19.543s][info][gc,phases    ] GC(43)   Other: 0.1ms
[19.543s][info][gc,heap      ] GC(43) Eden regions: 255->0(255)
[19.543s][info][gc,heap      ] GC(43) Survivor regions: 1->1(32)
[19.543s][info][gc,heap      ] GC(43) Old regions: 6->6
[19.543s][info][gc,heap      ] GC(43) Humongous regions: 0->0
[19.543s][info][gc,metaspace ] GC(43) Metaspace: 14623K(15232K)->14623K(15232K) NonClass: 13380K(13824K)->13380K(13824K) Class: 1243K(1408K)->1243K(1408K)
[19.543s][info][gc           ] GC(43) Pause Young (Normal) (G1 Evacuation Pause) 4170M->90M(8192M) 0.524ms
[19.543s][info][gc,cpu       ] GC(43) User=0.00s Sys=0.01s Real=0.00s
[19.972s][info][gc,start     ] GC(44) Pause Young (Normal) (G1 Evacuation Pause)
[19.972s][info][gc,task      ] GC(44) Using 8 workers of 8 for evacuation
[19.973s][info][gc,phases    ] GC(44)   Pre Evacuate Collection Set: 0.0ms
[19.973s][info][gc,phases    ] GC(44)   Evacuate Collection Set: 0.1ms
[19.973s][info][gc,phases    ] GC(44)   Post Evacuate Collection Set: 0.2ms
[19.973s][info][gc,phases    ] GC(44)   Other: 0.1ms
[19.973s][info][gc,heap      ] GC(44) Eden regions: 255->0(255)
[19.973s][info][gc,heap      ] GC(44) Survivor regions: 1->1(32)
[19.973s][info][gc,heap      ] GC(44) Old regions: 6->6
[19.973s][info][gc,heap      ] GC(44) Humongous regions: 0->0
[19.973s][info][gc,metaspace ] GC(44) Metaspace: 14623K(15232K)->14623K(15232K) NonClass: 13380K(13824K)->13380K(13824K) Class: 1243K(1408K)->1243K(1408K)
[19.973s][info][gc           ] GC(44) Pause Young (Normal) (G1 Evacuation Pause) 4170M->90M(8192M) 0.492ms
[19.973s][info][gc,cpu       ] GC(44) User=0.00s Sys=0.00s Real=0.00s
[20.422s][info][gc,start     ] GC(45) Pause Young (Normal) (G1 Evacuation Pause)
[20.422s][info][gc,task      ] GC(45) Using 8 workers of 8 for evacuation
[20.423s][info][gc,phases    ] GC(45)   Pre Evacuate Collection Set: 0.0ms
[20.423s][info][gc,phases    ] GC(45)   Evacuate Collection Set: 0.2ms
[20.423s][info][gc,phases    ] GC(45)   Post Evacuate Collection Set: 0.2ms
[20.423s][info][gc,phases    ] GC(45)   Other: 0.1ms
[20.423s][info][gc,heap      ] GC(45) Eden regions: 255->0(255)
[20.423s][info][gc,heap      ] GC(45) Survivor regions: 1->1(32)
[20.423s][info][gc,heap      ] GC(45) Old regions: 6->6
[20.423s][info][gc,heap      ] GC(45) Humongous regions: 0->0
[20.423s][info][gc,metaspace ] GC(45) Metaspace: 14623K(15232K)->14623K(15232K) NonClass: 13380K(13824K)->13380K(13824K) Class: 1243K(1408K)->1243K(1408K)
[20.423s][info][gc           ] GC(45) Pause Young (Normal) (G1 Evacuation Pause) 4170M->90M(8192M) 0.554ms
[20.423s][info][gc,cpu       ] GC(45) User=0.01s Sys=0.00s Real=0.00s
[20.872s][info][gc,start     ] GC(46) Pause Young (Normal) (G1 Evacuation Pause)
[20.872s][info][gc,task      ] GC(46) Using 8 workers of 8 for evacuation
[20.873s][info][gc,phases    ] GC(46)   Pre Evacuate Collection Set: 0.0ms
[20.873s][info][gc,phases    ] GC(46)   Evacuate Collection Set: 0.2ms
[20.873s][info][gc,phases    ] GC(46)   Post Evacuate Collection Set: 0.3ms
[20.873s][info][gc,phases    ] GC(46)   Other: 0.4ms
[20.873s][info][gc,heap      ] GC(46) Eden regions: 255->0(255)
[20.873s][info][gc,heap      ] GC(46) Survivor regions: 1->1(32)
[20.873s][info][gc,heap      ] GC(46) Old regions: 6->6
[20.873s][info][gc,heap      ] GC(46) Humongous regions: 0->0
[20.873s][info][gc,metaspace ] GC(46) Metaspace: 14623K(15232K)->14623K(15232K) NonClass: 13380K(13824K)->13380K(13824K) Class: 1243K(1408K)->1243K(1408K)
[20.873s][info][gc           ] GC(46) Pause Young (Normal) (G1 Evacuation Pause) 4170M->90M(8192M) 1.040ms
[20.873s][info][gc,cpu       ] GC(46) User=0.00s Sys=0.00s Real=0.00s
[21.325s][info][gc,start     ] GC(47) Pause Young (Normal) (G1 Evacuation Pause)
[21.325s][info][gc,task      ] GC(47) Using 8 workers of 8 for evacuation
[21.326s][info][gc,phases    ] GC(47)   Pre Evacuate Collection Set: 0.0ms
[21.326s][info][gc,phases    ] GC(47)   Evacuate Collection Set: 0.1ms
[21.326s][info][gc,phases    ] GC(47)   Post Evacuate Collection Set: 0.2ms
[21.326s][info][gc,phases    ] GC(47)   Other: 0.1ms
[21.326s][info][gc,heap      ] GC(47) Eden regions: 255->0(255)
[21.326s][info][gc,heap      ] GC(47) Survivor regions: 1->1(32)
[21.326s][info][gc,heap      ] GC(47) Old regions: 6->6
[21.326s][info][gc,heap      ] GC(47) Humongous regions: 0->0
[21.326s][info][gc,metaspace ] GC(47) Metaspace: 14629K(15232K)->14629K(15232K) NonClass: 13384K(13824K)->13384K(13824K) Class: 1244K(1408K)->1244K(1408K)
[21.326s][info][gc           ] GC(47) Pause Young (Normal) (G1 Evacuation Pause) 4170M->90M(8192M) 0.517ms
[21.326s][info][gc,cpu       ] GC(47) User=0.00s Sys=0.00s Real=0.00s
[21.759s][info][gc,start     ] GC(48) Pause Young (Normal) (G1 Evacuation Pause)
[21.759s][info][gc,task      ] GC(48) Using 8 workers of 8 for evacuation
[21.760s][info][gc,phases    ] GC(48)   Pre Evacuate Collection Set: 0.0ms
[21.760s][info][gc,phases    ] GC(48)   Evacuate Collection Set: 0.1ms
[21.760s][info][gc,phases    ] GC(48)   Post Evacuate Collection Set: 0.2ms
[21.760s][info][gc,phases    ] GC(48)   Other: 0.1ms
[21.760s][info][gc,heap      ] GC(48) Eden regions: 255->0(255)
[21.760s][info][gc,heap      ] GC(48) Survivor regions: 1->1(32)
[21.760s][info][gc,heap      ] GC(48) Old regions: 6->6
[21.760s][info][gc,heap      ] GC(48) Humongous regions: 0->0
[21.760s][info][gc,metaspace ] GC(48) Metaspace: 14629K(15232K)->14629K(15232K) NonClass: 13384K(13824K)->13384K(13824K) Class: 1244K(1408K)->1244K(1408K)
[21.760s][info][gc           ] GC(48) Pause Young (Normal) (G1 Evacuation Pause) 4170M->90M(8192M) 0.500ms
[21.760s][info][gc,cpu       ] GC(48) User=0.00s Sys=0.00s Real=0.00s
[22.192s][info][gc,start     ] GC(49) Pause Young (Normal) (G1 Evacuation Pause)
[22.192s][info][gc,task      ] GC(49) Using 8 workers of 8 for evacuation
[22.192s][info][gc,phases    ] GC(49)   Pre Evacuate Collection Set: 0.0ms
[22.192s][info][gc,phases    ] GC(49)   Evacuate Collection Set: 0.2ms
[22.192s][info][gc,phases    ] GC(49)   Post Evacuate Collection Set: 0.2ms
[22.192s][info][gc,phases    ] GC(49)   Other: 0.1ms
[22.192s][info][gc,heap      ] GC(49) Eden regions: 255->0(255)
[22.192s][info][gc,heap      ] GC(49) Survivor regions: 1->1(32)
[22.192s][info][gc,heap      ] GC(49) Old regions: 6->6
[22.192s][info][gc,heap      ] GC(49) Humongous regions: 0->0
[22.192s][info][gc,metaspace ] GC(49) Metaspace: 14629K(15232K)->14629K(15232K) NonClass: 13384K(13824K)->13384K(13824K) Class: 1244K(1408K)->1244K(1408K)
[22.192s][info][gc           ] GC(49) Pause Young (Normal) (G1 Evacuation Pause) 4170M->90M(8192M) 0.518ms
[22.192s][info][gc,cpu       ] GC(49) User=0.01s Sys=0.00s Real=0.00s
[22.637s][info][gc,start     ] GC(50) Pause Young (Normal) (G1 Evacuation Pause)
[22.637s][info][gc,task      ] GC(50) Using 8 workers of 8 for evacuation
[22.638s][info][gc,phases    ] GC(50)   Pre Evacuate Collection Set: 0.0ms
[22.638s][info][gc,phases    ] GC(50)   Evacuate Collection Set: 0.1ms
[22.638s][info][gc,phases    ] GC(50)   Post Evacuate Collection Set: 0.2ms
[22.638s][info][gc,phases    ] GC(50)   Other: 0.1ms
[22.638s][info][gc,heap      ] GC(50) Eden regions: 255->0(255)
[22.638s][info][gc,heap      ] GC(50) Survivor regions: 1->1(32)
[22.638s][info][gc,heap      ] GC(50) Old regions: 6->6
[22.638s][info][gc,heap      ] GC(50) Humongous regions: 0->0
[22.638s][info][gc,metaspace ] GC(50) Metaspace: 14629K(15232K)->14629K(15232K) NonClass: 13384K(13824K)->13384K(13824K) Class: 1244K(1408K)->1244K(1408K)
[22.638s][info][gc           ] GC(50) Pause Young (Normal) (G1 Evacuation Pause) 4170M->90M(8192M) 0.489ms
[22.638s][info][gc,cpu       ] GC(50) User=0.01s Sys=0.00s Real=0.00s
[23.070s][info][gc,start     ] GC(51) Pause Young (Normal) (G1 Evacuation Pause)
[23.070s][info][gc,task      ] GC(51) Using 8 workers of 8 for evacuation
[23.070s][info][gc,phases    ] GC(51)   Pre Evacuate Collection Set: 0.0ms
[23.070s][info][gc,phases    ] GC(51)   Evacuate Collection Set: 0.1ms
[23.070s][info][gc,phases    ] GC(51)   Post Evacuate Collection Set: 0.2ms
[23.070s][info][gc,phases    ] GC(51)   Other: 0.1ms
[23.070s][info][gc,heap      ] GC(51) Eden regions: 255->0(255)
[23.070s][info][gc,heap      ] GC(51) Survivor regions: 1->1(32)
[23.070s][info][gc,heap      ] GC(51) Old regions: 6->6
[23.070s][info][gc,heap      ] GC(51) Humongous regions: 0->0
[23.070s][info][gc,metaspace ] GC(51) Metaspace: 14629K(15232K)->14629K(15232K) NonClass: 13384K(13824K)->13384K(13824K) Class: 1244K(1408K)->1244K(1408K)
[23.070s][info][gc           ] GC(51) Pause Young (Normal) (G1 Evacuation Pause) 4170M->90M(8192M) 0.517ms
[23.070s][info][gc,cpu       ] GC(51) User=0.00s Sys=0.00s Real=0.00s
[23.500s][info][gc,start     ] GC(52) Pause Young (Normal) (G1 Evacuation Pause)
[23.501s][info][gc,task      ] GC(52) Using 8 workers of 8 for evacuation
[23.501s][info][gc,phases    ] GC(52)   Pre Evacuate Collection Set: 0.0ms
[23.501s][info][gc,phases    ] GC(52)   Evacuate Collection Set: 0.1ms
[23.501s][info][gc,phases    ] GC(52)   Post Evacuate Collection Set: 0.2ms
[23.501s][info][gc,phases    ] GC(52)   Other: 0.1ms
[23.501s][info][gc,heap      ] GC(52) Eden regions: 255->0(255)
[23.501s][info][gc,heap      ] GC(52) Survivor regions: 1->1(32)
[23.501s][info][gc,heap      ] GC(52) Old regions: 6->6
[23.501s][info][gc,heap      ] GC(52) Humongous regions: 0->0
[23.501s][info][gc,metaspace ] GC(52) Metaspace: 14629K(15232K)->14629K(15232K) NonClass: 13384K(13824K)->13384K(13824K) Class: 1244K(1408K)->1244K(1408K)
[23.501s][info][gc           ] GC(52) Pause Young (Normal) (G1 Evacuation Pause) 4170M->90M(8192M) 0.501ms
[23.501s][info][gc,cpu       ] GC(52) User=0.01s Sys=0.00s Real=0.00s
[23.932s][info][gc,start     ] GC(53) Pause Young (Normal) (G1 Evacuation Pause)
[23.932s][info][gc,task      ] GC(53) Using 8 workers of 8 for evacuation
[23.932s][info][gc,phases    ] GC(53)   Pre Evacuate Collection Set: 0.0ms
[23.932s][info][gc,phases    ] GC(53)   Evacuate Collection Set: 0.2ms
[23.932s][info][gc,phases    ] GC(53)   Post Evacuate Collection Set: 0.3ms
[23.932s][info][gc,phases    ] GC(53)   Other: 0.1ms
[23.932s][info][gc,heap      ] GC(53) Eden regions: 255->0(255)
[23.932s][info][gc,heap      ] GC(53) Survivor regions: 1->1(32)
[23.932s][info][gc,heap      ] GC(53) Old regions: 6->6
[23.932s][info][gc,heap      ] GC(53) Humongous regions: 0->0
[23.932s][info][gc,metaspace ] GC(53) Metaspace: 14629K(15232K)->14629K(15232K) NonClass: 13384K(13824K)->13384K(13824K) Class: 1244K(1408K)->1244K(1408K)
[23.932s][info][gc           ] GC(53) Pause Young (Normal) (G1 Evacuation Pause) 4170M->90M(8192M) 0.668ms
[23.932s][info][gc,cpu       ] GC(53) User=0.01s Sys=0.00s Real=0.00s
[24.363s][info][gc,start     ] GC(54) Pause Young (Normal) (G1 Evacuation Pause)
[24.363s][info][gc,task      ] GC(54) Using 8 workers of 8 for evacuation
[24.366s][info][gc,phases    ] GC(54)   Pre Evacuate Collection Set: 0.0ms
[24.366s][info][gc,phases    ] GC(54)   Evacuate Collection Set: 3.6ms
[24.366s][info][gc,phases    ] GC(54)   Post Evacuate Collection Set: 0.3ms
[24.366s][info][gc,phases    ] GC(54)   Other: 0.1ms
[24.366s][info][gc,heap      ] GC(54) Eden regions: 255->0(255)
[24.366s][info][gc,heap      ] GC(54) Survivor regions: 1->1(32)
[24.366s][info][gc,heap      ] GC(54) Old regions: 6->6
[24.366s][info][gc,heap      ] GC(54) Humongous regions: 0->0
[24.367s][info][gc,metaspace ] GC(54) Metaspace: 14629K(15232K)->14629K(15232K) NonClass: 13384K(13824K)->13384K(13824K) Class: 1244K(1408K)->1244K(1408K)
[24.367s][info][gc           ] GC(54) Pause Young (Normal) (G1 Evacuation Pause) 4170M->90M(8192M) 4.005ms
[24.367s][info][gc,cpu       ] GC(54) User=0.01s Sys=0.00s Real=0.01s
[24.796s][info][gc,start     ] GC(55) Pause Young (Normal) (G1 Evacuation Pause)
[24.796s][info][gc,task      ] GC(55) Using 8 workers of 8 for evacuation
[24.797s][info][gc,phases    ] GC(55)   Pre Evacuate Collection Set: 0.0ms
[24.797s][info][gc,phases    ] GC(55)   Evacuate Collection Set: 0.1ms
[24.797s][info][gc,phases    ] GC(55)   Post Evacuate Collection Set: 0.2ms
[24.797s][info][gc,phases    ] GC(55)   Other: 0.1ms
[24.797s][info][gc,heap      ] GC(55) Eden regions: 255->0(255)
[24.797s][info][gc,heap      ] GC(55) Survivor regions: 1->1(32)
[24.797s][info][gc,heap      ] GC(55) Old regions: 6->6
[24.797s][info][gc,heap      ] GC(55) Humongous regions: 0->0
[24.797s][info][gc,metaspace ] GC(55) Metaspace: 14629K(15232K)->14629K(15232K) NonClass: 13384K(13824K)->13384K(13824K) Class: 1244K(1408K)->1244K(1408K)
[24.797s][info][gc           ] GC(55) Pause Young (Normal) (G1 Evacuation Pause) 4170M->90M(8192M) 0.524ms
[24.797s][info][gc,cpu       ] GC(55) User=0.00s Sys=0.00s Real=0.00s
[25.227s][info][gc,start     ] GC(56) Pause Young (Normal) (G1 Evacuation Pause)
[25.227s][info][gc,task      ] GC(56) Using 8 workers of 8 for evacuation
[25.227s][info][gc,phases    ] GC(56)   Pre Evacuate Collection Set: 0.0ms
[25.227s][info][gc,phases    ] GC(56)   Evacuate Collection Set: 0.1ms
[25.227s][info][gc,phases    ] GC(56)   Post Evacuate Collection Set: 0.2ms
[25.227s][info][gc,phases    ] GC(56)   Other: 0.1ms
[25.227s][info][gc,heap      ] GC(56) Eden regions: 255->0(255)
[25.227s][info][gc,heap      ] GC(56) Survivor regions: 1->1(32)
[25.227s][info][gc,heap      ] GC(56) Old regions: 6->6
[25.227s][info][gc,heap      ] GC(56) Humongous regions: 0->0
[25.227s][info][gc,metaspace ] GC(56) Metaspace: 14629K(15232K)->14629K(15232K) NonClass: 13384K(13824K)->13384K(13824K) Class: 1244K(1408K)->1244K(1408K)
[25.227s][info][gc           ] GC(56) Pause Young (Normal) (G1 Evacuation Pause) 4170M->90M(8192M) 0.506ms
[25.227s][info][gc,cpu       ] GC(56) User=0.00s Sys=0.00s Real=0.00s
[25.657s][info][gc,start     ] GC(57) Pause Young (Normal) (G1 Evacuation Pause)
[25.657s][info][gc,task      ] GC(57) Using 8 workers of 8 for evacuation
[25.658s][info][gc,phases    ] GC(57)   Pre Evacuate Collection Set: 0.0ms
[25.658s][info][gc,phases    ] GC(57)   Evacuate Collection Set: 0.1ms
[25.658s][info][gc,phases    ] GC(57)   Post Evacuate Collection Set: 0.2ms
[25.658s][info][gc,phases    ] GC(57)   Other: 0.1ms
[25.658s][info][gc,heap      ] GC(57) Eden regions: 255->0(255)
[25.658s][info][gc,heap      ] GC(57) Survivor regions: 1->1(32)
[25.658s][info][gc,heap      ] GC(57) Old regions: 6->6
[25.658s][info][gc,heap      ] GC(57) Humongous regions: 0->0
[25.658s][info][gc,metaspace ] GC(57) Metaspace: 14629K(15232K)->14629K(15232K) NonClass: 13384K(13824K)->13384K(13824K) Class: 1244K(1408K)->1244K(1408K)
[25.658s][info][gc           ] GC(57) Pause Young (Normal) (G1 Evacuation Pause) 4170M->90M(8192M) 0.509ms
[25.658s][info][gc,cpu       ] GC(57) User=0.00s Sys=0.00s Real=0.00s
[26.100s][info][gc,start     ] GC(58) Pause Young (Normal) (G1 Evacuation Pause)
[26.100s][info][gc,task      ] GC(58) Using 8 workers of 8 for evacuation
[26.101s][info][gc,phases    ] GC(58)   Pre Evacuate Collection Set: 0.0ms
[26.101s][info][gc,phases    ] GC(58)   Evacuate Collection Set: 0.1ms
[26.101s][info][gc,phases    ] GC(58)   Post Evacuate Collection Set: 0.2ms
[26.101s][info][gc,phases    ] GC(58)   Other: 0.1ms
[26.101s][info][gc,heap      ] GC(58) Eden regions: 255->0(255)
[26.101s][info][gc,heap      ] GC(58) Survivor regions: 1->1(32)
[26.101s][info][gc,heap      ] GC(58) Old regions: 6->6
[26.101s][info][gc,heap      ] GC(58) Humongous regions: 0->0
[26.101s][info][gc,metaspace ] GC(58) Metaspace: 14629K(15232K)->14629K(15232K) NonClass: 13384K(13824K)->13384K(13824K) Class: 1244K(1408K)->1244K(1408K)
[26.101s][info][gc           ] GC(58) Pause Young (Normal) (G1 Evacuation Pause) 4170M->90M(8192M) 0.512ms
[26.101s][info][gc,cpu       ] GC(58) User=0.00s Sys=0.00s Real=0.00s
[26.537s][info][gc,start     ] GC(59) Pause Young (Normal) (G1 Evacuation Pause)
[26.537s][info][gc,task      ] GC(59) Using 8 workers of 8 for evacuation
[26.538s][info][gc,phases    ] GC(59)   Pre Evacuate Collection Set: 0.0ms
[26.538s][info][gc,phases    ] GC(59)   Evacuate Collection Set: 0.1ms
[26.538s][info][gc,phases    ] GC(59)   Post Evacuate Collection Set: 0.2ms
[26.538s][info][gc,phases    ] GC(59)   Other: 0.1ms
[26.538s][info][gc,heap      ] GC(59) Eden regions: 255->0(255)
[26.538s][info][gc,heap      ] GC(59) Survivor regions: 1->1(32)
[26.538s][info][gc,heap      ] GC(59) Old regions: 6->6
[26.538s][info][gc,heap      ] GC(59) Humongous regions: 0->0
[26.538s][info][gc,metaspace ] GC(59) Metaspace: 14629K(15232K)->14629K(15232K) NonClass: 13384K(13824K)->13384K(13824K) Class: 1244K(1408K)->1244K(1408K)
[26.538s][info][gc           ] GC(59) Pause Young (Normal) (G1 Evacuation Pause) 4170M->90M(8192M) 0.537ms
[26.538s][info][gc,cpu       ] GC(59) User=0.00s Sys=0.00s Real=0.00s
[26.970s][info][gc,start     ] GC(60) Pause Young (Normal) (G1 Evacuation Pause)
[26.970s][info][gc,task      ] GC(60) Using 8 workers of 8 for evacuation
[26.971s][info][gc,phases    ] GC(60)   Pre Evacuate Collection Set: 0.0ms
[26.971s][info][gc,phases    ] GC(60)   Evacuate Collection Set: 0.2ms
[26.971s][info][gc,phases    ] GC(60)   Post Evacuate Collection Set: 0.2ms
[26.971s][info][gc,phases    ] GC(60)   Other: 0.1ms
[26.971s][info][gc,heap      ] GC(60) Eden regions: 255->0(255)
[26.971s][info][gc,heap      ] GC(60) Survivor regions: 1->1(32)
[26.971s][info][gc,heap      ] GC(60) Old regions: 6->6
[26.971s][info][gc,heap      ] GC(60) Humongous regions: 0->0
[26.971s][info][gc,metaspace ] GC(60) Metaspace: 14629K(15232K)->14629K(15232K) NonClass: 13384K(13824K)->13384K(13824K) Class: 1244K(1408K)->1244K(1408K)
[26.971s][info][gc           ] GC(60) Pause Young (Normal) (G1 Evacuation Pause) 4170M->90M(8192M) 0.501ms
[26.971s][info][gc,cpu       ] GC(60) User=0.00s Sys=0.00s Real=0.00s
[27.403s][info][gc,start     ] GC(61) Pause Young (Normal) (G1 Evacuation Pause)
[27.403s][info][gc,task      ] GC(61) Using 8 workers of 8 for evacuation
[27.403s][info][gc,phases    ] GC(61)   Pre Evacuate Collection Set: 0.0ms
[27.403s][info][gc,phases    ] GC(61)   Evacuate Collection Set: 0.2ms
[27.403s][info][gc,phases    ] GC(61)   Post Evacuate Collection Set: 0.2ms
[27.403s][info][gc,phases    ] GC(61)   Other: 0.1ms
[27.403s][info][gc,heap      ] GC(61) Eden regions: 255->0(255)
[27.403s][info][gc,heap      ] GC(61) Survivor regions: 1->1(32)
[27.403s][info][gc,heap      ] GC(61) Old regions: 6->6
[27.403s][info][gc,heap      ] GC(61) Humongous regions: 0->0
[27.403s][info][gc,metaspace ] GC(61) Metaspace: 14629K(15232K)->14629K(15232K) NonClass: 13384K(13824K)->13384K(13824K) Class: 1244K(1408K)->1244K(1408K)
[27.403s][info][gc           ] GC(61) Pause Young (Normal) (G1 Evacuation Pause) 4170M->90M(8192M) 0.530ms
[27.403s][info][gc,cpu       ] GC(61) User=0.00s Sys=0.00s Real=0.00s
[27.834s][info][gc,start     ] GC(62) Pause Young (Normal) (G1 Evacuation Pause)
[27.834s][info][gc,task      ] GC(62) Using 8 workers of 8 for evacuation
[27.835s][info][gc,phases    ] GC(62)   Pre Evacuate Collection Set: 0.0ms
[27.835s][info][gc,phases    ] GC(62)   Evacuate Collection Set: 0.1ms
[27.835s][info][gc,phases    ] GC(62)   Post Evacuate Collection Set: 0.2ms
[27.835s][info][gc,phases    ] GC(62)   Other: 0.1ms
[27.835s][info][gc,heap      ] GC(62) Eden regions: 255->0(255)
[27.835s][info][gc,heap      ] GC(62) Survivor regions: 1->1(32)
[27.835s][info][gc,heap      ] GC(62) Old regions: 6->6
[27.835s][info][gc,heap      ] GC(62) Humongous regions: 0->0
[27.835s][info][gc,metaspace ] GC(62) Metaspace: 14629K(15232K)->14629K(15232K) NonClass: 13384K(13824K)->13384K(13824K) Class: 1244K(1408K)->1244K(1408K)
[27.835s][info][gc           ] GC(62) Pause Young (Normal) (G1 Evacuation Pause) 4170M->90M(8192M) 0.528ms
[27.835s][info][gc,cpu       ] GC(62) User=0.00s Sys=0.00s Real=0.00s
[28.267s][info][gc,start     ] GC(63) Pause Young (Normal) (G1 Evacuation Pause)
[28.267s][info][gc,task      ] GC(63) Using 8 workers of 8 for evacuation
[28.267s][info][gc,phases    ] GC(63)   Pre Evacuate Collection Set: 0.0ms
[28.267s][info][gc,phases    ] GC(63)   Evacuate Collection Set: 0.1ms
[28.267s][info][gc,phases    ] GC(63)   Post Evacuate Collection Set: 0.2ms
[28.267s][info][gc,phases    ] GC(63)   Other: 0.1ms
[28.267s][info][gc,heap      ] GC(63) Eden regions: 255->0(255)
[28.267s][info][gc,heap      ] GC(63) Survivor regions: 1->1(32)
[28.267s][info][gc,heap      ] GC(63) Old regions: 6->6
[28.267s][info][gc,heap      ] GC(63) Humongous regions: 0->0
[28.267s][info][gc,metaspace ] GC(63) Metaspace: 14629K(15232K)->14629K(15232K) NonClass: 13384K(13824K)->13384K(13824K) Class: 1244K(1408K)->1244K(1408K)
[28.267s][info][gc           ] GC(63) Pause Young (Normal) (G1 Evacuation Pause) 4170M->90M(8192M) 0.492ms
[28.267s][info][gc,cpu       ] GC(63) User=0.00s Sys=0.00s Real=0.00s
[28.697s][info][gc,start     ] GC(64) Pause Young (Normal) (G1 Evacuation Pause)
[28.697s][info][gc,task      ] GC(64) Using 8 workers of 8 for evacuation
[28.698s][info][gc,phases    ] GC(64)   Pre Evacuate Collection Set: 0.0ms
[28.698s][info][gc,phases    ] GC(64)   Evacuate Collection Set: 0.1ms
[28.698s][info][gc,phases    ] GC(64)   Post Evacuate Collection Set: 0.2ms
[28.698s][info][gc,phases    ] GC(64)   Other: 0.1ms
[28.698s][info][gc,heap      ] GC(64) Eden regions: 255->0(255)
[28.698s][info][gc,heap      ] GC(64) Survivor regions: 1->1(32)
[28.698s][info][gc,heap      ] GC(64) Old regions: 6->6
[28.698s][info][gc,heap      ] GC(64) Humongous regions: 0->0
[28.698s][info][gc,metaspace ] GC(64) Metaspace: 14629K(15232K)->14629K(15232K) NonClass: 13384K(13824K)->13384K(13824K) Class: 1244K(1408K)->1244K(1408K)
[28.698s][info][gc           ] GC(64) Pause Young (Normal) (G1 Evacuation Pause) 4170M->90M(8192M) 0.510ms
[28.698s][info][gc,cpu       ] GC(64) User=0.00s Sys=0.00s Real=0.00s
[29.128s][info][gc,start     ] GC(65) Pause Young (Normal) (G1 Evacuation Pause)
[29.128s][info][gc,task      ] GC(65) Using 8 workers of 8 for evacuation
[29.128s][info][gc,phases    ] GC(65)   Pre Evacuate Collection Set: 0.0ms
[29.128s][info][gc,phases    ] GC(65)   Evacuate Collection Set: 0.1ms
[29.128s][info][gc,phases    ] GC(65)   Post Evacuate Collection Set: 0.2ms
[29.128s][info][gc,phases    ] GC(65)   Other: 0.1ms
[29.128s][info][gc,heap      ] GC(65) Eden regions: 255->0(255)
[29.128s][info][gc,heap      ] GC(65) Survivor regions: 1->1(32)
[29.128s][info][gc,heap      ] GC(65) Old regions: 6->6
[29.128s][info][gc,heap      ] GC(65) Humongous regions: 0->0
[29.128s][info][gc,metaspace ] GC(65) Metaspace: 14629K(15232K)->14629K(15232K) NonClass: 13384K(13824K)->13384K(13824K) Class: 1244K(1408K)->1244K(1408K)
[29.128s][info][gc           ] GC(65) Pause Young (Normal) (G1 Evacuation Pause) 4170M->90M(8192M) 0.513ms
[29.128s][info][gc,cpu       ] GC(65) User=0.00s Sys=0.00s Real=0.00s
[29.558s][info][gc,start     ] GC(66) Pause Young (Normal) (G1 Evacuation Pause)
[29.558s][info][gc,task      ] GC(66) Using 8 workers of 8 for evacuation
[29.559s][info][gc,phases    ] GC(66)   Pre Evacuate Collection Set: 0.0ms
[29.559s][info][gc,phases    ] GC(66)   Evacuate Collection Set: 0.1ms
[29.559s][info][gc,phases    ] GC(66)   Post Evacuate Collection Set: 0.2ms
[29.559s][info][gc,phases    ] GC(66)   Other: 0.1ms
[29.559s][info][gc,heap      ] GC(66) Eden regions: 255->0(255)
[29.559s][info][gc,heap      ] GC(66) Survivor regions: 1->1(32)
[29.559s][info][gc,heap      ] GC(66) Old regions: 6->6
[29.559s][info][gc,heap      ] GC(66) Humongous regions: 0->0
[29.559s][info][gc,metaspace ] GC(66) Metaspace: 14629K(15232K)->14629K(15232K) NonClass: 13384K(13824K)->13384K(13824K) Class: 1244K(1408K)->1244K(1408K)
[29.559s][info][gc           ] GC(66) Pause Young (Normal) (G1 Evacuation Pause) 4170M->90M(8192M) 0.515ms
[29.559s][info][gc,cpu       ] GC(66) User=0.01s Sys=0.00s Real=0.00s
[29.988s][info][gc,start     ] GC(67) Pause Young (Normal) (G1 Evacuation Pause)
[29.988s][info][gc,task      ] GC(67) Using 8 workers of 8 for evacuation
[29.989s][info][gc,phases    ] GC(67)   Pre Evacuate Collection Set: 0.0ms
[29.989s][info][gc,phases    ] GC(67)   Evacuate Collection Set: 0.2ms
[29.989s][info][gc,phases    ] GC(67)   Post Evacuate Collection Set: 0.2ms
[29.989s][info][gc,phases    ] GC(67)   Other: 0.1ms
[29.989s][info][gc,heap      ] GC(67) Eden regions: 255->0(255)
[29.989s][info][gc,heap      ] GC(67) Survivor regions: 1->1(32)
[29.989s][info][gc,heap      ] GC(67) Old regions: 6->6
[29.989s][info][gc,heap      ] GC(67) Humongous regions: 0->0
[29.989s][info][gc,metaspace ] GC(67) Metaspace: 14629K(15232K)->14629K(15232K) NonClass: 13384K(13824K)->13384K(13824K) Class: 1244K(1408K)->1244K(1408K)
[29.989s][info][gc           ] GC(67) Pause Young (Normal) (G1 Evacuation Pause) 4170M->90M(8192M) 0.534ms
[29.989s][info][gc,cpu       ] GC(67) User=0.00s Sys=0.00s Real=0.00s
[30.419s][info][gc,start     ] GC(68) Pause Young (Normal) (G1 Evacuation Pause)
[30.419s][info][gc,task      ] GC(68) Using 8 workers of 8 for evacuation
[30.420s][info][gc,phases    ] GC(68)   Pre Evacuate Collection Set: 0.0ms
[30.420s][info][gc,phases    ] GC(68)   Evacuate Collection Set: 0.1ms
[30.420s][info][gc,phases    ] GC(68)   Post Evacuate Collection Set: 0.2ms
[30.420s][info][gc,phases    ] GC(68)   Other: 0.1ms
[30.420s][info][gc,heap      ] GC(68) Eden regions: 255->0(255)
[30.420s][info][gc,heap      ] GC(68) Survivor regions: 1->1(32)
[30.420s][info][gc,heap      ] GC(68) Old regions: 6->6
[30.420s][info][gc,heap      ] GC(68) Humongous regions: 0->0
[30.420s][info][gc,metaspace ] GC(68) Metaspace: 14629K(15232K)->14629K(15232K) NonClass: 13384K(13824K)->13384K(13824K) Class: 1244K(1408K)->1244K(1408K)
[30.420s][info][gc           ] GC(68) Pause Young (Normal) (G1 Evacuation Pause) 4170M->90M(8192M) 0.500ms
[30.420s][info][gc,cpu       ] GC(68) User=0.00s Sys=0.00s Real=0.00s
[30.849s][info][gc,start     ] GC(69) Pause Young (Normal) (G1 Evacuation Pause)
[30.849s][info][gc,task      ] GC(69) Using 8 workers of 8 for evacuation
[30.850s][info][gc,phases    ] GC(69)   Pre Evacuate Collection Set: 0.0ms
[30.850s][info][gc,phases    ] GC(69)   Evacuate Collection Set: 0.2ms
[30.850s][info][gc,phases    ] GC(69)   Post Evacuate Collection Set: 0.3ms
[30.850s][info][gc,phases    ] GC(69)   Other: 0.1ms
[30.850s][info][gc,heap      ] GC(69) Eden regions: 255->0(255)
[30.850s][info][gc,heap      ] GC(69) Survivor regions: 1->1(32)
[30.850s][info][gc,heap      ] GC(69) Old regions: 6->6
[30.850s][info][gc,heap      ] GC(69) Humongous regions: 0->0
[30.850s][info][gc,metaspace ] GC(69) Metaspace: 14629K(15232K)->14629K(15232K) NonClass: 13384K(13824K)->13384K(13824K) Class: 1244K(1408K)->1244K(1408K)
[30.850s][info][gc           ] GC(69) Pause Young (Normal) (G1 Evacuation Pause) 4170M->90M(8192M) 0.664ms
[30.850s][info][gc,cpu       ] GC(69) User=0.00s Sys=0.00s Real=0.00s
[31.295s][info][gc,start     ] GC(70) Pause Young (Normal) (G1 Evacuation Pause)
[31.295s][info][gc,task      ] GC(70) Using 8 workers of 8 for evacuation
[31.295s][info][gc,phases    ] GC(70)   Pre Evacuate Collection Set: 0.0ms
[31.295s][info][gc,phases    ] GC(70)   Evacuate Collection Set: 0.1ms
[31.295s][info][gc,phases    ] GC(70)   Post Evacuate Collection Set: 0.2ms
[31.295s][info][gc,phases    ] GC(70)   Other: 0.1ms
[31.295s][info][gc,heap      ] GC(70) Eden regions: 255->0(255)
[31.295s][info][gc,heap      ] GC(70) Survivor regions: 1->1(32)
[31.295s][info][gc,heap      ] GC(70) Old regions: 6->6
[31.295s][info][gc,heap      ] GC(70) Humongous regions: 0->0
[31.295s][info][gc,metaspace ] GC(70) Metaspace: 14632K(15232K)->14632K(15232K) NonClass: 13387K(13824K)->13387K(13824K) Class: 1244K(1408K)->1244K(1408K)
[31.295s][info][gc           ] GC(70) Pause Young (Normal) (G1 Evacuation Pause) 4170M->90M(8192M) 0.502ms
[31.295s][info][gc,cpu       ] GC(70) User=0.01s Sys=0.00s Real=0.00s
[31.728s][info][gc,start     ] GC(71) Pause Young (Normal) (G1 Evacuation Pause)
[31.728s][info][gc,task      ] GC(71) Using 8 workers of 8 for evacuation
[31.729s][info][gc,phases    ] GC(71)   Pre Evacuate Collection Set: 0.0ms
[31.729s][info][gc,phases    ] GC(71)   Evacuate Collection Set: 0.2ms
[31.729s][info][gc,phases    ] GC(71)   Post Evacuate Collection Set: 0.2ms
[31.729s][info][gc,phases    ] GC(71)   Other: 0.1ms
[31.729s][info][gc,heap      ] GC(71) Eden regions: 255->0(255)
[31.729s][info][gc,heap      ] GC(71) Survivor regions: 1->1(32)
[31.729s][info][gc,heap      ] GC(71) Old regions: 6->6
[31.729s][info][gc,heap      ] GC(71) Humongous regions: 0->0
[31.729s][info][gc,metaspace ] GC(71) Metaspace: 14632K(15232K)->14632K(15232K) NonClass: 13387K(13824K)->13387K(13824K) Class: 1244K(1408K)->1244K(1408K)
[31.729s][info][gc           ] GC(71) Pause Young (Normal) (G1 Evacuation Pause) 4170M->90M(8192M) 0.531ms
[31.729s][info][gc,cpu       ] GC(71) User=0.00s Sys=0.00s Real=0.00s
[32.161s][info][gc,start     ] GC(72) Pause Young (Normal) (G1 Evacuation Pause)
[32.161s][info][gc,task      ] GC(72) Using 8 workers of 8 for evacuation
[32.161s][info][gc,phases    ] GC(72)   Pre Evacuate Collection Set: 0.0ms
[32.161s][info][gc,phases    ] GC(72)   Evacuate Collection Set: 0.1ms
[32.161s][info][gc,phases    ] GC(72)   Post Evacuate Collection Set: 0.2ms
[32.161s][info][gc,phases    ] GC(72)   Other: 0.1ms
[32.161s][info][gc,heap      ] GC(72) Eden regions: 255->0(255)
[32.161s][info][gc,heap      ] GC(72) Survivor regions: 1->1(32)
[32.161s][info][gc,heap      ] GC(72) Old regions: 6->6
[32.161s][info][gc,heap      ] GC(72) Humongous regions: 0->0
[32.161s][info][gc,metaspace ] GC(72) Metaspace: 14632K(15232K)->14632K(15232K) NonClass: 13387K(13824K)->13387K(13824K) Class: 1244K(1408K)->1244K(1408K)
[32.161s][info][gc           ] GC(72) Pause Young (Normal) (G1 Evacuation Pause) 4170M->90M(8192M) 0.508ms
[32.161s][info][gc,cpu       ] GC(72) User=0.00s Sys=0.00s Real=0.00s
[32.592s][info][gc,start     ] GC(73) Pause Young (Normal) (G1 Evacuation Pause)
[32.592s][info][gc,task      ] GC(73) Using 8 workers of 8 for evacuation
[32.593s][info][gc,phases    ] GC(73)   Pre Evacuate Collection Set: 0.0ms
[32.593s][info][gc,phases    ] GC(73)   Evacuate Collection Set: 0.2ms
[32.593s][info][gc,phases    ] GC(73)   Post Evacuate Collection Set: 0.2ms
[32.593s][info][gc,phases    ] GC(73)   Other: 0.1ms
[32.593s][info][gc,heap      ] GC(73) Eden regions: 255->0(255)
[32.593s][info][gc,heap      ] GC(73) Survivor regions: 1->1(32)
[32.593s][info][gc,heap      ] GC(73) Old regions: 6->6
[32.593s][info][gc,heap      ] GC(73) Humongous regions: 0->0
[32.593s][info][gc,metaspace ] GC(73) Metaspace: 14632K(15232K)->14632K(15232K) NonClass: 13387K(13824K)->13387K(13824K) Class: 1244K(1408K)->1244K(1408K)
[32.593s][info][gc           ] GC(73) Pause Young (Normal) (G1 Evacuation Pause) 4170M->90M(8192M) 0.524ms
[32.593s][info][gc,cpu       ] GC(73) User=0.00s Sys=0.00s Real=0.00s
[33.023s][info][gc,start     ] GC(74) Pause Young (Normal) (G1 Evacuation Pause)
[33.023s][info][gc,task      ] GC(74) Using 8 workers of 8 for evacuation
[33.024s][info][gc,phases    ] GC(74)   Pre Evacuate Collection Set: 0.0ms
[33.024s][info][gc,phases    ] GC(74)   Evacuate Collection Set: 0.1ms
[33.024s][info][gc,phases    ] GC(74)   Post Evacuate Collection Set: 0.2ms
[33.024s][info][gc,phases    ] GC(74)   Other: 0.1ms
[33.024s][info][gc,heap      ] GC(74) Eden regions: 255->0(255)
[33.024s][info][gc,heap      ] GC(74) Survivor regions: 1->1(32)
[33.024s][info][gc,heap      ] GC(74) Old regions: 6->6
[33.024s][info][gc,heap      ] GC(74) Humongous regions: 0->0
[33.024s][info][gc,metaspace ] GC(74) Metaspace: 14632K(15232K)->14632K(15232K) NonClass: 13387K(13824K)->13387K(13824K) Class: 1244K(1408K)->1244K(1408K)
[33.024s][info][gc           ] GC(74) Pause Young (Normal) (G1 Evacuation Pause) 4170M->90M(8192M) 0.500ms
[33.024s][info][gc,cpu       ] GC(74) User=0.00s Sys=0.00s Real=0.00s
[33.454s][info][gc,start     ] GC(75) Pause Young (Normal) (G1 Evacuation Pause)
[33.454s][info][gc,task      ] GC(75) Using 8 workers of 8 for evacuation
[33.455s][info][gc,phases    ] GC(75)   Pre Evacuate Collection Set: 0.0ms
[33.455s][info][gc,phases    ] GC(75)   Evacuate Collection Set: 0.1ms
[33.455s][info][gc,phases    ] GC(75)   Post Evacuate Collection Set: 0.2ms
[33.455s][info][gc,phases    ] GC(75)   Other: 0.1ms
[33.455s][info][gc,heap      ] GC(75) Eden regions: 255->0(255)
[33.455s][info][gc,heap      ] GC(75) Survivor regions: 1->1(32)
[33.455s][info][gc,heap      ] GC(75) Old regions: 6->6
[33.455s][info][gc,heap      ] GC(75) Humongous regions: 0->0
[33.455s][info][gc,metaspace ] GC(75) Metaspace: 14632K(15232K)->14632K(15232K) NonClass: 13387K(13824K)->13387K(13824K) Class: 1244K(1408K)->1244K(1408K)
[33.455s][info][gc           ] GC(75) Pause Young (Normal) (G1 Evacuation Pause) 4170M->90M(8192M) 0.475ms
[33.455s][info][gc,cpu       ] GC(75) User=0.00s Sys=0.00s Real=0.00s
[33.885s][info][gc,start     ] GC(76) Pause Young (Normal) (G1 Evacuation Pause)
[33.885s][info][gc,task      ] GC(76) Using 8 workers of 8 for evacuation
[33.885s][info][gc,phases    ] GC(76)   Pre Evacuate Collection Set: 0.0ms
[33.885s][info][gc,phases    ] GC(76)   Evacuate Collection Set: 0.2ms
[33.885s][info][gc,phases    ] GC(76)   Post Evacuate Collection Set: 0.3ms
[33.885s][info][gc,phases    ] GC(76)   Other: 0.1ms
[33.885s][info][gc,heap      ] GC(76) Eden regions: 255->0(255)
[33.885s][info][gc,heap      ] GC(76) Survivor regions: 1->1(32)
[33.885s][info][gc,heap      ] GC(76) Old regions: 6->6
[33.885s][info][gc,heap      ] GC(76) Humongous regions: 0->0
[33.885s][info][gc,metaspace ] GC(76) Metaspace: 14632K(15232K)->14632K(15232K) NonClass: 13387K(13824K)->13387K(13824K) Class: 1244K(1408K)->1244K(1408K)
[33.885s][info][gc           ] GC(76) Pause Young (Normal) (G1 Evacuation Pause) 4170M->90M(8192M) 0.616ms
[33.885s][info][gc,cpu       ] GC(76) User=0.01s Sys=0.00s Real=0.00s
[34.315s][info][gc,start     ] GC(77) Pause Young (Normal) (G1 Evacuation Pause)
[34.316s][info][gc,task      ] GC(77) Using 8 workers of 8 for evacuation
[34.316s][info][gc,phases    ] GC(77)   Pre Evacuate Collection Set: 0.0ms
[34.316s][info][gc,phases    ] GC(77)   Evacuate Collection Set: 0.2ms
[34.316s][info][gc,phases    ] GC(77)   Post Evacuate Collection Set: 0.3ms
[34.316s][info][gc,phases    ] GC(77)   Other: 0.1ms
[34.316s][info][gc,heap      ] GC(77) Eden regions: 255->0(255)
[34.316s][info][gc,heap      ] GC(77) Survivor regions: 1->1(32)
[34.316s][info][gc,heap      ] GC(77) Old regions: 6->6
[34.316s][info][gc,heap      ] GC(77) Humongous regions: 0->0
[34.316s][info][gc,metaspace ] GC(77) Metaspace: 14632K(15232K)->14632K(15232K) NonClass: 13387K(13824K)->13387K(13824K) Class: 1244K(1408K)->1244K(1408K)
[34.316s][info][gc           ] GC(77) Pause Young (Normal) (G1 Evacuation Pause) 4170M->90M(8192M) 0.698ms
[34.316s][info][gc,cpu       ] GC(77) User=0.01s Sys=0.00s Real=0.01s
[34.746s][info][gc,start     ] GC(78) Pause Young (Normal) (G1 Evacuation Pause)
[34.746s][info][gc,task      ] GC(78) Using 8 workers of 8 for evacuation
[34.746s][info][gc,phases    ] GC(78)   Pre Evacuate Collection Set: 0.0ms
[34.746s][info][gc,phases    ] GC(78)   Evacuate Collection Set: 0.1ms
[34.746s][info][gc,phases    ] GC(78)   Post Evacuate Collection Set: 0.2ms
[34.746s][info][gc,phases    ] GC(78)   Other: 0.1ms
[34.746s][info][gc,heap      ] GC(78) Eden regions: 255->0(255)
[34.746s][info][gc,heap      ] GC(78) Survivor regions: 1->1(32)
[34.746s][info][gc,heap      ] GC(78) Old regions: 6->6
[34.746s][info][gc,heap      ] GC(78) Humongous regions: 0->0
[34.746s][info][gc,metaspace ] GC(78) Metaspace: 14632K(15232K)->14632K(15232K) NonClass: 13387K(13824K)->13387K(13824K) Class: 1244K(1408K)->1244K(1408K)
[34.746s][info][gc           ] GC(78) Pause Young (Normal) (G1 Evacuation Pause) 4170M->90M(8192M) 0.501ms
[34.746s][info][gc,cpu       ] GC(78) User=0.00s Sys=0.00s Real=0.00s
[35.177s][info][gc,start     ] GC(79) Pause Young (Normal) (G1 Evacuation Pause)
[35.177s][info][gc,task      ] GC(79) Using 8 workers of 8 for evacuation
[35.177s][info][gc,phases    ] GC(79)   Pre Evacuate Collection Set: 0.0ms
[35.178s][info][gc,phases    ] GC(79)   Evacuate Collection Set: 0.1ms
[35.178s][info][gc,phases    ] GC(79)   Post Evacuate Collection Set: 0.2ms
[35.178s][info][gc,phases    ] GC(79)   Other: 0.1ms
[35.178s][info][gc,heap      ] GC(79) Eden regions: 255->0(255)
[35.178s][info][gc,heap      ] GC(79) Survivor regions: 1->1(32)
[35.178s][info][gc,heap      ] GC(79) Old regions: 6->6
[35.178s][info][gc,heap      ] GC(79) Humongous regions: 0->0
[35.178s][info][gc,metaspace ] GC(79) Metaspace: 14632K(15232K)->14632K(15232K) NonClass: 13387K(13824K)->13387K(13824K) Class: 1244K(1408K)->1244K(1408K)
[35.178s][info][gc           ] GC(79) Pause Young (Normal) (G1 Evacuation Pause) 4170M->90M(8192M) 0.488ms
[35.178s][info][gc,cpu       ] GC(79) User=0.00s Sys=0.00s Real=0.00s
[35.607s][info][gc,start     ] GC(80) Pause Young (Normal) (G1 Evacuation Pause)
[35.607s][info][gc,task      ] GC(80) Using 8 workers of 8 for evacuation
[35.607s][info][gc,phases    ] GC(80)   Pre Evacuate Collection Set: 0.0ms
[35.607s][info][gc,phases    ] GC(80)   Evacuate Collection Set: 0.2ms
[35.608s][info][gc,phases    ] GC(80)   Post Evacuate Collection Set: 0.2ms
[35.608s][info][gc,phases    ] GC(80)   Other: 0.1ms
[35.608s][info][gc,heap      ] GC(80) Eden regions: 255->0(255)
[35.608s][info][gc,heap      ] GC(80) Survivor regions: 1->1(32)
[35.608s][info][gc,heap      ] GC(80) Old regions: 6->6
[35.608s][info][gc,heap      ] GC(80) Humongous regions: 0->0
[35.608s][info][gc,metaspace ] GC(80) Metaspace: 14632K(15232K)->14632K(15232K) NonClass: 13387K(13824K)->13387K(13824K) Class: 1244K(1408K)->1244K(1408K)
[35.608s][info][gc           ] GC(80) Pause Young (Normal) (G1 Evacuation Pause) 4170M->90M(8192M) 0.545ms
[35.608s][info][gc,cpu       ] GC(80) User=0.00s Sys=0.00s Real=0.00s
[36.046s][info][gc,start     ] GC(81) Pause Young (Normal) (G1 Evacuation Pause)
[36.046s][info][gc,task      ] GC(81) Using 8 workers of 8 for evacuation
[36.046s][info][gc,phases    ] GC(81)   Pre Evacuate Collection Set: 0.0ms
[36.046s][info][gc,phases    ] GC(81)   Evacuate Collection Set: 0.2ms
[36.046s][info][gc,phases    ] GC(81)   Post Evacuate Collection Set: 0.2ms
[36.046s][info][gc,phases    ] GC(81)   Other: 0.1ms
[36.046s][info][gc,heap      ] GC(81) Eden regions: 255->0(255)
[36.046s][info][gc,heap      ] GC(81) Survivor regions: 1->1(32)
[36.046s][info][gc,heap      ] GC(81) Old regions: 6->6
[36.046s][info][gc,heap      ] GC(81) Humongous regions: 0->0
[36.046s][info][gc,metaspace ] GC(81) Metaspace: 14636K(15232K)->14636K(15232K) NonClass: 13392K(13824K)->13392K(13824K) Class: 1244K(1408K)->1244K(1408K)
[36.046s][info][gc           ] GC(81) Pause Young (Normal) (G1 Evacuation Pause) 4170M->90M(8192M) 0.529ms
[36.046s][info][gc,cpu       ] GC(81) User=0.00s Sys=0.00s Real=0.01s
[36.484s][info][gc,start     ] GC(82) Pause Young (Normal) (G1 Evacuation Pause)
[36.484s][info][gc,task      ] GC(82) Using 8 workers of 8 for evacuation
[36.484s][info][gc,phases    ] GC(82)   Pre Evacuate Collection Set: 0.0ms
[36.484s][info][gc,phases    ] GC(82)   Evacuate Collection Set: 0.2ms
[36.484s][info][gc,phases    ] GC(82)   Post Evacuate Collection Set: 0.3ms
[36.484s][info][gc,phases    ] GC(82)   Other: 0.1ms
[36.484s][info][gc,heap      ] GC(82) Eden regions: 255->0(255)
[36.484s][info][gc,heap      ] GC(82) Survivor regions: 1->1(32)
[36.484s][info][gc,heap      ] GC(82) Old regions: 6->6
[36.484s][info][gc,heap      ] GC(82) Humongous regions: 0->0
[36.484s][info][gc,metaspace ] GC(82) Metaspace: 14636K(15232K)->14636K(15232K) NonClass: 13392K(13824K)->13392K(13824K) Class: 1244K(1408K)->1244K(1408K)
[36.484s][info][gc           ] GC(82) Pause Young (Normal) (G1 Evacuation Pause) 4170M->90M(8192M) 0.595ms
[36.484s][info][gc,cpu       ] GC(82) User=0.00s Sys=0.00s Real=0.00s
[36.916s][info][gc,start     ] GC(83) Pause Young (Normal) (G1 Evacuation Pause)
[36.916s][info][gc,task      ] GC(83) Using 8 workers of 8 for evacuation
[36.917s][info][gc,phases    ] GC(83)   Pre Evacuate Collection Set: 0.0ms
[36.917s][info][gc,phases    ] GC(83)   Evacuate Collection Set: 0.2ms
[36.917s][info][gc,phases    ] GC(83)   Post Evacuate Collection Set: 0.2ms
[36.917s][info][gc,phases    ] GC(83)   Other: 0.1ms
[36.917s][info][gc,heap      ] GC(83) Eden regions: 255->0(255)
[36.917s][info][gc,heap      ] GC(83) Survivor regions: 1->1(32)
[36.917s][info][gc,heap      ] GC(83) Old regions: 6->6
[36.917s][info][gc,heap      ] GC(83) Humongous regions: 0->0
[36.917s][info][gc,metaspace ] GC(83) Metaspace: 14636K(15232K)->14636K(15232K) NonClass: 13392K(13824K)->13392K(13824K) Class: 1244K(1408K)->1244K(1408K)
[36.917s][info][gc           ] GC(83) Pause Young (Normal) (G1 Evacuation Pause) 4170M->90M(8192M) 0.555ms
[36.917s][info][gc,cpu       ] GC(83) User=0.00s Sys=0.00s Real=0.00s
[37.348s][info][gc,start     ] GC(84) Pause Young (Normal) (G1 Evacuation Pause)
[37.348s][info][gc,task      ] GC(84) Using 8 workers of 8 for evacuation
[37.349s][info][gc,phases    ] GC(84)   Pre Evacuate Collection Set: 0.0ms
[37.349s][info][gc,phases    ] GC(84)   Evacuate Collection Set: 0.2ms
[37.349s][info][gc,phases    ] GC(84)   Post Evacuate Collection Set: 0.3ms
[37.349s][info][gc,phases    ] GC(84)   Other: 0.1ms
[37.349s][info][gc,heap      ] GC(84) Eden regions: 255->0(255)
[37.349s][info][gc,heap      ] GC(84) Survivor regions: 1->1(32)
[37.349s][info][gc,heap      ] GC(84) Old regions: 6->6
[37.349s][info][gc,heap      ] GC(84) Humongous regions: 0->0
[37.349s][info][gc,metaspace ] GC(84) Metaspace: 14636K(15232K)->14636K(15232K) NonClass: 13392K(13824K)->13392K(13824K) Class: 1244K(1408K)->1244K(1408K)
[37.349s][info][gc           ] GC(84) Pause Young (Normal) (G1 Evacuation Pause) 4170M->90M(8192M) 0.652ms
[37.349s][info][gc,cpu       ] GC(84) User=0.00s Sys=0.00s Real=0.00s
[37.780s][info][gc,start     ] GC(85) Pause Young (Normal) (G1 Evacuation Pause)
[37.780s][info][gc,task      ] GC(85) Using 8 workers of 8 for evacuation
[37.780s][info][gc,phases    ] GC(85)   Pre Evacuate Collection Set: 0.0ms
[37.780s][info][gc,phases    ] GC(85)   Evacuate Collection Set: 0.1ms
[37.780s][info][gc,phases    ] GC(85)   Post Evacuate Collection Set: 0.2ms
[37.780s][info][gc,phases    ] GC(85)   Other: 0.1ms
[37.780s][info][gc,heap      ] GC(85) Eden regions: 255->0(255)
[37.780s][info][gc,heap      ] GC(85) Survivor regions: 1->1(32)
[37.780s][info][gc,heap      ] GC(85) Old regions: 6->6
[37.780s][info][gc,heap      ] GC(85) Humongous regions: 0->0
[37.780s][info][gc,metaspace ] GC(85) Metaspace: 14636K(15232K)->14636K(15232K) NonClass: 13392K(13824K)->13392K(13824K) Class: 1244K(1408K)->1244K(1408K)
[37.780s][info][gc           ] GC(85) Pause Young (Normal) (G1 Evacuation Pause) 4170M->90M(8192M) 0.489ms
[37.780s][info][gc,cpu       ] GC(85) User=0.00s Sys=0.00s Real=0.00s
[38.219s][info][gc,start     ] GC(86) Pause Young (Normal) (G1 Evacuation Pause)
[38.219s][info][gc,task      ] GC(86) Using 8 workers of 8 for evacuation
[38.219s][info][gc,phases    ] GC(86)   Pre Evacuate Collection Set: 0.0ms
[38.219s][info][gc,phases    ] GC(86)   Evacuate Collection Set: 0.2ms
[38.219s][info][gc,phases    ] GC(86)   Post Evacuate Collection Set: 0.3ms
[38.219s][info][gc,phases    ] GC(86)   Other: 0.1ms
[38.219s][info][gc,heap      ] GC(86) Eden regions: 255->0(255)
[38.219s][info][gc,heap      ] GC(86) Survivor regions: 1->1(32)
[38.219s][info][gc,heap      ] GC(86) Old regions: 6->6
[38.219s][info][gc,heap      ] GC(86) Humongous regions: 0->0
[38.219s][info][gc,metaspace ] GC(86) Metaspace: 14636K(15232K)->14636K(15232K) NonClass: 13392K(13824K)->13392K(13824K) Class: 1244K(1408K)->1244K(1408K)
[38.219s][info][gc           ] GC(86) Pause Young (Normal) (G1 Evacuation Pause) 4170M->90M(8192M) 0.661ms
[38.219s][info][gc,cpu       ] GC(86) User=0.00s Sys=0.00s Real=0.00s
[38.651s][info][gc,start     ] GC(87) Pause Young (Normal) (G1 Evacuation Pause)
[38.651s][info][gc,task      ] GC(87) Using 8 workers of 8 for evacuation
[38.652s][info][gc,phases    ] GC(87)   Pre Evacuate Collection Set: 0.0ms
[38.652s][info][gc,phases    ] GC(87)   Evacuate Collection Set: 0.2ms
[38.652s][info][gc,phases    ] GC(87)   Post Evacuate Collection Set: 0.3ms
[38.652s][info][gc,phases    ] GC(87)   Other: 0.1ms
[38.652s][info][gc,heap      ] GC(87) Eden regions: 255->0(255)
[38.652s][info][gc,heap      ] GC(87) Survivor regions: 1->1(32)
[38.652s][info][gc,heap      ] GC(87) Old regions: 6->6
[38.652s][info][gc,heap      ] GC(87) Humongous regions: 0->0
[38.652s][info][gc,metaspace ] GC(87) Metaspace: 14636K(15232K)->14636K(15232K) NonClass: 13392K(13824K)->13392K(13824K) Class: 1244K(1408K)->1244K(1408K)
[38.652s][info][gc           ] GC(87) Pause Young (Normal) (G1 Evacuation Pause) 4170M->90M(8192M) 0.607ms
[38.652s][info][gc,cpu       ] GC(87) User=0.00s Sys=0.00s Real=0.00s
[39.081s][info][gc,start     ] GC(88) Pause Young (Normal) (G1 Evacuation Pause)
[39.081s][info][gc,task      ] GC(88) Using 8 workers of 8 for evacuation
[39.082s][info][gc,phases    ] GC(88)   Pre Evacuate Collection Set: 0.0ms
[39.082s][info][gc,phases    ] GC(88)   Evacuate Collection Set: 0.2ms
[39.082s][info][gc,phases    ] GC(88)   Post Evacuate Collection Set: 0.3ms
[39.082s][info][gc,phases    ] GC(88)   Other: 0.1ms
[39.082s][info][gc,heap      ] GC(88) Eden regions: 255->0(255)
[39.082s][info][gc,heap      ] GC(88) Survivor regions: 1->1(32)
[39.082s][info][gc,heap      ] GC(88) Old regions: 6->6
[39.082s][info][gc,heap      ] GC(88) Humongous regions: 0->0
[39.082s][info][gc,metaspace ] GC(88) Metaspace: 14636K(15232K)->14636K(15232K) NonClass: 13392K(13824K)->13392K(13824K) Class: 1244K(1408K)->1244K(1408K)
[39.082s][info][gc           ] GC(88) Pause Young (Normal) (G1 Evacuation Pause) 4170M->90M(8192M) 0.659ms
[39.082s][info][gc,cpu       ] GC(88) User=0.00s Sys=0.00s Real=0.00s
[39.512s][info][gc,start     ] GC(89) Pause Young (Normal) (G1 Evacuation Pause)
[39.512s][info][gc,task      ] GC(89) Using 8 workers of 8 for evacuation
[39.512s][info][gc,phases    ] GC(89)   Pre Evacuate Collection Set: 0.0ms
[39.513s][info][gc,phases    ] GC(89)   Evacuate Collection Set: 0.1ms
[39.513s][info][gc,phases    ] GC(89)   Post Evacuate Collection Set: 0.2ms
[39.513s][info][gc,phases    ] GC(89)   Other: 0.1ms
[39.513s][info][gc,heap      ] GC(89) Eden regions: 255->0(255)
[39.513s][info][gc,heap      ] GC(89) Survivor regions: 1->1(32)
[39.513s][info][gc,heap      ] GC(89) Old regions: 6->6
[39.513s][info][gc,heap      ] GC(89) Humongous regions: 0->0
[39.513s][info][gc,metaspace ] GC(89) Metaspace: 14636K(15232K)->14636K(15232K) NonClass: 13392K(13824K)->13392K(13824K) Class: 1244K(1408K)->1244K(1408K)
[39.513s][info][gc           ] GC(89) Pause Young (Normal) (G1 Evacuation Pause) 4170M->90M(8192M) 0.506ms
[39.513s][info][gc,cpu       ] GC(89) User=0.00s Sys=0.00s Real=0.00s
[39.942s][info][gc,start     ] GC(90) Pause Young (Normal) (G1 Evacuation Pause)
[39.942s][info][gc,task      ] GC(90) Using 8 workers of 8 for evacuation
[39.942s][info][gc,phases    ] GC(90)   Pre Evacuate Collection Set: 0.0ms
[39.942s][info][gc,phases    ] GC(90)   Evacuate Collection Set: 0.1ms
[39.942s][info][gc,phases    ] GC(90)   Post Evacuate Collection Set: 0.2ms
[39.942s][info][gc,phases    ] GC(90)   Other: 0.1ms
[39.942s][info][gc,heap      ] GC(90) Eden regions: 255->0(255)
[39.942s][info][gc,heap      ] GC(90) Survivor regions: 1->1(32)
[39.942s][info][gc,heap      ] GC(90) Old regions: 6->6
[39.942s][info][gc,heap      ] GC(90) Humongous regions: 0->0
[39.942s][info][gc,metaspace ] GC(90) Metaspace: 14636K(15232K)->14636K(15232K) NonClass: 13392K(13824K)->13392K(13824K) Class: 1244K(1408K)->1244K(1408K)
[39.942s][info][gc           ] GC(90) Pause Young (Normal) (G1 Evacuation Pause) 4170M->90M(8192M) 0.529ms
[39.942s][info][gc,cpu       ] GC(90) User=0.00s Sys=0.00s Real=0.00s
[40.383s][info][gc,start     ] GC(91) Pause Young (Normal) (G1 Evacuation Pause)
[40.383s][info][gc,task      ] GC(91) Using 8 workers of 8 for evacuation
[40.384s][info][gc,phases    ] GC(91)   Pre Evacuate Collection Set: 0.0ms
[40.384s][info][gc,phases    ] GC(91)   Evacuate Collection Set: 0.1ms
[40.384s][info][gc,phases    ] GC(91)   Post Evacuate Collection Set: 0.2ms
[40.384s][info][gc,phases    ] GC(91)   Other: 0.1ms
[40.384s][info][gc,heap      ] GC(91) Eden regions: 255->0(255)
[40.384s][info][gc,heap      ] GC(91) Survivor regions: 1->1(32)
[40.384s][info][gc,heap      ] GC(91) Old regions: 6->6
[40.384s][info][gc,heap      ] GC(91) Humongous regions: 0->0
[40.384s][info][gc,metaspace ] GC(91) Metaspace: 14636K(15232K)->14636K(15232K) NonClass: 13392K(13824K)->13392K(13824K) Class: 1244K(1408K)->1244K(1408K)
[40.384s][info][gc           ] GC(91) Pause Young (Normal) (G1 Evacuation Pause) 4170M->90M(8192M) 0.504ms
[40.384s][info][gc,cpu       ] GC(91) User=0.00s Sys=0.00s Real=0.00s
[40.814s][info][gc,start     ] GC(92) Pause Young (Normal) (G1 Evacuation Pause)
[40.814s][info][gc,task      ] GC(92) Using 8 workers of 8 for evacuation
[40.814s][info][gc,phases    ] GC(92)   Pre Evacuate Collection Set: 0.0ms
[40.814s][info][gc,phases    ] GC(92)   Evacuate Collection Set: 0.1ms
[40.814s][info][gc,phases    ] GC(92)   Post Evacuate Collection Set: 0.2ms
[40.814s][info][gc,phases    ] GC(92)   Other: 0.1ms
[40.814s][info][gc,heap      ] GC(92) Eden regions: 255->0(255)
[40.814s][info][gc,heap      ] GC(92) Survivor regions: 1->1(32)
[40.814s][info][gc,heap      ] GC(92) Old regions: 6->6
[40.814s][info][gc,heap      ] GC(92) Humongous regions: 0->0
[40.814s][info][gc,metaspace ] GC(92) Metaspace: 14636K(15232K)->14636K(15232K) NonClass: 13392K(13824K)->13392K(13824K) Class: 1244K(1408K)->1244K(1408K)
[40.814s][info][gc           ] GC(92) Pause Young (Normal) (G1 Evacuation Pause) 4170M->90M(8192M) 0.538ms
[40.814s][info][gc,cpu       ] GC(92) User=0.00s Sys=0.00s Real=0.00s
[41.259s][info][gc,start     ] GC(93) Pause Young (Normal) (G1 Evacuation Pause)
[41.259s][info][gc,task      ] GC(93) Using 8 workers of 8 for evacuation
[41.259s][info][gc,phases    ] GC(93)   Pre Evacuate Collection Set: 0.0ms
[41.259s][info][gc,phases    ] GC(93)   Evacuate Collection Set: 0.1ms
[41.259s][info][gc,phases    ] GC(93)   Post Evacuate Collection Set: 0.2ms
[41.259s][info][gc,phases    ] GC(93)   Other: 0.1ms
[41.259s][info][gc,heap      ] GC(93) Eden regions: 255->0(255)
[41.259s][info][gc,heap      ] GC(93) Survivor regions: 1->1(32)
[41.259s][info][gc,heap      ] GC(93) Old regions: 6->6
[41.259s][info][gc,heap      ] GC(93) Humongous regions: 0->0
[41.259s][info][gc,metaspace ] GC(93) Metaspace: 14636K(15232K)->14636K(15232K) NonClass: 13392K(13824K)->13392K(13824K) Class: 1244K(1408K)->1244K(1408K)
[41.259s][info][gc           ] GC(93) Pause Young (Normal) (G1 Evacuation Pause) 4170M->90M(8192M) 0.523ms
[41.259s][info][gc,cpu       ] GC(93) User=0.00s Sys=0.00s Real=0.00s
[41.692s][info][gc,start     ] GC(94) Pause Young (Normal) (G1 Evacuation Pause)
[41.692s][info][gc,task      ] GC(94) Using 8 workers of 8 for evacuation
[41.693s][info][gc,phases    ] GC(94)   Pre Evacuate Collection Set: 0.0ms
[41.693s][info][gc,phases    ] GC(94)   Evacuate Collection Set: 0.1ms
[41.693s][info][gc,phases    ] GC(94)   Post Evacuate Collection Set: 0.2ms
[41.693s][info][gc,phases    ] GC(94)   Other: 0.1ms
[41.693s][info][gc,heap      ] GC(94) Eden regions: 255->0(255)
[41.693s][info][gc,heap      ] GC(94) Survivor regions: 1->1(32)
[41.693s][info][gc,heap      ] GC(94) Old regions: 6->6
[41.693s][info][gc,heap      ] GC(94) Humongous regions: 0->0
[41.693s][info][gc,metaspace ] GC(94) Metaspace: 14636K(15232K)->14636K(15232K) NonClass: 13392K(13824K)->13392K(13824K) Class: 1244K(1408K)->1244K(1408K)
[41.693s][info][gc           ] GC(94) Pause Young (Normal) (G1 Evacuation Pause) 4170M->90M(8192M) 0.502ms
[41.693s][info][gc,cpu       ] GC(94) User=0.01s Sys=0.00s Real=0.00s
[42.124s][info][gc,start     ] GC(95) Pause Young (Normal) (G1 Evacuation Pause)
[42.124s][info][gc,task      ] GC(95) Using 8 workers of 8 for evacuation
[42.124s][info][gc,phases    ] GC(95)   Pre Evacuate Collection Set: 0.0ms
[42.124s][info][gc,phases    ] GC(95)   Evacuate Collection Set: 0.1ms
[42.124s][info][gc,phases    ] GC(95)   Post Evacuate Collection Set: 0.2ms
[42.124s][info][gc,phases    ] GC(95)   Other: 0.1ms
[42.124s][info][gc,heap      ] GC(95) Eden regions: 255->0(255)
[42.124s][info][gc,heap      ] GC(95) Survivor regions: 1->1(32)
[42.124s][info][gc,heap      ] GC(95) Old regions: 6->6
[42.124s][info][gc,heap      ] GC(95) Humongous regions: 0->0
[42.124s][info][gc,metaspace ] GC(95) Metaspace: 14636K(15232K)->14636K(15232K) NonClass: 13392K(13824K)->13392K(13824K) Class: 1244K(1408K)->1244K(1408K)
[42.124s][info][gc           ] GC(95) Pause Young (Normal) (G1 Evacuation Pause) 4170M->90M(8192M) 0.512ms
[42.124s][info][gc,cpu       ] GC(95) User=0.01s Sys=0.00s Real=0.00s
[42.555s][info][gc,start     ] GC(96) Pause Young (Normal) (G1 Evacuation Pause)
[42.556s][info][gc,task      ] GC(96) Using 8 workers of 8 for evacuation
[42.556s][info][gc,phases    ] GC(96)   Pre Evacuate Collection Set: 0.0ms
[42.556s][info][gc,phases    ] GC(96)   Evacuate Collection Set: 0.1ms
[42.556s][info][gc,phases    ] GC(96)   Post Evacuate Collection Set: 0.2ms
[42.556s][info][gc,phases    ] GC(96)   Other: 0.4ms
[42.556s][info][gc,heap      ] GC(96) Eden regions: 255->0(255)
[42.556s][info][gc,heap      ] GC(96) Survivor regions: 1->1(32)
[42.556s][info][gc,heap      ] GC(96) Old regions: 6->6
[42.556s][info][gc,heap      ] GC(96) Humongous regions: 0->0
[42.556s][info][gc,metaspace ] GC(96) Metaspace: 14636K(15232K)->14636K(15232K) NonClass: 13392K(13824K)->13392K(13824K) Class: 1244K(1408K)->1244K(1408K)
[42.556s][info][gc           ] GC(96) Pause Young (Normal) (G1 Evacuation Pause) 4170M->90M(8192M) 0.771ms
[42.556s][info][gc,cpu       ] GC(96) User=0.01s Sys=0.00s Real=0.01s
[42.987s][info][gc,start     ] GC(97) Pause Young (Normal) (G1 Evacuation Pause)
[42.987s][info][gc,task      ] GC(97) Using 8 workers of 8 for evacuation
[42.987s][info][gc,phases    ] GC(97)   Pre Evacuate Collection Set: 0.0ms
[42.987s][info][gc,phases    ] GC(97)   Evacuate Collection Set: 0.2ms
[42.987s][info][gc,phases    ] GC(97)   Post Evacuate Collection Set: 0.3ms
[42.987s][info][gc,phases    ] GC(97)   Other: 0.1ms
[42.987s][info][gc,heap      ] GC(97) Eden regions: 255->0(255)
[42.987s][info][gc,heap      ] GC(97) Survivor regions: 1->1(32)
[42.987s][info][gc,heap      ] GC(97) Old regions: 6->6
[42.987s][info][gc,heap      ] GC(97) Humongous regions: 0->0
[42.987s][info][gc,metaspace ] GC(97) Metaspace: 14636K(15232K)->14636K(15232K) NonClass: 13392K(13824K)->13392K(13824K) Class: 1244K(1408K)->1244K(1408K)
[42.987s][info][gc           ] GC(97) Pause Young (Normal) (G1 Evacuation Pause) 4170M->90M(8192M) 0.598ms
[42.987s][info][gc,cpu       ] GC(97) User=0.01s Sys=0.00s Real=0.00s
[43.418s][info][gc,start     ] GC(98) Pause Young (Normal) (G1 Evacuation Pause)
[43.418s][info][gc,task      ] GC(98) Using 8 workers of 8 for evacuation
[43.419s][info][gc,phases    ] GC(98)   Pre Evacuate Collection Set: 0.0ms
[43.419s][info][gc,phases    ] GC(98)   Evacuate Collection Set: 0.2ms
[43.419s][info][gc,phases    ] GC(98)   Post Evacuate Collection Set: 0.3ms
[43.419s][info][gc,phases    ] GC(98)   Other: 0.1ms
[43.419s][info][gc,heap      ] GC(98) Eden regions: 255->0(255)
[43.419s][info][gc,heap      ] GC(98) Survivor regions: 1->1(32)
[43.419s][info][gc,heap      ] GC(98) Old regions: 6->6
[43.419s][info][gc,heap      ] GC(98) Humongous regions: 0->0
[43.419s][info][gc,metaspace ] GC(98) Metaspace: 14636K(15232K)->14636K(15232K) NonClass: 13392K(13824K)->13392K(13824K) Class: 1244K(1408K)->1244K(1408K)
[43.419s][info][gc           ] GC(98) Pause Young (Normal) (G1 Evacuation Pause) 4170M->90M(8192M) 0.657ms
[43.419s][info][gc,cpu       ] GC(98) User=0.01s Sys=0.00s Real=0.00s
[43.848s][info][gc,start     ] GC(99) Pause Young (Normal) (G1 Evacuation Pause)
[43.848s][info][gc,task      ] GC(99) Using 8 workers of 8 for evacuation
[43.849s][info][gc,phases    ] GC(99)   Pre Evacuate Collection Set: 0.0ms
[43.849s][info][gc,phases    ] GC(99)   Evacuate Collection Set: 0.2ms
[43.849s][info][gc,phases    ] GC(99)   Post Evacuate Collection Set: 0.3ms
[43.849s][info][gc,phases    ] GC(99)   Other: 0.1ms
[43.849s][info][gc,heap      ] GC(99) Eden regions: 255->0(255)
[43.849s][info][gc,heap      ] GC(99) Survivor regions: 1->1(32)
[43.849s][info][gc,heap      ] GC(99) Old regions: 6->6
[43.849s][info][gc,heap      ] GC(99) Humongous regions: 0->0
[43.849s][info][gc,metaspace ] GC(99) Metaspace: 14636K(15232K)->14636K(15232K) NonClass: 13392K(13824K)->13392K(13824K) Class: 1244K(1408K)->1244K(1408K)
[43.849s][info][gc           ] GC(99) Pause Young (Normal) (G1 Evacuation Pause) 4170M->90M(8192M) 0.682ms
[43.849s][info][gc,cpu       ] GC(99) User=0.00s Sys=0.00s Real=0.00s
[44.280s][info][gc,start     ] GC(100) Pause Young (Normal) (G1 Evacuation Pause)
[44.280s][info][gc,task      ] GC(100) Using 8 workers of 8 for evacuation
[44.280s][info][gc,phases    ] GC(100)   Pre Evacuate Collection Set: 0.0ms
[44.280s][info][gc,phases    ] GC(100)   Evacuate Collection Set: 0.1ms
[44.280s][info][gc,phases    ] GC(100)   Post Evacuate Collection Set: 0.2ms
[44.280s][info][gc,phases    ] GC(100)   Other: 0.1ms
[44.280s][info][gc,heap      ] GC(100) Eden regions: 255->0(255)
[44.280s][info][gc,heap      ] GC(100) Survivor regions: 1->1(32)
[44.280s][info][gc,heap      ] GC(100) Old regions: 6->6
[44.280s][info][gc,heap      ] GC(100) Humongous regions: 0->0
[44.280s][info][gc,metaspace ] GC(100) Metaspace: 14636K(15232K)->14636K(15232K) NonClass: 13392K(13824K)->13392K(13824K) Class: 1244K(1408K)->1244K(1408K)
[44.280s][info][gc           ] GC(100) Pause Young (Normal) (G1 Evacuation Pause) 4170M->90M(8192M) 0.529ms
[44.280s][info][gc,cpu       ] GC(100) User=0.00s Sys=0.00s Real=0.00s
[44.710s][info][gc,start     ] GC(101) Pause Young (Normal) (G1 Evacuation Pause)
[44.710s][info][gc,task      ] GC(101) Using 8 workers of 8 for evacuation
[44.711s][info][gc,phases    ] GC(101)   Pre Evacuate Collection Set: 0.0ms
[44.711s][info][gc,phases    ] GC(101)   Evacuate Collection Set: 0.2ms
[44.711s][info][gc,phases    ] GC(101)   Post Evacuate Collection Set: 0.2ms
[44.711s][info][gc,phases    ] GC(101)   Other: 0.1ms
[44.711s][info][gc,heap      ] GC(101) Eden regions: 255->0(255)
[44.711s][info][gc,heap      ] GC(101) Survivor regions: 1->1(32)
[44.711s][info][gc,heap      ] GC(101) Old regions: 6->6
[44.711s][info][gc,heap      ] GC(101) Humongous regions: 0->0
[44.711s][info][gc,metaspace ] GC(101) Metaspace: 14636K(15232K)->14636K(15232K) NonClass: 13392K(13824K)->13392K(13824K) Class: 1244K(1408K)->1244K(1408K)
[44.711s][info][gc           ] GC(101) Pause Young (Normal) (G1 Evacuation Pause) 4170M->90M(8192M) 0.538ms
[44.711s][info][gc,cpu       ] GC(101) User=0.00s Sys=0.00s Real=0.00s
[45.140s][info][gc,start     ] GC(102) Pause Young (Normal) (G1 Evacuation Pause)
[45.140s][info][gc,task      ] GC(102) Using 8 workers of 8 for evacuation
[45.141s][info][gc,phases    ] GC(102)   Pre Evacuate Collection Set: 0.0ms
[45.141s][info][gc,phases    ] GC(102)   Evacuate Collection Set: 0.1ms
[45.141s][info][gc,phases    ] GC(102)   Post Evacuate Collection Set: 0.2ms
[45.141s][info][gc,phases    ] GC(102)   Other: 0.1ms
[45.141s][info][gc,heap      ] GC(102) Eden regions: 255->0(255)
[45.141s][info][gc,heap      ] GC(102) Survivor regions: 1->1(32)
[45.141s][info][gc,heap      ] GC(102) Old regions: 6->6
[45.141s][info][gc,heap      ] GC(102) Humongous regions: 0->0
[45.141s][info][gc,metaspace ] GC(102) Metaspace: 14636K(15232K)->14636K(15232K) NonClass: 13392K(13824K)->13392K(13824K) Class: 1244K(1408K)->1244K(1408K)
[45.141s][info][gc           ] GC(102) Pause Young (Normal) (G1 Evacuation Pause) 4170M->90M(8192M) 0.510ms
[45.141s][info][gc,cpu       ] GC(102) User=0.00s Sys=0.00s Real=0.00s
[45.571s][info][gc,start     ] GC(103) Pause Young (Normal) (G1 Evacuation Pause)
[45.571s][info][gc,task      ] GC(103) Using 8 workers of 8 for evacuation
[45.571s][info][gc,phases    ] GC(103)   Pre Evacuate Collection Set: 0.0ms
[45.572s][info][gc,phases    ] GC(103)   Evacuate Collection Set: 0.1ms
[45.572s][info][gc,phases    ] GC(103)   Post Evacuate Collection Set: 0.2ms
[45.572s][info][gc,phases    ] GC(103)   Other: 0.1ms
[45.572s][info][gc,heap      ] GC(103) Eden regions: 255->0(255)
[45.572s][info][gc,heap      ] GC(103) Survivor regions: 1->1(32)
[45.572s][info][gc,heap      ] GC(103) Old regions: 6->6
[45.572s][info][gc,heap      ] GC(103) Humongous regions: 0->0
[45.572s][info][gc,metaspace ] GC(103) Metaspace: 14636K(15232K)->14636K(15232K) NonClass: 13392K(13824K)->13392K(13824K) Class: 1244K(1408K)->1244K(1408K)
[45.572s][info][gc           ] GC(103) Pause Young (Normal) (G1 Evacuation Pause) 4170M->90M(8192M) 0.522ms
[45.572s][info][gc,cpu       ] GC(103) User=0.00s Sys=0.00s Real=0.00s
[46.006s][info][gc,start     ] GC(104) Pause Young (Normal) (G1 Evacuation Pause)
[46.006s][info][gc,task      ] GC(104) Using 8 workers of 8 for evacuation
[46.007s][info][gc,phases    ] GC(104)   Pre Evacuate Collection Set: 0.0ms
[46.007s][info][gc,phases    ] GC(104)   Evacuate Collection Set: 0.2ms
[46.007s][info][gc,phases    ] GC(104)   Post Evacuate Collection Set: 0.2ms
[46.007s][info][gc,phases    ] GC(104)   Other: 0.1ms
[46.007s][info][gc,heap      ] GC(104) Eden regions: 255->0(255)
[46.007s][info][gc,heap      ] GC(104) Survivor regions: 1->1(32)
[46.007s][info][gc,heap      ] GC(104) Old regions: 6->6
[46.007s][info][gc,heap      ] GC(104) Humongous regions: 0->0
[46.007s][info][gc,metaspace ] GC(104) Metaspace: 14636K(15232K)->14636K(15232K) NonClass: 13392K(13824K)->13392K(13824K) Class: 1244K(1408K)->1244K(1408K)
[46.007s][info][gc           ] GC(104) Pause Young (Normal) (G1 Evacuation Pause) 4170M->90M(8192M) 0.552ms
[46.007s][info][gc,cpu       ] GC(104) User=0.00s Sys=0.00s Real=0.00s
[46.447s][info][gc,start     ] GC(105) Pause Young (Normal) (G1 Evacuation Pause)
[46.447s][info][gc,task      ] GC(105) Using 8 workers of 8 for evacuation
[46.447s][info][gc,phases    ] GC(105)   Pre Evacuate Collection Set: 0.0ms
[46.447s][info][gc,phases    ] GC(105)   Evacuate Collection Set: 0.2ms
[46.447s][info][gc,phases    ] GC(105)   Post Evacuate Collection Set: 0.2ms
[46.447s][info][gc,phases    ] GC(105)   Other: 0.1ms
[46.447s][info][gc,heap      ] GC(105) Eden regions: 255->0(255)
[46.447s][info][gc,heap      ] GC(105) Survivor regions: 1->1(32)
[46.447s][info][gc,heap      ] GC(105) Old regions: 6->6
[46.447s][info][gc,heap      ] GC(105) Humongous regions: 0->0
[46.447s][info][gc,metaspace ] GC(105) Metaspace: 14636K(15232K)->14636K(15232K) NonClass: 13392K(13824K)->13392K(13824K) Class: 1244K(1408K)->1244K(1408K)
[46.447s][info][gc           ] GC(105) Pause Young (Normal) (G1 Evacuation Pause) 4170M->90M(8192M) 0.560ms
[46.447s][info][gc,cpu       ] GC(105) User=0.00s Sys=0.00s Real=0.00s
[46.879s][info][gc,start     ] GC(106) Pause Young (Normal) (G1 Evacuation Pause)
[46.879s][info][gc,task      ] GC(106) Using 8 workers of 8 for evacuation
[46.880s][info][gc,phases    ] GC(106)   Pre Evacuate Collection Set: 0.0ms
[46.880s][info][gc,phases    ] GC(106)   Evacuate Collection Set: 0.2ms
[46.880s][info][gc,phases    ] GC(106)   Post Evacuate Collection Set: 0.3ms
[46.880s][info][gc,phases    ] GC(106)   Other: 0.1ms
[46.880s][info][gc,heap      ] GC(106) Eden regions: 255->0(255)
[46.880s][info][gc,heap      ] GC(106) Survivor regions: 1->1(32)
[46.880s][info][gc,heap      ] GC(106) Old regions: 6->6
[46.880s][info][gc,heap      ] GC(106) Humongous regions: 0->0
[46.880s][info][gc,metaspace ] GC(106) Metaspace: 14636K(15232K)->14636K(15232K) NonClass: 13392K(13824K)->13392K(13824K) Class: 1244K(1408K)->1244K(1408K)
[46.880s][info][gc           ] GC(106) Pause Young (Normal) (G1 Evacuation Pause) 4170M->90M(8192M) 0.663ms
[46.880s][info][gc,cpu       ] GC(106) User=0.00s Sys=0.00s Real=0.00s
[47.312s][info][gc,start     ] GC(107) Pause Young (Normal) (G1 Evacuation Pause)
[47.312s][info][gc,task      ] GC(107) Using 8 workers of 8 for evacuation
[47.313s][info][gc,phases    ] GC(107)   Pre Evacuate Collection Set: 0.0ms
[47.313s][info][gc,phases    ] GC(107)   Evacuate Collection Set: 0.1ms
[47.313s][info][gc,phases    ] GC(107)   Post Evacuate Collection Set: 0.2ms
[47.313s][info][gc,phases    ] GC(107)   Other: 0.1ms
[47.313s][info][gc,heap      ] GC(107) Eden regions: 255->0(255)
[47.313s][info][gc,heap      ] GC(107) Survivor regions: 1->1(32)
[47.313s][info][gc,heap      ] GC(107) Old regions: 6->6
[47.313s][info][gc,heap      ] GC(107) Humongous regions: 0->0
[47.313s][info][gc,metaspace ] GC(107) Metaspace: 14636K(15232K)->14636K(15232K) NonClass: 13392K(13824K)->13392K(13824K) Class: 1244K(1408K)->1244K(1408K)
[47.313s][info][gc           ] GC(107) Pause Young (Normal) (G1 Evacuation Pause) 4170M->90M(8192M) 0.525ms
[47.313s][info][gc,cpu       ] GC(107) User=0.01s Sys=0.00s Real=0.00s
[47.743s][info][gc,start     ] GC(108) Pause Young (Normal) (G1 Evacuation Pause)
[47.743s][info][gc,task      ] GC(108) Using 8 workers of 8 for evacuation
[47.744s][info][gc,phases    ] GC(108)   Pre Evacuate Collection Set: 0.0ms
[47.744s][info][gc,phases    ] GC(108)   Evacuate Collection Set: 0.1ms
[47.744s][info][gc,phases    ] GC(108)   Post Evacuate Collection Set: 0.2ms
[47.744s][info][gc,phases    ] GC(108)   Other: 0.1ms
[47.744s][info][gc,heap      ] GC(108) Eden regions: 255->0(255)
[47.744s][info][gc,heap      ] GC(108) Survivor regions: 1->1(32)
[47.744s][info][gc,heap      ] GC(108) Old regions: 6->6
[47.744s][info][gc,heap      ] GC(108) Humongous regions: 0->0
[47.744s][info][gc,metaspace ] GC(108) Metaspace: 14636K(15232K)->14636K(15232K) NonClass: 13392K(13824K)->13392K(13824K) Class: 1244K(1408K)->1244K(1408K)
[47.744s][info][gc           ] GC(108) Pause Young (Normal) (G1 Evacuation Pause) 4170M->90M(8192M) 0.515ms
[47.744s][info][gc,cpu       ] GC(108) User=0.00s Sys=0.00s Real=0.00s
[48.174s][info][gc,start     ] GC(109) Pause Young (Normal) (G1 Evacuation Pause)
[48.174s][info][gc,task      ] GC(109) Using 8 workers of 8 for evacuation
[48.174s][info][gc,phases    ] GC(109)   Pre Evacuate Collection Set: 0.0ms
[48.174s][info][gc,phases    ] GC(109)   Evacuate Collection Set: 0.2ms
[48.174s][info][gc,phases    ] GC(109)   Post Evacuate Collection Set: 0.2ms
[48.174s][info][gc,phases    ] GC(109)   Other: 0.1ms
[48.174s][info][gc,heap      ] GC(109) Eden regions: 255->0(255)
[48.174s][info][gc,heap      ] GC(109) Survivor regions: 1->1(32)
[48.174s][info][gc,heap      ] GC(109) Old regions: 6->6
[48.174s][info][gc,heap      ] GC(109) Humongous regions: 0->0
[48.174s][info][gc,metaspace ] GC(109) Metaspace: 14636K(15232K)->14636K(15232K) NonClass: 13392K(13824K)->13392K(13824K) Class: 1244K(1408K)->1244K(1408K)
[48.174s][info][gc           ] GC(109) Pause Young (Normal) (G1 Evacuation Pause) 4170M->90M(8192M) 0.538ms
[48.174s][info][gc,cpu       ] GC(109) User=0.00s Sys=0.00s Real=0.00s
[48.606s][info][gc,start     ] GC(110) Pause Young (Normal) (G1 Evacuation Pause)
[48.606s][info][gc,task      ] GC(110) Using 8 workers of 8 for evacuation
[48.606s][info][gc,phases    ] GC(110)   Pre Evacuate Collection Set: 0.0ms
[48.606s][info][gc,phases    ] GC(110)   Evacuate Collection Set: 0.1ms
[48.606s][info][gc,phases    ] GC(110)   Post Evacuate Collection Set: 0.2ms
[48.606s][info][gc,phases    ] GC(110)   Other: 0.1ms
[48.606s][info][gc,heap      ] GC(110) Eden regions: 255->0(255)
[48.606s][info][gc,heap      ] GC(110) Survivor regions: 1->1(32)
[48.606s][info][gc,heap      ] GC(110) Old regions: 6->6
[48.606s][info][gc,heap      ] GC(110) Humongous regions: 0->0
[48.606s][info][gc,metaspace ] GC(110) Metaspace: 14636K(15232K)->14636K(15232K) NonClass: 13392K(13824K)->13392K(13824K) Class: 1244K(1408K)->1244K(1408K)
[48.606s][info][gc           ] GC(110) Pause Young (Normal) (G1 Evacuation Pause) 4170M->90M(8192M) 0.520ms
[48.606s][info][gc,cpu       ] GC(110) User=0.00s Sys=0.00s Real=0.00s
[49.037s][info][gc,start     ] GC(111) Pause Young (Normal) (G1 Evacuation Pause)
[49.037s][info][gc,task      ] GC(111) Using 8 workers of 8 for evacuation
[49.038s][info][gc,phases    ] GC(111)   Pre Evacuate Collection Set: 0.0ms
[49.038s][info][gc,phases    ] GC(111)   Evacuate Collection Set: 0.1ms
[49.038s][info][gc,phases    ] GC(111)   Post Evacuate Collection Set: 0.2ms
[49.038s][info][gc,phases    ] GC(111)   Other: 0.1ms
[49.038s][info][gc,heap      ] GC(111) Eden regions: 255->0(255)
[49.038s][info][gc,heap      ] GC(111) Survivor regions: 1->1(32)
[49.038s][info][gc,heap      ] GC(111) Old regions: 6->6
[49.038s][info][gc,heap      ] GC(111) Humongous regions: 0->0
[49.038s][info][gc,metaspace ] GC(111) Metaspace: 14636K(15232K)->14636K(15232K) NonClass: 13392K(13824K)->13392K(13824K) Class: 1244K(1408K)->1244K(1408K)
[49.038s][info][gc           ] GC(111) Pause Young (Normal) (G1 Evacuation Pause) 4170M->90M(8192M) 0.504ms
[49.038s][info][gc,cpu       ] GC(111) User=0.00s Sys=0.00s Real=0.00s
[49.468s][info][gc,start     ] GC(112) Pause Young (Normal) (G1 Evacuation Pause)
[49.468s][info][gc,task      ] GC(112) Using 8 workers of 8 for evacuation
[49.468s][info][gc,phases    ] GC(112)   Pre Evacuate Collection Set: 0.0ms
[49.468s][info][gc,phases    ] GC(112)   Evacuate Collection Set: 0.1ms
[49.468s][info][gc,phases    ] GC(112)   Post Evacuate Collection Set: 0.2ms
[49.468s][info][gc,phases    ] GC(112)   Other: 0.1ms
[49.468s][info][gc,heap      ] GC(112) Eden regions: 255->0(255)
[49.468s][info][gc,heap      ] GC(112) Survivor regions: 1->1(32)
[49.468s][info][gc,heap      ] GC(112) Old regions: 6->6
[49.468s][info][gc,heap      ] GC(112) Humongous regions: 0->0
[49.468s][info][gc,metaspace ] GC(112) Metaspace: 14636K(15232K)->14636K(15232K) NonClass: 13392K(13824K)->13392K(13824K) Class: 1244K(1408K)->1244K(1408K)
[49.468s][info][gc           ] GC(112) Pause Young (Normal) (G1 Evacuation Pause) 4170M->90M(8192M) 0.539ms
[49.468s][info][gc,cpu       ] GC(112) User=0.00s Sys=0.00s Real=0.00s
[49.897s][info][gc,start     ] GC(113) Pause Young (Normal) (G1 Evacuation Pause)
[49.897s][info][gc,task      ] GC(113) Using 8 workers of 8 for evacuation
[49.898s][info][gc,phases    ] GC(113)   Pre Evacuate Collection Set: 0.0ms
[49.898s][info][gc,phases    ] GC(113)   Evacuate Collection Set: 0.1ms
[49.898s][info][gc,phases    ] GC(113)   Post Evacuate Collection Set: 0.2ms
[49.898s][info][gc,phases    ] GC(113)   Other: 0.1ms
[49.898s][info][gc,heap      ] GC(113) Eden regions: 255->0(255)
[49.898s][info][gc,heap      ] GC(113) Survivor regions: 1->1(32)
[49.898s][info][gc,heap      ] GC(113) Old regions: 6->6
[49.898s][info][gc,heap      ] GC(113) Humongous regions: 0->0
[49.898s][info][gc,metaspace ] GC(113) Metaspace: 14636K(15232K)->14636K(15232K) NonClass: 13392K(13824K)->13392K(13824K) Class: 1244K(1408K)->1244K(1408K)
[49.898s][info][gc           ] GC(113) Pause Young (Normal) (G1 Evacuation Pause) 4170M->90M(8192M) 0.534ms
[49.898s][info][gc,cpu       ] GC(113) User=0.00s Sys=0.00s Real=0.00s
[50.328s][info][gc,start     ] GC(114) Pause Young (Normal) (G1 Evacuation Pause)
[50.328s][info][gc,task      ] GC(114) Using 8 workers of 8 for evacuation
[50.329s][info][gc,phases    ] GC(114)   Pre Evacuate Collection Set: 0.0ms
[50.329s][info][gc,phases    ] GC(114)   Evacuate Collection Set: 0.1ms
[50.329s][info][gc,phases    ] GC(114)   Post Evacuate Collection Set: 0.2ms
[50.329s][info][gc,phases    ] GC(114)   Other: 0.1ms
[50.329s][info][gc,heap      ] GC(114) Eden regions: 255->0(255)
[50.329s][info][gc,heap      ] GC(114) Survivor regions: 1->1(32)
[50.329s][info][gc,heap      ] GC(114) Old regions: 6->6
[50.329s][info][gc,heap      ] GC(114) Humongous regions: 0->0
[50.329s][info][gc,metaspace ] GC(114) Metaspace: 14636K(15232K)->14636K(15232K) NonClass: 13392K(13824K)->13392K(13824K) Class: 1244K(1408K)->1244K(1408K)
[50.329s][info][gc           ] GC(114) Pause Young (Normal) (G1 Evacuation Pause) 4170M->90M(8192M) 0.518ms
[50.329s][info][gc,cpu       ] GC(114) User=0.00s Sys=0.00s Real=0.00s
[50.758s][info][gc,start     ] GC(115) Pause Young (Normal) (G1 Evacuation Pause)
[50.758s][info][gc,task      ] GC(115) Using 8 workers of 8 for evacuation
[50.759s][info][gc,phases    ] GC(115)   Pre Evacuate Collection Set: 0.0ms
[50.759s][info][gc,phases    ] GC(115)   Evacuate Collection Set: 0.1ms
[50.759s][info][gc,phases    ] GC(115)   Post Evacuate Collection Set: 0.2ms
[50.759s][info][gc,phases    ] GC(115)   Other: 0.1ms
[50.759s][info][gc,heap      ] GC(115) Eden regions: 255->0(255)
[50.759s][info][gc,heap      ] GC(115) Survivor regions: 1->1(32)
[50.759s][info][gc,heap      ] GC(115) Old regions: 6->6
[50.759s][info][gc,heap      ] GC(115) Humongous regions: 0->0
[50.759s][info][gc,metaspace ] GC(115) Metaspace: 14636K(15232K)->14636K(15232K) NonClass: 13392K(13824K)->13392K(13824K) Class: 1244K(1408K)->1244K(1408K)
[50.759s][info][gc           ] GC(115) Pause Young (Normal) (G1 Evacuation Pause) 4170M->90M(8192M) 0.516ms
[50.759s][info][gc,cpu       ] GC(115) User=0.00s Sys=0.00s Real=0.00s
[51.200s][info][gc,start     ] GC(116) Pause Young (Normal) (G1 Evacuation Pause)
[51.200s][info][gc,task      ] GC(116) Using 8 workers of 8 for evacuation
[51.200s][info][gc,phases    ] GC(116)   Pre Evacuate Collection Set: 0.0ms
[51.200s][info][gc,phases    ] GC(116)   Evacuate Collection Set: 0.2ms
[51.200s][info][gc,phases    ] GC(116)   Post Evacuate Collection Set: 0.2ms
[51.200s][info][gc,phases    ] GC(116)   Other: 0.1ms
[51.200s][info][gc,heap      ] GC(116) Eden regions: 255->0(255)
[51.200s][info][gc,heap      ] GC(116) Survivor regions: 1->1(32)
[51.200s][info][gc,heap      ] GC(116) Old regions: 6->6
[51.200s][info][gc,heap      ] GC(116) Humongous regions: 0->0
[51.200s][info][gc,metaspace ] GC(116) Metaspace: 14636K(15232K)->14636K(15232K) NonClass: 13392K(13824K)->13392K(13824K) Class: 1244K(1408K)->1244K(1408K)
[51.201s][info][gc           ] GC(116) Pause Young (Normal) (G1 Evacuation Pause) 4170M->90M(8192M) 0.545ms
[51.201s][info][gc,cpu       ] GC(116) User=0.00s Sys=0.00s Real=0.00s
[51.634s][info][gc,start     ] GC(117) Pause Young (Normal) (G1 Evacuation Pause)
[51.634s][info][gc,task      ] GC(117) Using 8 workers of 8 for evacuation
[51.634s][info][gc,phases    ] GC(117)   Pre Evacuate Collection Set: 0.0ms
[51.634s][info][gc,phases    ] GC(117)   Evacuate Collection Set: 0.1ms
[51.634s][info][gc,phases    ] GC(117)   Post Evacuate Collection Set: 0.2ms
[51.635s][info][gc,phases    ] GC(117)   Other: 0.1ms
[51.635s][info][gc,heap      ] GC(117) Eden regions: 255->0(255)
[51.635s][info][gc,heap      ] GC(117) Survivor regions: 1->1(32)
[51.635s][info][gc,heap      ] GC(117) Old regions: 6->6
[51.635s][info][gc,heap      ] GC(117) Humongous regions: 0->0
[51.635s][info][gc,metaspace ] GC(117) Metaspace: 14636K(15232K)->14636K(15232K) NonClass: 13392K(13824K)->13392K(13824K) Class: 1244K(1408K)->1244K(1408K)
[51.635s][info][gc           ] GC(117) Pause Young (Normal) (G1 Evacuation Pause) 4170M->90M(8192M) 0.507ms
[51.635s][info][gc,cpu       ] GC(117) User=0.00s Sys=0.00s Real=0.00s
[52.066s][info][gc,start     ] GC(118) Pause Young (Normal) (G1 Evacuation Pause)
[52.066s][info][gc,task      ] GC(118) Using 8 workers of 8 for evacuation
[52.067s][info][gc,phases    ] GC(118)   Pre Evacuate Collection Set: 0.0ms
[52.067s][info][gc,phases    ] GC(118)   Evacuate Collection Set: 0.2ms
[52.067s][info][gc,phases    ] GC(118)   Post Evacuate Collection Set: 0.2ms
[52.067s][info][gc,phases    ] GC(118)   Other: 0.1ms
[52.067s][info][gc,heap      ] GC(118) Eden regions: 255->0(255)
[52.067s][info][gc,heap      ] GC(118) Survivor regions: 1->1(32)
[52.067s][info][gc,heap      ] GC(118) Old regions: 6->6
[52.067s][info][gc,heap      ] GC(118) Humongous regions: 0->0
[52.067s][info][gc,metaspace ] GC(118) Metaspace: 14636K(15232K)->14636K(15232K) NonClass: 13392K(13824K)->13392K(13824K) Class: 1244K(1408K)->1244K(1408K)
[52.067s][info][gc           ] GC(118) Pause Young (Normal) (G1 Evacuation Pause) 4170M->90M(8192M) 0.554ms
[52.067s][info][gc,cpu       ] GC(118) User=0.00s Sys=0.00s Real=0.00s
[52.499s][info][gc,start     ] GC(119) Pause Young (Normal) (G1 Evacuation Pause)
[52.499s][info][gc,task      ] GC(119) Using 8 workers of 8 for evacuation
[52.499s][info][gc,phases    ] GC(119)   Pre Evacuate Collection Set: 0.0ms
[52.499s][info][gc,phases    ] GC(119)   Evacuate Collection Set: 0.2ms
[52.499s][info][gc,phases    ] GC(119)   Post Evacuate Collection Set: 0.2ms
[52.499s][info][gc,phases    ] GC(119)   Other: 0.1ms
[52.499s][info][gc,heap      ] GC(119) Eden regions: 255->0(255)
[52.499s][info][gc,heap      ] GC(119) Survivor regions: 1->1(32)
[52.499s][info][gc,heap      ] GC(119) Old regions: 6->6
[52.499s][info][gc,heap      ] GC(119) Humongous regions: 0->0
[52.499s][info][gc,metaspace ] GC(119) Metaspace: 14636K(15232K)->14636K(15232K) NonClass: 13392K(13824K)->13392K(13824K) Class: 1244K(1408K)->1244K(1408K)
[52.499s][info][gc           ] GC(119) Pause Young (Normal) (G1 Evacuation Pause) 4170M->90M(8192M) 0.588ms
[52.499s][info][gc,cpu       ] GC(119) User=0.00s Sys=0.00s Real=0.00s
[52.929s][info][gc,start     ] GC(120) Pause Young (Normal) (G1 Evacuation Pause)
[52.929s][info][gc,task      ] GC(120) Using 8 workers of 8 for evacuation
[52.930s][info][gc,phases    ] GC(120)   Pre Evacuate Collection Set: 0.0ms
[52.930s][info][gc,phases    ] GC(120)   Evacuate Collection Set: 0.1ms
[52.930s][info][gc,phases    ] GC(120)   Post Evacuate Collection Set: 0.2ms
[52.930s][info][gc,phases    ] GC(120)   Other: 0.1ms
[52.930s][info][gc,heap      ] GC(120) Eden regions: 255->0(255)
[52.930s][info][gc,heap      ] GC(120) Survivor regions: 1->1(32)
[52.930s][info][gc,heap      ] GC(120) Old regions: 6->6
[52.930s][info][gc,heap      ] GC(120) Humongous regions: 0->0
[52.930s][info][gc,metaspace ] GC(120) Metaspace: 14636K(15232K)->14636K(15232K) NonClass: 13392K(13824K)->13392K(13824K) Class: 1244K(1408K)->1244K(1408K)
[52.930s][info][gc           ] GC(120) Pause Young (Normal) (G1 Evacuation Pause) 4170M->90M(8192M) 0.532ms
[52.930s][info][gc,cpu       ] GC(120) User=0.00s Sys=0.00s Real=0.00s
[53.361s][info][gc,start     ] GC(121) Pause Young (Normal) (G1 Evacuation Pause)
[53.361s][info][gc,task      ] GC(121) Using 8 workers of 8 for evacuation
[53.361s][info][gc,phases    ] GC(121)   Pre Evacuate Collection Set: 0.0ms
[53.362s][info][gc,phases    ] GC(121)   Evacuate Collection Set: 0.1ms
[53.362s][info][gc,phases    ] GC(121)   Post Evacuate Collection Set: 0.2ms
[53.362s][info][gc,phases    ] GC(121)   Other: 0.1ms
[53.362s][info][gc,heap      ] GC(121) Eden regions: 255->0(255)
[53.362s][info][gc,heap      ] GC(121) Survivor regions: 1->1(32)
[53.362s][info][gc,heap      ] GC(121) Old regions: 6->6
[53.362s][info][gc,heap      ] GC(121) Humongous regions: 0->0
[53.362s][info][gc,metaspace ] GC(121) Metaspace: 14636K(15232K)->14636K(15232K) NonClass: 13392K(13824K)->13392K(13824K) Class: 1244K(1408K)->1244K(1408K)
[53.362s][info][gc           ] GC(121) Pause Young (Normal) (G1 Evacuation Pause) 4170M->90M(8192M) 0.505ms
[53.362s][info][gc,cpu       ] GC(121) User=0.00s Sys=0.00s Real=0.00s
[53.792s][info][gc,start     ] GC(122) Pause Young (Normal) (G1 Evacuation Pause)
[53.792s][info][gc,task      ] GC(122) Using 8 workers of 8 for evacuation
[53.793s][info][gc,phases    ] GC(122)   Pre Evacuate Collection Set: 0.0ms
[53.793s][info][gc,phases    ] GC(122)   Evacuate Collection Set: 0.1ms
[53.793s][info][gc,phases    ] GC(122)   Post Evacuate Collection Set: 0.2ms
[53.793s][info][gc,phases    ] GC(122)   Other: 0.1ms
[53.793s][info][gc,heap      ] GC(122) Eden regions: 255->0(255)
[53.793s][info][gc,heap      ] GC(122) Survivor regions: 1->1(32)
[53.793s][info][gc,heap      ] GC(122) Old regions: 6->6
[53.793s][info][gc,heap      ] GC(122) Humongous regions: 0->0
[53.793s][info][gc,metaspace ] GC(122) Metaspace: 14636K(15232K)->14636K(15232K) NonClass: 13392K(13824K)->13392K(13824K) Class: 1244K(1408K)->1244K(1408K)
[53.793s][info][gc           ] GC(122) Pause Young (Normal) (G1 Evacuation Pause) 4170M->90M(8192M) 0.518ms
[53.793s][info][gc,cpu       ] GC(122) User=0.00s Sys=0.00s Real=0.00s
[54.222s][info][gc,start     ] GC(123) Pause Young (Normal) (G1 Evacuation Pause)
[54.222s][info][gc,task      ] GC(123) Using 8 workers of 8 for evacuation
[54.223s][info][gc,phases    ] GC(123)   Pre Evacuate Collection Set: 0.0ms
[54.223s][info][gc,phases    ] GC(123)   Evacuate Collection Set: 0.1ms
[54.223s][info][gc,phases    ] GC(123)   Post Evacuate Collection Set: 0.2ms
[54.223s][info][gc,phases    ] GC(123)   Other: 0.1ms
[54.223s][info][gc,heap      ] GC(123) Eden regions: 255->0(255)
[54.223s][info][gc,heap      ] GC(123) Survivor regions: 1->1(32)
[54.223s][info][gc,heap      ] GC(123) Old regions: 6->6
[54.223s][info][gc,heap      ] GC(123) Humongous regions: 0->0
[54.223s][info][gc,metaspace ] GC(123) Metaspace: 14636K(15232K)->14636K(15232K) NonClass: 13392K(13824K)->13392K(13824K) Class: 1244K(1408K)->1244K(1408K)
[54.223s][info][gc           ] GC(123) Pause Young (Normal) (G1 Evacuation Pause) 4170M->90M(8192M) 0.514ms
[54.223s][info][gc,cpu       ] GC(123) User=0.00s Sys=0.00s Real=0.00s
[54.653s][info][gc,start     ] GC(124) Pause Young (Normal) (G1 Evacuation Pause)
[54.653s][info][gc,task      ] GC(124) Using 8 workers of 8 for evacuation
[54.654s][info][gc,phases    ] GC(124)   Pre Evacuate Collection Set: 0.0ms
[54.654s][info][gc,phases    ] GC(124)   Evacuate Collection Set: 0.2ms
[54.654s][info][gc,phases    ] GC(124)   Post Evacuate Collection Set: 0.2ms
[54.654s][info][gc,phases    ] GC(124)   Other: 0.1ms
[54.654s][info][gc,heap      ] GC(124) Eden regions: 255->0(255)
[54.654s][info][gc,heap      ] GC(124) Survivor regions: 1->1(32)
[54.654s][info][gc,heap      ] GC(124) Old regions: 6->6
[54.654s][info][gc,heap      ] GC(124) Humongous regions: 0->0
[54.654s][info][gc,metaspace ] GC(124) Metaspace: 14636K(15232K)->14636K(15232K) NonClass: 13392K(13824K)->13392K(13824K) Class: 1244K(1408K)->1244K(1408K)
[54.654s][info][gc           ] GC(124) Pause Young (Normal) (G1 Evacuation Pause) 4170M->90M(8192M) 0.559ms
[54.654s][info][gc,cpu       ] GC(124) User=0.00s Sys=0.00s Real=0.00s
[55.083s][info][gc,start     ] GC(125) Pause Young (Normal) (G1 Evacuation Pause)
[55.083s][info][gc,task      ] GC(125) Using 8 workers of 8 for evacuation
[55.084s][info][gc,phases    ] GC(125)   Pre Evacuate Collection Set: 0.0ms
[55.084s][info][gc,phases    ] GC(125)   Evacuate Collection Set: 0.2ms
[55.084s][info][gc,phases    ] GC(125)   Post Evacuate Collection Set: 0.2ms
[55.084s][info][gc,phases    ] GC(125)   Other: 0.1ms
[55.084s][info][gc,heap      ] GC(125) Eden regions: 255->0(255)
[55.084s][info][gc,heap      ] GC(125) Survivor regions: 1->1(32)
[55.084s][info][gc,heap      ] GC(125) Old regions: 6->6
[55.084s][info][gc,heap      ] GC(125) Humongous regions: 0->0
[55.084s][info][gc,metaspace ] GC(125) Metaspace: 14636K(15232K)->14636K(15232K) NonClass: 13392K(13824K)->13392K(13824K) Class: 1244K(1408K)->1244K(1408K)
[55.084s][info][gc           ] GC(125) Pause Young (Normal) (G1 Evacuation Pause) 4170M->90M(8192M) 0.534ms
[55.084s][info][gc,cpu       ] GC(125) User=0.00s Sys=0.00s Real=0.00s
[55.514s][info][gc,start     ] GC(126) Pause Young (Normal) (G1 Evacuation Pause)
[55.514s][info][gc,task      ] GC(126) Using 8 workers of 8 for evacuation
[55.514s][info][gc,phases    ] GC(126)   Pre Evacuate Collection Set: 0.0ms
[55.514s][info][gc,phases    ] GC(126)   Evacuate Collection Set: 0.1ms
[55.514s][info][gc,phases    ] GC(126)   Post Evacuate Collection Set: 0.2ms
[55.514s][info][gc,phases    ] GC(126)   Other: 0.1ms
[55.514s][info][gc,heap      ] GC(126) Eden regions: 255->0(255)
[55.514s][info][gc,heap      ] GC(126) Survivor regions: 1->1(32)
[55.514s][info][gc,heap      ] GC(126) Old regions: 6->6
[55.514s][info][gc,heap      ] GC(126) Humongous regions: 0->0
[55.514s][info][gc,metaspace ] GC(126) Metaspace: 14636K(15232K)->14636K(15232K) NonClass: 13392K(13824K)->13392K(13824K) Class: 1244K(1408K)->1244K(1408K)
[55.514s][info][gc           ] GC(126) Pause Young (Normal) (G1 Evacuation Pause) 4170M->90M(8192M) 0.517ms
[55.514s][info][gc,cpu       ] GC(126) User=0.01s Sys=0.00s Real=0.00s
[56.025s][info][gc,start     ] GC(127) Pause Young (Normal) (G1 Evacuation Pause)
[56.025s][info][gc,task      ] GC(127) Using 8 workers of 8 for evacuation
[56.026s][info][gc,phases    ] GC(127)   Pre Evacuate Collection Set: 0.0ms
[56.026s][info][gc,phases    ] GC(127)   Evacuate Collection Set: 0.2ms
[56.026s][info][gc,phases    ] GC(127)   Post Evacuate Collection Set: 0.2ms
[56.026s][info][gc,phases    ] GC(127)   Other: 0.1ms
[56.026s][info][gc,heap      ] GC(127) Eden regions: 255->0(255)
[56.026s][info][gc,heap      ] GC(127) Survivor regions: 1->1(32)
[56.026s][info][gc,heap      ] GC(127) Old regions: 6->6
[56.026s][info][gc,heap      ] GC(127) Humongous regions: 0->0
[56.026s][info][gc,metaspace ] GC(127) Metaspace: 14636K(15232K)->14636K(15232K) NonClass: 13392K(13824K)->13392K(13824K) Class: 1244K(1408K)->1244K(1408K)
[56.026s][info][gc           ] GC(127) Pause Young (Normal) (G1 Evacuation Pause) 4170M->90M(8192M) 0.607ms
[56.026s][info][gc,cpu       ] GC(127) User=0.01s Sys=0.00s Real=0.01s
[56.465s][info][gc,start     ] GC(128) Pause Young (Normal) (G1 Evacuation Pause)
[56.465s][info][gc,task      ] GC(128) Using 8 workers of 8 for evacuation
[56.465s][info][gc,phases    ] GC(128)   Pre Evacuate Collection Set: 0.0ms
[56.465s][info][gc,phases    ] GC(128)   Evacuate Collection Set: 0.1ms
[56.465s][info][gc,phases    ] GC(128)   Post Evacuate Collection Set: 0.2ms
[56.465s][info][gc,phases    ] GC(128)   Other: 0.1ms
[56.465s][info][gc,heap      ] GC(128) Eden regions: 255->0(255)
[56.465s][info][gc,heap      ] GC(128) Survivor regions: 1->1(32)
[56.465s][info][gc,heap      ] GC(128) Old regions: 6->6
[56.465s][info][gc,heap      ] GC(128) Humongous regions: 0->0
[56.465s][info][gc,metaspace ] GC(128) Metaspace: 14636K(15232K)->14636K(15232K) NonClass: 13392K(13824K)->13392K(13824K) Class: 1244K(1408K)->1244K(1408K)
[56.465s][info][gc           ] GC(128) Pause Young (Normal) (G1 Evacuation Pause) 4170M->90M(8192M) 0.525ms
[56.465s][info][gc,cpu       ] GC(128) User=0.00s Sys=0.00s Real=0.00s
[56.897s][info][gc,start     ] GC(129) Pause Young (Normal) (G1 Evacuation Pause)
[56.898s][info][gc,task      ] GC(129) Using 8 workers of 8 for evacuation
[56.898s][info][gc,phases    ] GC(129)   Pre Evacuate Collection Set: 0.0ms
[56.898s][info][gc,phases    ] GC(129)   Evacuate Collection Set: 0.1ms
[56.898s][info][gc,phases    ] GC(129)   Post Evacuate Collection Set: 0.2ms
[56.898s][info][gc,phases    ] GC(129)   Other: 0.4ms
[56.898s][info][gc,heap      ] GC(129) Eden regions: 255->0(255)
[56.898s][info][gc,heap      ] GC(129) Survivor regions: 1->1(32)
[56.898s][info][gc,heap      ] GC(129) Old regions: 6->6
[56.898s][info][gc,heap      ] GC(129) Humongous regions: 0->0
[56.898s][info][gc,metaspace ] GC(129) Metaspace: 14636K(15232K)->14636K(15232K) NonClass: 13392K(13824K)->13392K(13824K) Class: 1244K(1408K)->1244K(1408K)
[56.898s][info][gc           ] GC(129) Pause Young (Normal) (G1 Evacuation Pause) 4170M->90M(8192M) 0.783ms
[56.898s][info][gc,cpu       ] GC(129) User=0.01s Sys=0.00s Real=0.00s
[57.330s][info][gc,start     ] GC(130) Pause Young (Normal) (G1 Evacuation Pause)
[57.330s][info][gc,task      ] GC(130) Using 8 workers of 8 for evacuation
[57.331s][info][gc,phases    ] GC(130)   Pre Evacuate Collection Set: 0.0ms
[57.331s][info][gc,phases    ] GC(130)   Evacuate Collection Set: 0.1ms
[57.331s][info][gc,phases    ] GC(130)   Post Evacuate Collection Set: 0.2ms
[57.331s][info][gc,phases    ] GC(130)   Other: 0.1ms
[57.331s][info][gc,heap      ] GC(130) Eden regions: 255->0(255)
[57.331s][info][gc,heap      ] GC(130) Survivor regions: 1->1(32)
[57.331s][info][gc,heap      ] GC(130) Old regions: 6->6
[57.331s][info][gc,heap      ] GC(130) Humongous regions: 0->0
[57.331s][info][gc,metaspace ] GC(130) Metaspace: 14636K(15232K)->14636K(15232K) NonClass: 13392K(13824K)->13392K(13824K) Class: 1244K(1408K)->1244K(1408K)
[57.331s][info][gc           ] GC(130) Pause Young (Normal) (G1 Evacuation Pause) 4170M->90M(8192M) 0.522ms
[57.331s][info][gc,cpu       ] GC(130) User=0.01s Sys=0.00s Real=0.00s
[57.761s][info][gc,start     ] GC(131) Pause Young (Normal) (G1 Evacuation Pause)
[57.761s][info][gc,task      ] GC(131) Using 8 workers of 8 for evacuation
[57.761s][info][gc,phases    ] GC(131)   Pre Evacuate Collection Set: 0.0ms
[57.761s][info][gc,phases    ] GC(131)   Evacuate Collection Set: 0.1ms
[57.761s][info][gc,phases    ] GC(131)   Post Evacuate Collection Set: 0.2ms
[57.762s][info][gc,phases    ] GC(131)   Other: 0.1ms
[57.762s][info][gc,heap      ] GC(131) Eden regions: 255->0(255)
[57.762s][info][gc,heap      ] GC(131) Survivor regions: 1->1(32)
[57.762s][info][gc,heap      ] GC(131) Old regions: 6->6
[57.762s][info][gc,heap      ] GC(131) Humongous regions: 0->0
[57.762s][info][gc,metaspace ] GC(131) Metaspace: 14636K(15232K)->14636K(15232K) NonClass: 13392K(13824K)->13392K(13824K) Class: 1244K(1408K)->1244K(1408K)
[57.762s][info][gc           ] GC(131) Pause Young (Normal) (G1 Evacuation Pause) 4170M->90M(8192M) 0.544ms
[57.762s][info][gc,cpu       ] GC(131) User=0.01s Sys=0.00s Real=0.00s
[58.192s][info][gc,start     ] GC(132) Pause Young (Normal) (G1 Evacuation Pause)
[58.192s][info][gc,task      ] GC(132) Using 8 workers of 8 for evacuation
[58.192s][info][gc,phases    ] GC(132)   Pre Evacuate Collection Set: 0.0ms
[58.192s][info][gc,phases    ] GC(132)   Evacuate Collection Set: 0.1ms
[58.192s][info][gc,phases    ] GC(132)   Post Evacuate Collection Set: 0.2ms
[58.192s][info][gc,phases    ] GC(132)   Other: 0.1ms
[58.192s][info][gc,heap      ] GC(132) Eden regions: 255->0(255)
[58.192s][info][gc,heap      ] GC(132) Survivor regions: 1->1(32)
[58.192s][info][gc,heap      ] GC(132) Old regions: 6->6
[58.192s][info][gc,heap      ] GC(132) Humongous regions: 0->0
[58.192s][info][gc,metaspace ] GC(132) Metaspace: 14636K(15232K)->14636K(15232K) NonClass: 13392K(13824K)->13392K(13824K) Class: 1244K(1408K)->1244K(1408K)
[58.192s][info][gc           ] GC(132) Pause Young (Normal) (G1 Evacuation Pause) 4170M->90M(8192M) 0.528ms
[58.192s][info][gc,cpu       ] GC(132) User=0.00s Sys=0.00s Real=0.00s
[58.624s][info][gc,start     ] GC(133) Pause Young (Normal) (G1 Evacuation Pause)
[58.624s][info][gc,task      ] GC(133) Using 8 workers of 8 for evacuation
[58.624s][info][gc,phases    ] GC(133)   Pre Evacuate Collection Set: 0.0ms
[58.624s][info][gc,phases    ] GC(133)   Evacuate Collection Set: 0.1ms
[58.624s][info][gc,phases    ] GC(133)   Post Evacuate Collection Set: 0.2ms
[58.624s][info][gc,phases    ] GC(133)   Other: 0.1ms
[58.624s][info][gc,heap      ] GC(133) Eden regions: 255->0(255)
[58.624s][info][gc,heap      ] GC(133) Survivor regions: 1->1(32)
[58.624s][info][gc,heap      ] GC(133) Old regions: 6->6
[58.624s][info][gc,heap      ] GC(133) Humongous regions: 0->0
[58.624s][info][gc,metaspace ] GC(133) Metaspace: 14636K(15232K)->14636K(15232K) NonClass: 13392K(13824K)->13392K(13824K) Class: 1244K(1408K)->1244K(1408K)
[58.624s][info][gc           ] GC(133) Pause Young (Normal) (G1 Evacuation Pause) 4170M->90M(8192M) 0.496ms
[58.624s][info][gc,cpu       ] GC(133) User=0.00s Sys=0.00s Real=0.00s
[59.055s][info][gc,start     ] GC(134) Pause Young (Normal) (G1 Evacuation Pause)
[59.055s][info][gc,task      ] GC(134) Using 8 workers of 8 for evacuation
[59.055s][info][gc,phases    ] GC(134)   Pre Evacuate Collection Set: 0.0ms
[59.055s][info][gc,phases    ] GC(134)   Evacuate Collection Set: 0.1ms
[59.055s][info][gc,phases    ] GC(134)   Post Evacuate Collection Set: 0.2ms
[59.055s][info][gc,phases    ] GC(134)   Other: 0.1ms
[59.055s][info][gc,heap      ] GC(134) Eden regions: 255->0(255)
[59.055s][info][gc,heap      ] GC(134) Survivor regions: 1->1(32)
[59.055s][info][gc,heap      ] GC(134) Old regions: 6->6
[59.055s][info][gc,heap      ] GC(134) Humongous regions: 0->0
[59.055s][info][gc,metaspace ] GC(134) Metaspace: 14636K(15232K)->14636K(15232K) NonClass: 13392K(13824K)->13392K(13824K) Class: 1244K(1408K)->1244K(1408K)
[59.055s][info][gc           ] GC(134) Pause Young (Normal) (G1 Evacuation Pause) 4170M->90M(8192M) 0.513ms
[59.055s][info][gc,cpu       ] GC(134) User=0.00s Sys=0.00s Real=0.00s
[59.485s][info][gc,start     ] GC(135) Pause Young (Normal) (G1 Evacuation Pause)
[59.485s][info][gc,task      ] GC(135) Using 8 workers of 8 for evacuation
[59.486s][info][gc,phases    ] GC(135)   Pre Evacuate Collection Set: 0.0ms
[59.486s][info][gc,phases    ] GC(135)   Evacuate Collection Set: 0.2ms
[59.486s][info][gc,phases    ] GC(135)   Post Evacuate Collection Set: 0.3ms
[59.486s][info][gc,phases    ] GC(135)   Other: 0.1ms
[59.486s][info][gc,heap      ] GC(135) Eden regions: 255->0(255)
[59.486s][info][gc,heap      ] GC(135) Survivor regions: 1->1(32)
[59.486s][info][gc,heap      ] GC(135) Old regions: 6->6
[59.486s][info][gc,heap      ] GC(135) Humongous regions: 0->0
[59.486s][info][gc,metaspace ] GC(135) Metaspace: 14636K(15232K)->14636K(15232K) NonClass: 13392K(13824K)->13392K(13824K) Class: 1244K(1408K)->1244K(1408K)
[59.486s][info][gc           ] GC(135) Pause Young (Normal) (G1 Evacuation Pause) 4170M->90M(8192M) 0.588ms
[59.486s][info][gc,cpu       ] GC(135) User=0.00s Sys=0.00s Real=0.01s
[59.915s][info][gc,start     ] GC(136) Pause Young (Normal) (G1 Evacuation Pause)
[59.915s][info][gc,task      ] GC(136) Using 8 workers of 8 for evacuation
[59.916s][info][gc,phases    ] GC(136)   Pre Evacuate Collection Set: 0.0ms
[59.916s][info][gc,phases    ] GC(136)   Evacuate Collection Set: 0.2ms
[59.916s][info][gc,phases    ] GC(136)   Post Evacuate Collection Set: 0.2ms
[59.916s][info][gc,phases    ] GC(136)   Other: 0.1ms
[59.916s][info][gc,heap      ] GC(136) Eden regions: 255->0(255)
[59.916s][info][gc,heap      ] GC(136) Survivor regions: 1->1(32)
[59.916s][info][gc,heap      ] GC(136) Old regions: 6->6
[59.916s][info][gc,heap      ] GC(136) Humongous regions: 0->0
[59.916s][info][gc,metaspace ] GC(136) Metaspace: 14636K(15232K)->14636K(15232K) NonClass: 13392K(13824K)->13392K(13824K) Class: 1244K(1408K)->1244K(1408K)
[59.916s][info][gc           ] GC(136) Pause Young (Normal) (G1 Evacuation Pause) 4170M->90M(8192M) 0.640ms
[59.916s][info][gc,cpu       ] GC(136) User=0.00s Sys=0.00s Real=0.01s
[60.347s][info][gc,start     ] GC(137) Pause Young (Normal) (G1 Evacuation Pause)
[60.347s][info][gc,task      ] GC(137) Using 8 workers of 8 for evacuation
[60.347s][info][gc,phases    ] GC(137)   Pre Evacuate Collection Set: 0.0ms
[60.347s][info][gc,phases    ] GC(137)   Evacuate Collection Set: 0.1ms
[60.347s][info][gc,phases    ] GC(137)   Post Evacuate Collection Set: 0.2ms
[60.347s][info][gc,phases    ] GC(137)   Other: 0.1ms
[60.347s][info][gc,heap      ] GC(137) Eden regions: 255->0(255)
[60.347s][info][gc,heap      ] GC(137) Survivor regions: 1->1(32)
[60.347s][info][gc,heap      ] GC(137) Old regions: 6->6
[60.347s][info][gc,heap      ] GC(137) Humongous regions: 0->0
[60.347s][info][gc,metaspace ] GC(137) Metaspace: 14636K(15232K)->14636K(15232K) NonClass: 13392K(13824K)->13392K(13824K) Class: 1244K(1408K)->1244K(1408K)
[60.347s][info][gc           ] GC(137) Pause Young (Normal) (G1 Evacuation Pause) 4170M->90M(8192M) 0.505ms
[60.347s][info][gc,cpu       ] GC(137) User=0.00s Sys=0.00s Real=0.00s
[60.776s][info][gc,start     ] GC(138) Pause Young (Normal) (G1 Evacuation Pause)
[60.776s][info][gc,task      ] GC(138) Using 8 workers of 8 for evacuation
[60.777s][info][gc,phases    ] GC(138)   Pre Evacuate Collection Set: 0.0ms
[60.777s][info][gc,phases    ] GC(138)   Evacuate Collection Set: 0.1ms
[60.777s][info][gc,phases    ] GC(138)   Post Evacuate Collection Set: 0.2ms
[60.777s][info][gc,phases    ] GC(138)   Other: 0.1ms
[60.777s][info][gc,heap      ] GC(138) Eden regions: 255->0(255)
[60.777s][info][gc,heap      ] GC(138) Survivor regions: 1->1(32)
[60.777s][info][gc,heap      ] GC(138) Old regions: 6->6
[60.777s][info][gc,heap      ] GC(138) Humongous regions: 0->0
[60.777s][info][gc,metaspace ] GC(138) Metaspace: 14636K(15232K)->14636K(15232K) NonClass: 13392K(13824K)->13392K(13824K) Class: 1244K(1408K)->1244K(1408K)
[60.777s][info][gc           ] GC(138) Pause Young (Normal) (G1 Evacuation Pause) 4170M->90M(8192M) 0.504ms
[60.777s][info][gc,cpu       ] GC(138) User=0.00s Sys=0.00s Real=0.00s
[61.220s][info][gc,start     ] GC(139) Pause Young (Normal) (G1 Evacuation Pause)
[61.220s][info][gc,task      ] GC(139) Using 8 workers of 8 for evacuation
[61.220s][info][gc,phases    ] GC(139)   Pre Evacuate Collection Set: 0.0ms
[61.220s][info][gc,phases    ] GC(139)   Evacuate Collection Set: 0.1ms
[61.220s][info][gc,phases    ] GC(139)   Post Evacuate Collection Set: 0.2ms
[61.220s][info][gc,phases    ] GC(139)   Other: 0.1ms
[61.220s][info][gc,heap      ] GC(139) Eden regions: 255->0(255)
[61.220s][info][gc,heap      ] GC(139) Survivor regions: 1->1(32)
[61.220s][info][gc,heap      ] GC(139) Old regions: 6->6
[61.220s][info][gc,heap      ] GC(139) Humongous regions: 0->0
[61.220s][info][gc,metaspace ] GC(139) Metaspace: 14641K(15232K)->14641K(15232K) NonClass: 13396K(13824K)->13396K(13824K) Class: 1244K(1408K)->1244K(1408K)
[61.220s][info][gc           ] GC(139) Pause Young (Normal) (G1 Evacuation Pause) 4170M->90M(8192M) 0.567ms
[61.220s][info][gc,cpu       ] GC(139) User=0.01s Sys=0.00s Real=0.00s
[61.655s][info][gc,start     ] GC(140) Pause Young (Normal) (G1 Evacuation Pause)
[61.655s][info][gc,task      ] GC(140) Using 8 workers of 8 for evacuation
[61.655s][info][gc,phases    ] GC(140)   Pre Evacuate Collection Set: 0.0ms
[61.655s][info][gc,phases    ] GC(140)   Evacuate Collection Set: 0.1ms
[61.655s][info][gc,phases    ] GC(140)   Post Evacuate Collection Set: 0.2ms
[61.655s][info][gc,phases    ] GC(140)   Other: 0.1ms
[61.655s][info][gc,heap      ] GC(140) Eden regions: 255->0(255)
[61.655s][info][gc,heap      ] GC(140) Survivor regions: 1->1(32)
[61.655s][info][gc,heap      ] GC(140) Old regions: 6->6
[61.655s][info][gc,heap      ] GC(140) Humongous regions: 0->0
[61.655s][info][gc,metaspace ] GC(140) Metaspace: 14641K(15232K)->14641K(15232K) NonClass: 13396K(13824K)->13396K(13824K) Class: 1244K(1408K)->1244K(1408K)
[61.655s][info][gc           ] GC(140) Pause Young (Normal) (G1 Evacuation Pause) 4170M->90M(8192M) 0.515ms
[61.655s][info][gc,cpu       ] GC(140) User=0.00s Sys=0.00s Real=0.01s
[62.087s][info][gc,start     ] GC(141) Pause Young (Normal) (G1 Evacuation Pause)
[62.087s][info][gc,task      ] GC(141) Using 8 workers of 8 for evacuation
[62.088s][info][gc,phases    ] GC(141)   Pre Evacuate Collection Set: 0.0ms
[62.088s][info][gc,phases    ] GC(141)   Evacuate Collection Set: 0.2ms
[62.088s][info][gc,phases    ] GC(141)   Post Evacuate Collection Set: 0.2ms
[62.088s][info][gc,phases    ] GC(141)   Other: 0.1ms
[62.088s][info][gc,heap      ] GC(141) Eden regions: 255->0(255)
[62.088s][info][gc,heap      ] GC(141) Survivor regions: 1->1(32)
[62.088s][info][gc,heap      ] GC(141) Old regions: 6->6
[62.088s][info][gc,heap      ] GC(141) Humongous regions: 0->0
[62.088s][info][gc,metaspace ] GC(141) Metaspace: 14641K(15232K)->14641K(15232K) NonClass: 13396K(13824K)->13396K(13824K) Class: 1244K(1408K)->1244K(1408K)
[62.088s][info][gc           ] GC(141) Pause Young (Normal) (G1 Evacuation Pause) 4170M->90M(8192M) 0.531ms
[62.088s][info][gc,cpu       ] GC(141) User=0.00s Sys=0.00s Real=0.00s
[62.520s][info][gc,start     ] GC(142) Pause Young (Normal) (G1 Evacuation Pause)
[62.520s][info][gc,task      ] GC(142) Using 8 workers of 8 for evacuation
[62.521s][info][gc,phases    ] GC(142)   Pre Evacuate Collection Set: 0.0ms
[62.521s][info][gc,phases    ] GC(142)   Evacuate Collection Set: 0.1ms
[62.521s][info][gc,phases    ] GC(142)   Post Evacuate Collection Set: 0.2ms
[62.521s][info][gc,phases    ] GC(142)   Other: 0.1ms
[62.521s][info][gc,heap      ] GC(142) Eden regions: 255->0(255)
[62.521s][info][gc,heap      ] GC(142) Survivor regions: 1->1(32)
[62.521s][info][gc,heap      ] GC(142) Old regions: 6->6
[62.521s][info][gc,heap      ] GC(142) Humongous regions: 0->0
[62.521s][info][gc,metaspace ] GC(142) Metaspace: 14641K(15232K)->14641K(15232K) NonClass: 13396K(13824K)->13396K(13824K) Class: 1244K(1408K)->1244K(1408K)
[62.521s][info][gc           ] GC(142) Pause Young (Normal) (G1 Evacuation Pause) 4170M->90M(8192M) 0.501ms
[62.521s][info][gc,cpu       ] GC(142) User=0.00s Sys=0.00s Real=0.00s
[62.951s][info][gc,start     ] GC(143) Pause Young (Normal) (G1 Evacuation Pause)
[62.951s][info][gc,task      ] GC(143) Using 8 workers of 8 for evacuation
[62.952s][info][gc,phases    ] GC(143)   Pre Evacuate Collection Set: 0.0ms
[62.952s][info][gc,phases    ] GC(143)   Evacuate Collection Set: 0.2ms
[62.952s][info][gc,phases    ] GC(143)   Post Evacuate Collection Set: 0.3ms
[62.952s][info][gc,phases    ] GC(143)   Other: 0.4ms
[62.952s][info][gc,heap      ] GC(143) Eden regions: 255->0(255)
[62.952s][info][gc,heap      ] GC(143) Survivor regions: 1->1(32)
[62.952s][info][gc,heap      ] GC(143) Old regions: 6->6
[62.952s][info][gc,heap      ] GC(143) Humongous regions: 0->0
[62.952s][info][gc,metaspace ] GC(143) Metaspace: 14641K(15232K)->14641K(15232K) NonClass: 13396K(13824K)->13396K(13824K) Class: 1244K(1408K)->1244K(1408K)
[62.952s][info][gc           ] GC(143) Pause Young (Normal) (G1 Evacuation Pause) 4170M->90M(8192M) 0.899ms
[62.952s][info][gc,cpu       ] GC(143) User=0.00s Sys=0.00s Real=0.00s
[63.384s][info][gc,start     ] GC(144) Pause Young (Normal) (G1 Evacuation Pause)
[63.384s][info][gc,task      ] GC(144) Using 8 workers of 8 for evacuation
[63.384s][info][gc,phases    ] GC(144)   Pre Evacuate Collection Set: 0.0ms
[63.384s][info][gc,phases    ] GC(144)   Evacuate Collection Set: 0.1ms
[63.384s][info][gc,phases    ] GC(144)   Post Evacuate Collection Set: 0.2ms
[63.384s][info][gc,phases    ] GC(144)   Other: 0.1ms
[63.384s][info][gc,heap      ] GC(144) Eden regions: 255->0(255)
[63.384s][info][gc,heap      ] GC(144) Survivor regions: 1->1(32)
[63.384s][info][gc,heap      ] GC(144) Old regions: 6->6
[63.384s][info][gc,heap      ] GC(144) Humongous regions: 0->0
[63.384s][info][gc,metaspace ] GC(144) Metaspace: 14641K(15232K)->14641K(15232K) NonClass: 13396K(13824K)->13396K(13824K) Class: 1244K(1408K)->1244K(1408K)
[63.385s][info][gc           ] GC(144) Pause Young (Normal) (G1 Evacuation Pause) 4170M->90M(8192M) 0.526ms
[63.385s][info][gc,cpu       ] GC(144) User=0.00s Sys=0.00s Real=0.00s
[63.815s][info][gc,start     ] GC(145) Pause Young (Normal) (G1 Evacuation Pause)
[63.815s][info][gc,task      ] GC(145) Using 8 workers of 8 for evacuation
[63.816s][info][gc,phases    ] GC(145)   Pre Evacuate Collection Set: 0.0ms
[63.816s][info][gc,phases    ] GC(145)   Evacuate Collection Set: 0.2ms
[63.816s][info][gc,phases    ] GC(145)   Post Evacuate Collection Set: 0.3ms
[63.816s][info][gc,phases    ] GC(145)   Other: 0.1ms
[63.816s][info][gc,heap      ] GC(145) Eden regions: 255->0(255)
[63.816s][info][gc,heap      ] GC(145) Survivor regions: 1->1(32)
[63.816s][info][gc,heap      ] GC(145) Old regions: 6->6
[63.816s][info][gc,heap      ] GC(145) Humongous regions: 0->0
[63.816s][info][gc,metaspace ] GC(145) Metaspace: 14641K(15232K)->14641K(15232K) NonClass: 13396K(13824K)->13396K(13824K) Class: 1244K(1408K)->1244K(1408K)
[63.816s][info][gc           ] GC(145) Pause Young (Normal) (G1 Evacuation Pause) 4170M->90M(8192M) 0.724ms
[63.816s][info][gc,cpu       ] GC(145) User=0.00s Sys=0.00s Real=0.01s
[64.246s][info][gc,start     ] GC(146) Pause Young (Normal) (G1 Evacuation Pause)
[64.246s][info][gc,task      ] GC(146) Using 8 workers of 8 for evacuation
[64.246s][info][gc,phases    ] GC(146)   Pre Evacuate Collection Set: 0.0ms
[64.246s][info][gc,phases    ] GC(146)   Evacuate Collection Set: 0.1ms
[64.246s][info][gc,phases    ] GC(146)   Post Evacuate Collection Set: 0.2ms
[64.246s][info][gc,phases    ] GC(146)   Other: 0.1ms
[64.246s][info][gc,heap      ] GC(146) Eden regions: 255->0(255)
[64.246s][info][gc,heap      ] GC(146) Survivor regions: 1->1(32)
[64.246s][info][gc,heap      ] GC(146) Old regions: 6->6
[64.246s][info][gc,heap      ] GC(146) Humongous regions: 0->0
[64.246s][info][gc,metaspace ] GC(146) Metaspace: 14641K(15232K)->14641K(15232K) NonClass: 13396K(13824K)->13396K(13824K) Class: 1244K(1408K)->1244K(1408K)
[64.246s][info][gc           ] GC(146) Pause Young (Normal) (G1 Evacuation Pause) 4170M->90M(8192M) 0.486ms
[64.246s][info][gc,cpu       ] GC(146) User=0.00s Sys=0.00s Real=0.00s
[64.676s][info][gc,start     ] GC(147) Pause Young (Normal) (G1 Evacuation Pause)
[64.676s][info][gc,task      ] GC(147) Using 8 workers of 8 for evacuation
[64.677s][info][gc,phases    ] GC(147)   Pre Evacuate Collection Set: 0.0ms
[64.677s][info][gc,phases    ] GC(147)   Evacuate Collection Set: 0.2ms
[64.677s][info][gc,phases    ] GC(147)   Post Evacuate Collection Set: 0.2ms
[64.677s][info][gc,phases    ] GC(147)   Other: 0.1ms
[64.677s][info][gc,heap      ] GC(147) Eden regions: 255->0(255)
[64.677s][info][gc,heap      ] GC(147) Survivor regions: 1->1(32)
[64.677s][info][gc,heap      ] GC(147) Old regions: 6->6
[64.677s][info][gc,heap      ] GC(147) Humongous regions: 0->0
[64.677s][info][gc,metaspace ] GC(147) Metaspace: 14641K(15232K)->14641K(15232K) NonClass: 13396K(13824K)->13396K(13824K) Class: 1244K(1408K)->1244K(1408K)
[64.677s][info][gc           ] GC(147) Pause Young (Normal) (G1 Evacuation Pause) 4170M->90M(8192M) 0.567ms
[64.677s][info][gc,cpu       ] GC(147) User=0.00s Sys=0.00s Real=0.00s
[65.107s][info][gc,start     ] GC(148) Pause Young (Normal) (G1 Evacuation Pause)
[65.107s][info][gc,task      ] GC(148) Using 8 workers of 8 for evacuation
[65.107s][info][gc,phases    ] GC(148)   Pre Evacuate Collection Set: 0.0ms
[65.107s][info][gc,phases    ] GC(148)   Evacuate Collection Set: 0.1ms
[65.107s][info][gc,phases    ] GC(148)   Post Evacuate Collection Set: 0.2ms
[65.107s][info][gc,phases    ] GC(148)   Other: 0.1ms
[65.107s][info][gc,heap      ] GC(148) Eden regions: 255->0(255)
[65.107s][info][gc,heap      ] GC(148) Survivor regions: 1->1(32)
[65.107s][info][gc,heap      ] GC(148) Old regions: 6->6
[65.107s][info][gc,heap      ] GC(148) Humongous regions: 0->0
[65.107s][info][gc,metaspace ] GC(148) Metaspace: 14641K(15232K)->14641K(15232K) NonClass: 13396K(13824K)->13396K(13824K) Class: 1244K(1408K)->1244K(1408K)
[65.107s][info][gc           ] GC(148) Pause Young (Normal) (G1 Evacuation Pause) 4170M->90M(8192M) 0.510ms
[65.107s][info][gc,cpu       ] GC(148) User=0.00s Sys=0.00s Real=0.00s
[65.537s][info][gc,start     ] GC(149) Pause Young (Normal) (G1 Evacuation Pause)
[65.537s][info][gc,task      ] GC(149) Using 8 workers of 8 for evacuation
[65.538s][info][gc,phases    ] GC(149)   Pre Evacuate Collection Set: 0.0ms
[65.538s][info][gc,phases    ] GC(149)   Evacuate Collection Set: 0.1ms
[65.538s][info][gc,phases    ] GC(149)   Post Evacuate Collection Set: 0.2ms
[65.538s][info][gc,phases    ] GC(149)   Other: 0.1ms
[65.538s][info][gc,heap      ] GC(149) Eden regions: 255->0(255)
[65.538s][info][gc,heap      ] GC(149) Survivor regions: 1->1(32)
[65.538s][info][gc,heap      ] GC(149) Old regions: 6->6
[65.538s][info][gc,heap      ] GC(149) Humongous regions: 0->0
[65.538s][info][gc,metaspace ] GC(149) Metaspace: 14641K(15232K)->14641K(15232K) NonClass: 13396K(13824K)->13396K(13824K) Class: 1244K(1408K)->1244K(1408K)
[65.538s][info][gc           ] GC(149) Pause Young (Normal) (G1 Evacuation Pause) 4170M->90M(8192M) 0.523ms
[65.538s][info][gc,cpu       ] GC(149) User=0.01s Sys=0.00s Real=0.00s
[65.967s][info][gc,start     ] GC(150) Pause Young (Normal) (G1 Evacuation Pause)
[65.968s][info][gc,task      ] GC(150) Using 8 workers of 8 for evacuation
[65.968s][info][gc,phases    ] GC(150)   Pre Evacuate Collection Set: 0.0ms
[65.968s][info][gc,phases    ] GC(150)   Evacuate Collection Set: 0.1ms
[65.968s][info][gc,phases    ] GC(150)   Post Evacuate Collection Set: 0.2ms
[65.968s][info][gc,phases    ] GC(150)   Other: 0.1ms
[65.968s][info][gc,heap      ] GC(150) Eden regions: 255->0(255)
[65.968s][info][gc,heap      ] GC(150) Survivor regions: 1->1(32)
[65.968s][info][gc,heap      ] GC(150) Old regions: 6->6
[65.968s][info][gc,heap      ] GC(150) Humongous regions: 0->0
[65.968s][info][gc,metaspace ] GC(150) Metaspace: 14641K(15232K)->14641K(15232K) NonClass: 13396K(13824K)->13396K(13824K) Class: 1244K(1408K)->1244K(1408K)
[65.968s][info][gc           ] GC(150) Pause Young (Normal) (G1 Evacuation Pause) 4170M->90M(8192M) 0.507ms
[65.968s][info][gc,cpu       ] GC(150) User=0.00s Sys=0.01s Real=0.00s
[66.003s][info][gc,heap,exit ] Heap
[66.003s][info][gc,heap,exit ]  garbage-first heap   total 8388608K, used 387955K [0x00000005c0000000, 0x00000007c0000000)
[66.003s][info][gc,heap,exit ]   region size 16384K, 20 young (327680K), 1 survivors (16384K)
[66.003s][info][gc,heap,exit ]  Metaspace       used 14691K, capacity 15052K, committed 15232K, reserved 1062912K
[66.003s][info][gc,heap,exit ]   class space    used 1251K, capacity 1380K, committed 1408K, reserved 1048576K
